Archive member included to satisfy reference by file (symbol)

/n64_toolchain/mips64-elf/lib/libdragon.a(entrypoint.o)
                              (_start)
/n64_toolchain/mips64-elf/lib/libdragon.a(debug.o)
                              /n64_toolchain/mips64-elf/lib/libdragon.a(entrypoint.o) (debug_assert_func)
/n64_toolchain/mips64-elf/lib/libdragon.a(usb.o)
                              /n64_toolchain/mips64-elf/lib/libdragon.a(debug.o) (usb_write)
/n64_toolchain/mips64-elf/lib/libdragon.a(cart.o)
                              /n64_toolchain/mips64-elf/lib/libdragon.a(debug.o) (cart_init)
/n64_toolchain/mips64-elf/lib/libdragon.a(ff.o)
                              /n64_toolchain/mips64-elf/lib/libdragon.a(debug.o) (f_mount)
/n64_toolchain/mips64-elf/lib/libdragon.a(ffunicode.o)
                              /n64_toolchain/mips64-elf/lib/libdragon.a(ff.o) (ff_uni2oem)
/n64_toolchain/mips64-elf/lib/libdragon.a(console.o)
                              /n64_toolchain/mips64-elf/lib/libdragon.a(debug.o) (console_set_render_mode)
/n64_toolchain/mips64-elf/lib/libdragon.a(graphics.o)
                              /n64_toolchain/mips64-elf/lib/libdragon.a(console.o) (graphics_set_color)
/n64_toolchain/mips64-elf/lib/libdragon.a(dma.o)
                              /n64_toolchain/mips64-elf/lib/libdragon.a(debug.o) (io_accessible)
/n64_toolchain/mips64-elf/lib/libdragon.a(do_ctors.o)
                              /n64_toolchain/mips64-elf/lib/libdragon.a(entrypoint.o) (__wrap___do_global_ctors)
/n64_toolchain/mips64-elf/lib/libdragon.a(n64sys.o)
                              /n64_toolchain/mips64-elf/lib/libdragon.a(entrypoint.o) (__bbplayer)
/n64_toolchain/mips64-elf/lib/libdragon.a(interrupt.o)
                              /n64_toolchain/mips64-elf/lib/libdragon.a(dma.o) (disable_interrupts)
/n64_toolchain/mips64-elf/lib/libdragon.a(backtrace.o)
                              /n64_toolchain/mips64-elf/lib/libdragon.a(debug.o) (backtrace)
/n64_toolchain/mips64-elf/lib/libdragon.a(inthandler.o)
                              /n64_toolchain/mips64-elf/lib/libdragon.a(entrypoint.o) (inthandler)
/n64_toolchain/mips64-elf/lib/libdragon.a(rompak.o)
                              /n64_toolchain/mips64-elf/lib/libdragon.a(backtrace.o) (rompak_search_ext)
/n64_toolchain/mips64-elf/lib/libdragon.a(display.o)
                              /n64_toolchain/mips64-elf/lib/libdragon.a(console.o) (display_init)
/n64_toolchain/mips64-elf/lib/libdragon.a(surface.o)
                              /n64_toolchain/mips64-elf/lib/libdragon.a(display.o) (surface_alloc)
/n64_toolchain/mips64-elf/lib/libdragon.a(exception.o)
                              /n64_toolchain/mips64-elf/lib/libdragon.a(inthandler.o) (__onCriticalException)
/n64_toolchain/mips64-elf/lib/libdragonsys.a(system.o)
                              /n64_toolchain/mips64-elf/lib/libdragon.a(debug.o) (attach_filesystem)
/n64_toolchain/lib/gcc/mips64-elf/13.1.0/../../../../mips64-elf/lib/libdragon.a(dragonfs.o)
                              build/text.o (dfs_open)
/n64_toolchain/lib/gcc/mips64-elf/13.1.0/../../../../mips64-elf/lib/libdragon.a(controller.o)
                              build/main.o (controller_init)
/n64_toolchain/lib/gcc/mips64-elf/13.1.0/../../../../mips64-elf/lib/libdragon.a(timer.o)
                              build/main.o (timer_init)
/n64_toolchain/lib/gcc/mips64-elf/13.1.0/../../../../mips64-elf/lib/libdragon.a(joybus.o)
                              /n64_toolchain/lib/gcc/mips64-elf/13.1.0/../../../../mips64-elf/lib/libdragon.a(controller.o) (joybus_exec_async)
/n64_toolchain/lib/gcc/mips64-elf/13.1.0/../../../../mips64-elf/lib/libc.a(libc_a-memset.o)
                              /n64_toolchain/mips64-elf/lib/libdragon.a(debug.o) (memset)
/n64_toolchain/lib/gcc/mips64-elf/13.1.0/../../../../mips64-elf/lib/libc.a(libc_a-memcpy.o)
                              /n64_toolchain/mips64-elf/lib/libdragon.a(usb.o) (memcpy)
/n64_toolchain/lib/gcc/mips64-elf/13.1.0/../../../../mips64-elf/lib/libc.a(libc_a-malign.o)
                              /n64_toolchain/mips64-elf/lib/libdragon.a(n64sys.o) (memalign)
/n64_toolchain/lib/gcc/mips64-elf/13.1.0/../../../../mips64-elf/lib/libc.a(libc_a-malignr.o)
                              /n64_toolchain/lib/gcc/mips64-elf/13.1.0/../../../../mips64-elf/lib/libc.a(libc_a-malign.o) (_memalign_r)
/n64_toolchain/lib/gcc/mips64-elf/13.1.0/../../../../mips64-elf/lib/libc.a(libc_a-sprintf.o)
                              build/main.o (sprintf)
/n64_toolchain/lib/gcc/mips64-elf/13.1.0/../../../../mips64-elf/lib/libc.a(libc_a-abort.o)
                              /n64_toolchain/mips64-elf/lib/libdragon.a(debug.o) (abort)
/n64_toolchain/lib/gcc/mips64-elf/13.1.0/../../../../mips64-elf/lib/libc.a(libc_a-setvbuf.o)
                              /n64_toolchain/mips64-elf/lib/libdragon.a(debug.o) (setvbuf)
/n64_toolchain/lib/gcc/mips64-elf/13.1.0/../../../../mips64-elf/lib/libc.a(libc_a-snprintf.o)
[...]
Memory Configuration

Name             Origin             Length             Attributes
mem              0x80000000         0x00400000
*default*        0x00000000         0xffffffff

Linker script and memory map

LOAD /n64_toolchain/lib/gcc/mips64-elf/13.1.0/crti.o
LOAD /n64_toolchain/lib/gcc/mips64-elf/13.1.0/crtbegin.o
LOAD /n64_toolchain/mips64-elf/lib/libdragon.a
LOAD /n64_toolchain/mips64-elf/lib/libdragonsys.a
LOAD build/text.o
LOAD build/fps.o
LOAD build/main.o
LOAD build/gfx.o
LOAD /n64_toolchain/lib/gcc/mips64-elf/13.1.0/../../../../mips64-elf/lib/libdragon.a
LOAD /n64_toolchain/lib/gcc/mips64-elf/13.1.0/../../../../mips64-elf/lib/libm.a
LOAD /n64_toolchain/lib/gcc/mips64-elf/13.1.0/../../../../mips64-elf/lib/libdragonsys.a
                0x80000000                        __kseg0_start = 0x80000000
                0x80000400                        __libdragon_text_start = (__kseg0_start + 0x400)

.text           0x80000400    0x14ad0
 *(.boot)
 .boot          0x80000400      0x188 /n64_toolchain/mips64-elf/lib/libdragon.a(entrypoint.o)
                0x80000400                _start
                0x80000590                        . = ALIGN (0x10)
 *fill*         0x80000588        0x8 
                0x80000590                        __text_start = .
 *(.text)
 *fill*         0x80000590       0x10 
 .text          0x800005a0      0x360 /n64_toolchain/mips64-elf/lib/libdragon.a(inthandler.o)
                0x800005a0                inthandler
                0x80000900                inthandler_end
 .text          0x80000900      0x11c /n64_toolchain/lib/gcc/mips64-elf/13.1.0/../../../../mips64-elf/lib/libc.a(libc_a-memset.o)
                0x80000900                memset
 .text          0x80000a1c      0x370 /n64_toolchain/lib/gcc/mips64-elf/13.1.0/../../../../mips64-elf/lib/libc.a(libc_a-memcpy.o)
                0x80000a1c                memcpy
 *fill*         0x80000d8c        0x4 
 .text          0x80000d90       0x18 /n64_toolchain/lib/gcc/mips64-elf/13.1.0/../../../../mips64-elf/lib/libc.a(libc_a-malign.o)
                0x80000d90                memalign
 .text          0x80000da8      0x1f8 /n64_toolchain/lib/gcc/mips64-elf/13.1.0/../../../../mips64-elf/lib/libc.a(libc_a-malignr.o)
                0x80000da8                _memalign_r
 .text          0x80000fa0       0xd8 /n64_toolchain/lib/gcc/mips64-elf/13.1.0/../../../../mips64-elf/lib/libc.a(libc_a-sprintf.o)
                0x80000fa0                _sprintf_r
                0x80001008                sprintf
 .text          0x80001078       0x18 /n64_toolchain/lib/gcc/mips64-elf/13.1.0/../../../../mips64-elf/lib/libc.a(libc_a-abort.o)
                0x80001078                abort
 .text          0x80001090      0x1c8 /n64_toolchain/lib/gcc/mips64-elf/13.1.0/../../../../mips64-elf/lib/libc.a(libc_a-snprintf.o)
                0x80001090                _snprintf_r
                0x80001170                snprintf
 .text          0x80001258     0x1fb0 /n64_toolchain/lib/gcc/mips64-elf/13.1.0/../../../../mips64-elf/lib/libc.a(libc_a-svfprintf.o)
                0x80001258                _svfprintf_r
 .text          0x80003208      0x480 /n64_toolchain/lib/gcc/mips64-elf/13.1.0/../../../../mips64-elf/lib/libc.a(libc_a-freer.o)
                0x80003208                _malloc_trim_r
                0x80003348                _free_r
 .text          0x80003688     0x1658 /n64_toolchain/lib/gcc/mips64-elf/13.1.0/../../../../mips64-elf/lib/libc.a(libc_a-dtoa.o)
                0x800038d8                _dtoa_r
 .text          0x80004ce0       0x20 /n64_toolchain/lib/gcc/mips64-elf/13.1.0/../../../../mips64-elf/lib/libc.a(libc_a-malloc.o)
                0x80004ce0                malloc
                0x80004cf0                free
 .text          0x80004d00      0x140 /n64_toolchain/lib/gcc/mips64-elf/13.1.0/../../../../mips64-elf/lib/libc.a(libc_a-memmove.o)
                0x80004d00                memmove
 .text          0x80004e40      0x888 /n64_toolchain/lib/gcc/mips64-elf/13.1.0/../../../../mips64-elf/lib/libc.a(libc_a-mallocr.o)
                0x80004e40                _malloc_r
 .text          0x800056c8       0xa8 /n64_toolchain/lib/gcc/mips64-elf/13.1.0/../../../../mips64-elf/lib/libc.a(libc_a-strcpy.o)
                0x800056c8                strcpy
 .text          0x80005770     0x21e8 /n64_toolchain/lib/gcc/mips64-elf/13.1.0/../../../../mips64-elf/lib/libc.a(libc_a-vfprintf.o)
                0x80005770                _vfprintf_r
                0x80007870                vfprintf
 .text          0x80007958      0x570 /n64_toolchain/lib/gcc/mips64-elf/13.1.0/../../../../mips64-elf/lib/libc.a(libc_a-signal.o)
                0x80007958                _init_signal_r
                0x800079c0                _signal_r
                0x80007a60                _raise_r
                0x80007b18                __sigtramp_r
                0x80007c08                raise
                0x80007cd0                signal
                0x80007d70                _init_signal
                0x80007de0                __sigtramp
 .text          0x80007ec8      0x338 /n64_toolchain/lib/gcc/mips64-elf/13.1.0/../../../../mips64-elf/lib/libc.a(libc_a-fflush.o)
                0x80007ec8                __sflush_r
                0x80008120                _fflush_r
                0x80008180                fflush
 .text          0x80008200       0x10 /n64_toolchain/lib/gcc/mips64-elf/13.1.0/../../../../mips64-elf/lib/libc.a(libc_a-mlock.o)
                0x80008200                __malloc_lock
                0x80008208                __malloc_unlock
 .text          0x80008210     0x1390 /n64_toolchain/lib/gcc/mips64-elf/13.1.0/../../../../mips64-elf/lib/libc.a(libc_a-vfiprintf.o)
                0x80008348                __sprint_r
                0x80008368                _vfiprintf_r
                0x800094b8                vfiprintf
 .text          0x800095a0       0x68 /n64_toolchain/lib/gcc/mips64-elf/13.1.0/../../../../mips64-elf/lib/libc.a(libc_a-fprintf.o)
                0x800095a0                _fprintf_r
                0x800095c8                fprintf
 .text          0x80009608     0x1438 /n64_toolchain/lib/gcc/mips64-elf/13.1.0/../../../../mips64-elf/lib/libc.a(libc_a-mprec.o)
                0x80009608                _Balloc
                0x800096b8                _Bfree
                0x800096e8                __multadd
                0x80009848                __s2b
                0x800099c8                __hi0bits
                0x80009a50                __lo0bits
                0x80009b18                __i2b
                0x80009bf0                __multiply
                0x80009e80                __pow5mult
                0x80009fe8                __lshift
                0x8000a1a0                __mcmp
                0x8000a208                __mdiff
                0x8000a490                __ulp
                0x8000a540                __b2d
                0x8000a6d8                __d2b
                0x8000a838                __ratio
                0x8000a8f8                _mprec_log10
                0x8000a938                __copybits
                0x8000a9c0                __any_on
 .text          0x8000aa40       0x98 /n64_toolchain/lib/gcc/mips64-elf/13.1.0/../../../../mips64-elf/lib/libc.a(libc_a-strcat.o)
                0x8000aa40                strcat
 .text          0x8000aad8       0xd0 /n64_toolchain/lib/gcc/mips64-elf/13.1.0/../../../../mips64-elf/lib/libc.a(libc_a-fputc.o)
                0x8000aad8                _fputc_r
                0x8000ab38                fputc
 .text          0x8000aba8      0x570 /n64_toolchain/lib/gcc/mips64-elf/13.1.0/../../../../mips64-elf/lib/libc.a(libc_a-fvwrite.o)
                0x8000aba8                __sfvwrite_r
 .text          0x8000b118       0xc0 /n64_toolchain/lib/gcc/mips64-elf/13.1.0/../../../../mips64-elf/lib/libc.a(libc_a-fwalk.o)
                0x8000b118                _fwalk_sglue
 .text          0x8000b1d8      0x1f8 /n64_toolchain/lib/gcc/mips64-elf/13.1.0/../../../../mips64-elf/lib/libc.a(libc_a-fwrite.o)
                0x8000b1d8                _fwrite_r
                0x8000b2e0                fwrite
 .text          0x8000b3d0      0x3a8 /n64_toolchain/lib/gcc/mips64-elf/13.1.0/../../../../mips64-elf/lib/libc.a(libc_a-findfp.o)
                0x8000b5c8                __sfp
                0x8000b708                __sinit
                0x8000b738                __sfp_lock_acquire
                0x8000b740                __sfp_lock_release
                0x8000b748                __fp_lock_all
                0x8000b760                __fp_unlock_all
 .text          0x8000b778      0x5d0 /n64_toolchain/lib/gcc/mips64-elf/13.1.0/../../../../mips64-elf/lib/libc.a(libc_a-reallocr.o)
                0x8000b778                _realloc_r
 .text          0x8000bd48      0x1b8 /n64_toolchain/lib/gcc/mips64-elf/13.1.0/../../../../mips64-elf/lib/libc.a(libc_a-fputwc.o)
                0x8000bd48                __fputwc
                0x8000be60                _fputwc_r
                0x8000be88                fputwc
 .text          0x8000bf00      0x120 /n64_toolchain/lib/gcc/mips64-elf/13.1.0/../../../../mips64-elf/lib/libc.a(libc_a-locale.o)
                0x8000bf00                _setlocale_r
                0x8000bf88                __locale_mb_cur_max
                0x8000bf98                setlocale
 .text          0x8000c020       0x28 /n64_toolchain/lib/gcc/mips64-elf/13.1.0/../../../../mips64-elf/lib/libc.a(libc_a-localeconv.o)
                0x8000c020                __localeconv_l
                0x8000c028                _localeconv_r
                0x8000c038                localeconv
 .text          0x8000c048       0x48 /n64_toolchain/lib/gcc/mips64-elf/13.1.0/../../../../mips64-elf/lib/libc.a(libc_a-wctomb_r.o)
                0x8000c048                _wctomb_r
                0x8000c058                __ascii_wctomb
 .text          0x8000c090       0x60 /n64_toolchain/lib/gcc/mips64-elf/13.1.0/../../../../mips64-elf/lib/libc.a(libc_a-signalr.o)
                0x8000c090                _kill_r
                0x8000c0e8                _getpid_r
 .text          0x8000c0f0       0x50 /n64_toolchain/lib/gcc/mips64-elf/13.1.0/../../../../mips64-elf/lib/libc.a(libc_a-sbrkr.o)
                0x8000c0f0                _sbrk_r
 .text          0x8000c140       0x18 /n64_toolchain/lib/gcc/mips64-elf/13.1.0/../../../../mips64-elf/lib/libc.a(libc_a-strlen.o)
                0x8000c140                strlen
 .text          0x8000c158      0x240 /n64_toolchain/lib/gcc/mips64-elf/13.1.0/../../../../mips64-elf/lib/libc.a(libc_a-strcmp.o)
                0x8000c158                strcmp
 .text          0x8000c398      0x258 /n64_toolchain/lib/gcc/mips64-elf/13.1.0/../../../../mips64-elf/lib/libc.a(libc_a-makebuf.o)
                0x8000c398                __smakebuf_r
                0x8000c540                __swhatbuf_r
 .text          0x8000c5f0      0x160 /n64_toolchain/lib/gcc/mips64-elf/13.1.0/../../../../mips64-elf/lib/libc.a(libc_a-putc.o)
                0x8000c5f0                _putc_r
                0x8000c698                putc
 .text          0x8000c750      0x118 /n64_toolchain/lib/gcc/mips64-elf/13.1.0/../../../../mips64-elf/lib/libc.a(libc_a-wcrtomb.o)
                0x8000c750                _wcrtomb_r
                0x8000c7d0                wcrtomb
 .text          0x8000c868      0x190 /n64_toolchain/lib/gcc/mips64-elf/13.1.0/../../../../mips64-elf/lib/libc.a(libc_a-stdio.o)
                0x8000c868                __sread
                0x8000c8c0                __seofread
                0x8000c8c8                __swrite
                0x8000c988                __sseek
                0x8000c9f0                __sclose
 .text          0x8000c9f8     0x1118 /n64_toolchain/lib/gcc/mips64-elf/13.1.0/../../../../mips64-elf/lib/libc.a(libc_a-svfiprintf.o)
                0x8000c9f8                __ssprint_r
                0x8000cc40                _svfiprintf_r
 .text          0x8000db10      0x120 /n64_toolchain/lib/gcc/mips64-elf/13.1.0/../../../../mips64-elf/lib/libc.a(libc_a-callocr.o)
                0x8000db10                _calloc_r
 .text          0x8000dc30       0xf8 /n64_toolchain/lib/gcc/mips64-elf/13.1.0/../../../../mips64-elf/lib/libc.a(libc_a-memchr.o)
                0x8000dc30                memchr
 .text          0x8000dd28      0x170 /n64_toolchain/lib/gcc/mips64-elf/13.1.0/../../../../mips64-elf/lib/libc.a(libc_a-wsetup.o)
                0x8000dd28                __swsetup_r
 .text          0x8000de98      0x1b8 /n64_toolchain/lib/gcc/mips64-elf/13.1.0/../../../../mips64-elf/lib/libc.a(libc_a-wbuf.o)
                0x8000de98                __swbuf_r
                0x8000e038                __swbuf
 .text          0x8000e050      0x140 /n64_toolchain/lib/gcc/mips64-elf/13.1.0/../../../../mips64-elf/lib/libc.a(libc_a-fclose.o)
                0x8000e050                _fclose_r
                0x8000e180                fclose
 .text          0x8000e190       0x70 /n64_toolchain/lib/gcc/mips64-elf/13.1.0/../../../../mips64-elf/lib/libc.a(libc_a-mbtowc_r.o)
                0x8000e190                _mbtowc_r
                0x8000e1a0                __ascii_mbtowc
 .text          0x8000e200       0x58 /n64_toolchain/lib/gcc/mips64-elf/13.1.0/../../../../mips64-elf/lib/libc.a(libc_a-fstatr.o)
                0x8000e200                _fstat_r
 .text          0x8000e258       0x50 /n64_toolchain/lib/gcc/mips64-elf/13.1.0/../../../../mips64-elf/lib/libc.a(libc_a-isattyr.o)
                0x8000e258                _isatty_r
 .text          0x8000e2a8       0x50 /n64_toolchain/lib/gcc/mips64-elf/13.1.0/../../../../mips64-elf/lib/libc.a(libc_a-closer.o)
                0x8000e2a8                _close_r
 .text          0x8000e2f8       0x60 /n64_toolchain/lib/gcc/mips64-elf/13.1.0/../../../../mips64-elf/lib/libc.a(libc_a-lseekr.o)
                0x8000e2f8                _lseek_r
 .text          0x8000e358       0x60 /n64_toolchain/lib/gcc/mips64-elf/13.1.0/../../../../mips64-elf/lib/libc.a(libc_a-readr.o)
                0x8000e358                _read_r
 .text          0x8000e3b8       0x60 /n64_toolchain/lib/gcc/mips64-elf/13.1.0/../../../../mips64-elf/lib/libc.a(libc_a-writer.o)
                0x8000e3b8                _write_r
 .text          0x8000e418        0x8 /n64_toolchain/lib/gcc/mips64-elf/13.1.0/../../../../mips64-elf/lib/libc.a(libc_a-errno.o)
                0x8000e418                __errno
 *(.text.*)
 .text.debug_assert_func_f
                0x8000e420      0x180 /n64_toolchain/mips64-elf/lib/libdragon.a(debug.o)
                0x8000e420                debug_assert_func_f
 .text.debug_assert_func
                0x8000e5a0       0x20 /n64_toolchain/mips64-elf/lib/libdragon.a(debug.o)
                0x8000e5a0                debug_assert_func
 .text.__console_render.part.0
                0x8000e5c0      0x100 /n64_toolchain/mips64-elf/lib/libdragon.a(console.o)
 .text.__console_write
                0x8000e6c0      0x2c0 /n64_toolchain/mips64-elf/lib/libdragon.a(console.o)
 .text.console_set_render_mode
                0x8000e980       0x20 /n64_toolchain/mips64-elf/lib/libdragon.a(console.o)
                0x8000e980                console_set_render_mode
 .text.console_init
                0x8000e9a0       0xe0 /n64_toolchain/mips64-elf/lib/libdragon.a(console.o)
                0x8000e9a0                console_init
 .text.console_close
                0x8000ea80       0x60 /n64_toolchain/mips64-elf/lib/libdragon.a(console.o)
                0x8000ea80                console_close
 .text.console_render
                0x8000eae0       0x40 /n64_toolchain/mips64-elf/lib/libdragon.a(console.o)
                0x8000eae0                console_render
 .text.console_set_debug
                0x8000eb20       0x20 /n64_toolchain/mips64-elf/lib/libdragon.a(console.o)
                0x8000eb20                console_set_debug
 .text.graphics_draw_character.part.0
                0x8000eb40      0x2c0 /n64_toolchain/mips64-elf/lib/libdragon.a(graphics.o)
 .text.graphics_make_color
                0x8000ee00       0xc0 /n64_toolchain/mips64-elf/lib/libdragon.a(graphics.o)
                0x8000ee00                graphics_make_color
 .text.graphics_set_color
                0x8000eec0       0x20 /n64_toolchain/mips64-elf/lib/libdragon.a(graphics.o)
                0x8000eec0                graphics_set_color
 .text.graphics_fill_screen
                0x8000eee0       0x80 /n64_toolchain/mips64-elf/lib/libdragon.a(graphics.o)
                0x8000eee0                graphics_fill_screen
 .text.graphics_set_default_font
                0x8000ef60       0x80 /n64_toolchain/mips64-elf/lib/libdragon.a(graphics.o)
                0x8000ef60                graphics_set_default_font
 .text.graphics_set_font_sprite
                0x8000efe0       0x60 /n64_toolchain/mips64-elf/lib/libdragon.a(graphics.o)
                0x8000efe0                graphics_set_font_sprite
 .text.graphics_draw_character
                0x8000f040       0x20 /n64_toolchain/mips64-elf/lib/libdragon.a(graphics.o)
                0x8000f040                graphics_draw_character
 .text.dma_read_raw_async
                0x8000f060       0xa0 /n64_toolchain/mips64-elf/lib/libdragon.a(dma.o)
                0x8000f060                dma_read_raw_async
 .text.dma_read_async
                0x8000f100      0x3a0 /n64_toolchain/mips64-elf/lib/libdragon.a(dma.o)
                0x8000f100                dma_read_async
 .text.dma_read
                0x8000f4a0       0x40 /n64_toolchain/mips64-elf/lib/libdragon.a(dma.o)
                0x8000f4a0                dma_read
 .text.io_read  0x8000f4e0       0x60 /n64_toolchain/mips64-elf/lib/libdragon.a(dma.o)
                0x8000f4e0                io_read
 .text.__register_frame_info
                0x8000f540       0x20 /n64_toolchain/mips64-elf/lib/libdragon.a(do_ctors.o)
                0x8000f540                __register_frame_info
 .text.__wrap___do_global_ctors
                0x8000f560       0xe0 /n64_toolchain/mips64-elf/lib/libdragon.a(do_ctors.o)
                0x8000f560                __wrap___do_global_ctors
 .text.sys_bbplayer
                0x8000f640       0x20 /n64_toolchain/mips64-elf/lib/libdragon.a(n64sys.o)
                0x8000f640                sys_bbplayer
 .text.data_cache_hit_writeback
                0x8000f660       0x60 /n64_toolchain/mips64-elf/lib/libdragon.a(n64sys.o)
                0x8000f660                data_cache_hit_writeback
 .text.__data_cache_hit_invalidate
                0x8000f6c0       0x60 /n64_toolchain/mips64-elf/lib/libdragon.a(n64sys.o)
                0x8000f6c0                __data_cache_hit_invalidate
 .text.data_cache_hit_writeback_invalidate
                0x8000f720       0x60 /n64_toolchain/mips64-elf/lib/libdragon.a(n64sys.o)
                0x8000f720                data_cache_hit_writeback_invalidate
 .text.malloc_uncached_aligned
                0x8000f780       0xc0 /n64_toolchain/mips64-elf/lib/libdragon.a(n64sys.o)
                0x8000f780                malloc_uncached_aligned
 .text.free_uncached
                0x8000f840       0x20 /n64_toolchain/mips64-elf/lib/libdragon.a(n64sys.o)
                0x8000f840                free_uncached
 .text.get_memory_size
                0x8000f860       0x60 /n64_toolchain/mips64-elf/lib/libdragon.a(n64sys.o)
                0x8000f860                get_memory_size
 .text.get_tv_type
                0x8000f8c0       0x20 /n64_toolchain/mips64-elf/lib/libdragon.a(n64sys.o)
                0x8000f8c0                get_tv_type
 .text.startup.__init_cop1
                0x8000f8e0       0x40 /n64_toolchain/mips64-elf/lib/libdragon.a(n64sys.o)
                0x8000f8e0                __init_cop1
 .text.__MI_handler
                0x8000f920      0x220 /n64_toolchain/mips64-elf/lib/libdragon.a(interrupt.o)
                0x8000f920                __MI_handler
 .text.__TI_handler
                0x8000fb40       0x60 /n64_toolchain/mips64-elf/lib/libdragon.a(interrupt.o)
                0x8000fb40                __TI_handler
 .text.__CART_handler
                0x8000fba0       0xa0 /n64_toolchain/mips64-elf/lib/libdragon.a(interrupt.o)
                0x8000fba0                __CART_handler
 .text.__RESET_handler
                0x8000fc40       0x60 /n64_toolchain/mips64-elf/lib/libdragon.a(interrupt.o)
                0x8000fc40                __RESET_handler
 .text.register_VI_handler
                0x8000fca0       0x60 /n64_toolchain/mips64-elf/lib/libdragon.a(interrupt.o)
                0x8000fca0                register_VI_handler
 .text.unregister_VI_handler
                0x8000fd00       0x60 /n64_toolchain/mips64-elf/lib/libdragon.a(interrupt.o)
                0x8000fd00                unregister_VI_handler
 .text.register_SI_handler
                0x8000fd60       0x60 /n64_toolchain/mips64-elf/lib/libdragon.a(interrupt.o)
                0x8000fd60                register_SI_handler
 .text.register_TI_handler
                0x8000fdc0       0x60 /n64_toolchain/mips64-elf/lib/libdragon.a(interrupt.o)
                0x8000fdc0                register_TI_handler
 .text.set_VI_interrupt
                0x8000fe20       0x40 /n64_toolchain/mips64-elf/lib/libdragon.a(interrupt.o)
                0x8000fe20                set_VI_interrupt
 .text.set_SI_interrupt
                0x8000fe60       0x40 /n64_toolchain/mips64-elf/lib/libdragon.a(interrupt.o)
                0x8000fe60                set_SI_interrupt
 .text.set_TI_interrupt
                0x8000fea0       0x40 /n64_toolchain/mips64-elf/lib/libdragon.a(interrupt.o)
                0x8000fea0                set_TI_interrupt
 .text.startup.__init_interrupts
                0x8000fee0       0x40 /n64_toolchain/mips64-elf/lib/libdragon.a(interrupt.o)
                0x8000fee0                __init_interrupts
 .text.disable_interrupts
                0x8000ff20       0x60 /n64_toolchain/mips64-elf/lib/libdragon.a(interrupt.o)
                0x8000ff20                disable_interrupts
 .text.enable_interrupts
                0x8000ff80       0x80 /n64_toolchain/mips64-elf/lib/libdragon.a(interrupt.o)
                0x8000ff80                enable_interrupts
 .text.rompak_search_ext
                0x80010000      0x1e0 /n64_toolchain/mips64-elf/lib/libdragon.a(rompak.o)
                0x80010000                rompak_search_ext
 .text.__display_callback
                0x800101e0       0xc0 /n64_toolchain/mips64-elf/lib/libdragon.a(display.o)
 .text.display_show.part.0
                0x800102a0      0x140 /n64_toolchain/mips64-elf/lib/libdragon.a(display.o)
 .text.display_init
                0x800103e0      0x600 /n64_toolchain/mips64-elf/lib/libdragon.a(display.o)
                0x800103e0                display_init
 .text.display_close
                0x800109e0      0x100 /n64_toolchain/mips64-elf/lib/libdragon.a(display.o)
                0x800109e0                display_close
 .text.display_lock
                0x80010ae0       0xe0 /n64_toolchain/mips64-elf/lib/libdragon.a(display.o)
                0x80010ae0                display_lock
 .text.display_show
                0x80010bc0       0x20 /n64_toolchain/mips64-elf/lib/libdragon.a(display.o)
                0x80010bc0                display_show
 .text.display_show_force
                0x80010be0       0x40 /n64_toolchain/mips64-elf/lib/libdragon.a(display.o)
                0x80010be0                display_show_force
 .text.display_get_bitdepth
                0x80010c20       0x20 /n64_toolchain/mips64-elf/lib/libdragon.a(display.o)
                0x80010c20                display_get_bitdepth
 .text.surface_alloc
                0x80010c40       0xe0 /n64_toolchain/mips64-elf/lib/libdragon.a(surface.o)
                0x80010c40                surface_alloc
 .text.surface_free
                0x80010d20       0x80 /n64_toolchain/mips64-elf/lib/libdragon.a(surface.o)
                0x80010d20                surface_free
 .text.exception_default_handler
                0x80010da0      0x820 /n64_toolchain/mips64-elf/lib/libdragon.a(exception.o)
                0x80010da0                exception_default_handler
 .text.__get_exception_name.isra.0
                0x800115c0      0x1c0 /n64_toolchain/mips64-elf/lib/libdragon.a(exception.o)
 .text.register_exception_handler
                0x80011780       0x20 /n64_toolchain/mips64-elf/lib/libdragon.a(exception.o)
                0x80011780                register_exception_handler
 .text.__onCriticalException
                0x800117a0       0x60 /n64_toolchain/mips64-elf/lib/libdragon.a(exception.o)
                0x800117a0                __onCriticalException
 .text.__onSyscallException
                0x80011800      0x140 /n64_toolchain/mips64-elf/lib/libdragon.a(exception.o)
                0x80011800                __onSyscallException
 .text.attach_filesystem
                0x80011940      0x200 /n64_toolchain/mips64-elf/lib/libdragonsys.a(system.o)
                0x80011940                attach_filesystem
 .text.close    0x80011b40      0x120 /n64_toolchain/mips64-elf/lib/libdragonsys.a(system.o)
                0x80011b40                close
 .text._exit    0x80011c60       0x20 /n64_toolchain/mips64-elf/lib/libdragonsys.a(system.o)
                0x80011c60                _exit
 .text.fstat    0x80011c80      0x100 /n64_toolchain/mips64-elf/lib/libdragonsys.a(system.o)
                0x80011c80                fstat
 .text.getpid   0x80011d80       0x20 /n64_toolchain/mips64-elf/lib/libdragonsys.a(system.o)
                0x80011d80                getpid
 .text.isatty   0x80011da0       0x40 /n64_toolchain/mips64-elf/lib/libdragonsys.a(system.o)
                0x80011da0                isatty
 .text.kill     0x80011de0       0x20 /n64_toolchain/mips64-elf/lib/libdragonsys.a(system.o)
                0x80011de0                kill
 .text.lseek    0x80011e00      0x100 /n64_toolchain/mips64-elf/lib/libdragonsys.a(system.o)
                0x80011e00                lseek
 .text.read     0x80011f00      0x140 /n64_toolchain/mips64-elf/lib/libdragonsys.a(system.o)
                0x80011f00                read
 .text.sbrk     0x80012040       0xc0 /n64_toolchain/mips64-elf/lib/libdragonsys.a(system.o)
                0x80012040                sbrk
 .text.write    0x80012100      0x140 /n64_toolchain/mips64-elf/lib/libdragonsys.a(system.o)
                0x80012100                write
 .text.hook_stdio_calls
                0x80012240       0x60 /n64_toolchain/mips64-elf/lib/libdragonsys.a(system.o)
                0x80012240                hook_stdio_calls
 .text.unhook_stdio_calls
                0x800122a0       0x80 /n64_toolchain/mips64-elf/lib/libdragonsys.a(system.o)
                0x800122a0                unhook_stdio_calls
 .text.__assert_func
                0x80012320       0x20 /n64_toolchain/mips64-elf/lib/libdragonsys.a(system.o)
                0x80012320                __assert_func
 .text.text_init
                0x80012340       0xc0 build/text.o
                0x80012340                text_init
 .text.text_set_font
                0x80012400       0x40 build/text.o
                0x80012400                text_set_font
 .text.text_get_line_width
                0x80012440       0x60 build/text.o
                0x80012440                text_get_line_width
 .text.text_draw
                0x800124a0      0x180 build/text.o
                0x800124a0                text_draw
 .text.text_get_max_chars_line
                0x80012620       0xe0 build/text.o
                0x80012620                text_get_max_chars_line
 .text.text_draw_wordwrap
                0x80012700      0x160 build/text.o
                0x80012700                text_draw_wordwrap
 .text.fps_tick
                0x80012860       0xa0 build/fps.o
                0x80012860                fps_tick
 .text.fps_draw
                0x80012900       0x80 build/fps.o
                0x80012900                fps_draw
 .text.reset_handler
                0x80012980       0x40 build/main.o
                0x80012980                reset_handler
 .text.main_menu_tick
                0x800129c0      0x100 build/main.o
                0x800129c0                main_menu_tick
 .text.main_menu_draw
                0x80012ac0       0xc0 build/main.o
                0x80012ac0                main_menu_draw
 .text.practice_tool_tick
                0x80012b80       0xe0 build/main.o
                0x80012b80                practice_tool_tick
 .text.practice_tool_draw
                0x80012c60      0x2e0 build/main.o
                0x80012c60                practice_tool_draw
 .text.startup.main
                0x80012f40      0x2a0 build/main.o
                0x80012f40                main
 .text.gfx_init
                0x800131e0       0xa0 build/gfx.o
                0x800131e0                gfx_init
 .text.gfx_display_lock
                0x80013280       0x40 build/gfx.o
                0x80013280                gfx_display_lock
 .text.gfx_display_flip
                0x800132c0       0x40 build/gfx.o
                0x800132c0                gfx_display_flip
 .text.read_dfs_sprite
                0x80013300       0x80 build/gfx.o
                0x80013300                read_dfs_sprite
 .text.get_next_token
                0x80013380       0xc0 /n64_toolchain/lib/gcc/mips64-elf/13.1.0/../../../../mips64-elf/lib/libdragon.a(dragonfs.o)
 .text.recurse_path
                0x80013440      0x3c0 /n64_toolchain/lib/gcc/mips64-elf/13.1.0/../../../../mips64-elf/lib/libdragon.a(dragonfs.o)
 .text.__close  0x80013800       0x80 /n64_toolchain/lib/gcc/mips64-elf/13.1.0/../../../../mips64-elf/lib/libdragon.a(dragonfs.o)
 .text.__fstat  0x80013880       0xa0 /n64_toolchain/lib/gcc/mips64-elf/13.1.0/../../../../mips64-elf/lib/libdragon.a(dragonfs.o)
 .text.dfs_dir_findfirst
                0x80013920       0xc0 /n64_toolchain/lib/gcc/mips64-elf/13.1.0/../../../../mips64-elf/lib/libdragon.a(dragonfs.o)
                0x80013920                dfs_dir_findfirst
 .text.__findfirst
                0x800139e0       0x80 /n64_toolchain/lib/gcc/mips64-elf/13.1.0/../../../../mips64-elf/lib/libdragon.a(dragonfs.o)
 .text.dfs_dir_findnext
                0x80013a60       0xc0 /n64_toolchain/lib/gcc/mips64-elf/13.1.0/../../../../mips64-elf/lib/libdragon.a(dragonfs.o)
                0x80013a60                dfs_dir_findnext
 .text.__findnext
                0x80013b20       0x80 /n64_toolchain/lib/gcc/mips64-elf/13.1.0/../../../../mips64-elf/lib/libdragon.a(dragonfs.o)
 .text.dfs_open
                0x80013ba0      0x120 /n64_toolchain/lib/gcc/mips64-elf/13.1.0/../../../../mips64-elf/lib/libdragon.a(dragonfs.o)
                0x80013ba0                dfs_open
 .text.__open   0x80013cc0       0x60 /n64_toolchain/lib/gcc/mips64-elf/13.1.0/../../../../mips64-elf/lib/libdragon.a(dragonfs.o)
 .text.dfs_close
                0x80013d20       0x80 /n64_toolchain/lib/gcc/mips64-elf/13.1.0/../../../../mips64-elf/lib/libdragon.a(dragonfs.o)
                0x80013d20                dfs_close
 .text.dfs_seek
                0x80013da0      0x100 /n64_toolchain/lib/gcc/mips64-elf/13.1.0/../../../../mips64-elf/lib/libdragon.a(dragonfs.o)
                0x80013da0                dfs_seek
 .text.__lseek  0x80013ea0       0x80 /n64_toolchain/lib/gcc/mips64-elf/13.1.0/../../../../mips64-elf/lib/libdragon.a(dragonfs.o)
 .text.dfs_read
                0x80013f20      0x280 /n64_toolchain/lib/gcc/mips64-elf/13.1.0/../../../../mips64-elf/lib/libdragon.a(dragonfs.o)
                0x80013f20                dfs_read
 .text.__read   0x800141a0       0x20 /n64_toolchain/lib/gcc/mips64-elf/13.1.0/../../../../mips64-elf/lib/libdragon.a(dragonfs.o)
 .text.dfs_size
                0x800141c0       0x60 /n64_toolchain/lib/gcc/mips64-elf/13.1.0/../../../../mips64-elf/lib/libdragon.a(dragonfs.o)
                0x800141c0                dfs_size
 .text.dfs_init
                0x80014220      0x1e0 /n64_toolchain/lib/gcc/mips64-elf/13.1.0/../../../../mips64-elf/lib/libdragon.a(dragonfs.o)
                0x80014220                dfs_init
 .text.controller_interrupt_update
                0x80014400       0x80 /n64_toolchain/lib/gcc/mips64-elf/13.1.0/../../../../mips64-elf/lib/libdragon.a(controller.o)
 .text.controller_interrupt
                0x80014480       0x40 /n64_toolchain/lib/gcc/mips64-elf/13.1.0/../../../../mips64-elf/lib/libdragon.a(controller.o)
 .text.controller_init
                0x800144c0       0xa0 /n64_toolchain/lib/gcc/mips64-elf/13.1.0/../../../../mips64-elf/lib/libdragon.a(controller.o)
                0x800144c0                controller_init
 .text.controller_scan
                0x80014560      0x100 /n64_toolchain/lib/gcc/mips64-elf/13.1.0/../../../../mips64-elf/lib/libdragon.a(controller.o)
                0x80014560                controller_scan
 .text.get_keys_down
                0x80014660       0xa0 /n64_toolchain/lib/gcc/mips64-elf/13.1.0/../../../../mips64-elf/lib/libdragon.a(controller.o)
                0x80014660                get_keys_down
 .text.timer_update_compare
                0x80014700       0x40 /n64_toolchain/lib/gcc/mips64-elf/13.1.0/../../../../mips64-elf/lib/libdragon.a(timer.o)
 .text.timer_overflow_callback
                0x80014740       0x20 /n64_toolchain/lib/gcc/mips64-elf/13.1.0/../../../../mips64-elf/lib/libdragon.a(timer.o)
 .text.timer_poll
                0x80014760      0x1c0 /n64_toolchain/lib/gcc/mips64-elf/13.1.0/../../../../mips64-elf/lib/libdragon.a(timer.o)
 .text.timer_init
                0x80014920       0xc0 /n64_toolchain/lib/gcc/mips64-elf/13.1.0/../../../../mips64-elf/lib/libdragon.a(timer.o)
                0x80014920                timer_init
 .text.timer_ticks
                0x800149e0       0xc0 /n64_toolchain/lib/gcc/mips64-elf/13.1.0/../../../../mips64-elf/lib/libdragon.a(timer.o)
                0x800149e0                timer_ticks
 .text.joybus_msg_send
                0x80014aa0       0x80 /n64_toolchain/lib/gcc/mips64-elf/13.1.0/../../../../mips64-elf/lib/libdragon.a(joybus.o)
 .text.si_interrupt
                0x80014b20      0x1a0 /n64_toolchain/lib/gcc/mips64-elf/13.1.0/../../../../mips64-elf/lib/libdragon.a(joybus.o)
 .text.startup.__joybus_init
                0x80014cc0       0x60 /n64_toolchain/lib/gcc/mips64-elf/13.1.0/../../../../mips64-elf/lib/libdragon.a(joybus.o)
                0x80014cc0                __joybus_init
 .text.joybus_exec_async
                0x80014d20      0x1a0 /n64_toolchain/lib/gcc/mips64-elf/13.1.0/../../../../mips64-elf/lib/libdragon.a(joybus.o)
                0x80014d20                joybus_exec_async
 *(.init)
 .init          0x80014ec0        0x8 /n64_toolchain/lib/gcc/mips64-elf/13.1.0/crti.o
                0x80014ec0                _init
 *(.fini)
 .fini          0x80014ec8        0x8 /n64_toolchain/lib/gcc/mips64-elf/13.1.0/crti.o
                0x80014ec8                _fini
 *(.gnu.linkonce.t.*)
                0x80014ed0                        . = ALIGN (0x10)
                0x80014ed0                        __text_end = .

.eh_frame_hdr
 *(.eh_frame_hdr)

.eh_frame       0x80014ed0        0x4
                0x80014ed0                        __EH_FRAME_BEGIN__ = .
 *(.eh_frame)
 .eh_frame      0x80014ed0        0x0 /n64_toolchain/lib/gcc/mips64-elf/13.1.0/crtbegin.o
 .eh_frame      0x80014ed0        0x4 /n64_toolchain/lib/gcc/mips64-elf/13.1.0/crtend.o

.gcc_except_table
 *(.gcc_except_table*)

.jcr
 *(.jcr)

.rodata         0x80014ed8     0xe430
 *(.rdata)
 *(.rodata)
 .rodata        0x80014ed8      0x188 /n64_toolchain/lib/gcc/mips64-elf/13.1.0/../../../../mips64-elf/lib/libc.a(libc_a-svfprintf.o)
 .rodata        0x80015060      0x188 /n64_toolchain/lib/gcc/mips64-elf/13.1.0/../../../../mips64-elf/lib/libc.a(libc_a-vfprintf.o)
 .rodata        0x800151e8      0x188 /n64_toolchain/lib/gcc/mips64-elf/13.1.0/../../../../mips64-elf/lib/libc.a(libc_a-vfiprintf.o)
 .rodata        0x80015370      0x128 /n64_toolchain/lib/gcc/mips64-elf/13.1.0/../../../../mips64-elf/lib/libc.a(libc_a-mprec.o)
                0x80015380                __mprec_tinytens
                0x800153a8                __mprec_bigtens
                0x800153d0                __mprec_tens
 .rodata        0x80015498      0x288 /n64_toolchain/lib/gcc/mips64-elf/13.1.0/../../../../mips64-elf/lib/libc.a(libc_a-ctype_.o)
                0x80015498                _ctype_
                0x800155a0                _ctype_b
 .rodata        0x80015720      0x188 /n64_toolchain/lib/gcc/mips64-elf/13.1.0/../../../../mips64-elf/lib/libc.a(libc_a-svfiprintf.o)
 *(.rodata.*)
 .rodata.debug_assert_func_f.str1.8
                0x800158a8       0x3d /n64_toolchain/mips64-elf/lib/libdragon.a(debug.o)
                                 0x45 (size before relaxing)
 *fill*         0x800158e5        0x3 
 .rodata.RESOLUTION_640x240
                0x800158e8        0xc /n64_toolchain/mips64-elf/lib/libdragon.a(console.o)
 *fill*         0x800158f4        0x4 
 .rodata.__font_data_32
                0x800158f8     0x8008 /n64_toolchain/mips64-elf/lib/libdragon.a(graphics.o)
 .rodata.__font_data_16
                0x8001d900     0x4008 /n64_toolchain/mips64-elf/lib/libdragon.a(graphics.o)
 .rodata.dma_write_raw_async.part.0.str1.8
                0x80021908       0x12 /n64_toolchain/mips64-elf/lib/libdragon.a(dma.o)
 *fill*         0x8002191a        0x6 
 .rodata.dma_read_async.str1.8
                0x80021920       0x8d /n64_toolchain/mips64-elf/lib/libdragon.a(dma.o)
 *fill*         0x800219ad        0x3 
 .rodata.__func__.0
                0x800219b0        0xf /n64_toolchain/mips64-elf/lib/libdragon.a(dma.o)
 *fill*         0x800219bf        0x1 
 .rodata.__func__.2
                0x800219c0       0x13 /n64_toolchain/mips64-elf/lib/libdragon.a(dma.o)
 *fill*         0x800219d3        0x5 
 .rodata.__do_global_ctors.str1.8
                0x800219d8       0xa1 /n64_toolchain/mips64-elf/lib/libdragon.a(do_ctors.o)
 *fill*         0x80021a79        0x7 
 .rodata.__wrap___do_global_ctors.str1.8
                0x80021a80       0xbb /n64_toolchain/mips64-elf/lib/libdragon.a(do_ctors.o)
 *fill*         0x80021b3b        0x5 
 .rodata.__func__.0
                0x80021b40       0x19 /n64_toolchain/mips64-elf/lib/libdragon.a(do_ctors.o)
 *fill*         0x80021b59        0x7 
 .rodata.malloc_uncached_aligned.str1.8
                0x80021b60       0x3d /n64_toolchain/mips64-elf/lib/libdragon.a(n64sys.o)
 *fill*         0x80021b9d        0x3 
 .rodata.__func__.0
                0x80021ba0       0x18 /n64_toolchain/mips64-elf/lib/libdragon.a(n64sys.o)
 .rodata.__CART_handler.str1.8
                0x80021bb8       0x8a /n64_toolchain/mips64-elf/lib/libdragon.a(interrupt.o)
 *fill*         0x80021c42        0x6 
 .rodata.enable_interrupts.str1.8
                0x80021c48       0x3c /n64_toolchain/mips64-elf/lib/libdragon.a(interrupt.o)
 *fill*         0x80021c84        0x4 
 .rodata.__func__.0
                0x80021c88       0x12 /n64_toolchain/mips64-elf/lib/libdragon.a(interrupt.o)
 *fill*         0x80021c9a        0x6 
 .rodata.__func__.3
                0x80021ca0        0xf /n64_toolchain/mips64-elf/lib/libdragon.a(interrupt.o)
 *fill*         0x80021caf        0x1 
 .rodata.rompak_search_ext.str1.8
                0x80021cb0       0xb7 /n64_toolchain/mips64-elf/lib/libdragon.a(rompak.o)
 *fill*         0x80021d67        0x1 
 .rodata.__func__.0
                0x80021d68       0x12 /n64_toolchain/mips64-elf/lib/libdragon.a(rompak.o)
 *fill*         0x80021d7a        0x6 
 .rodata.display_show.part.0.str1.8
                0x80021d80       0xf9 /n64_toolchain/mips64-elf/lib/libdragon.a(display.o)
 *fill*         0x80021e79        0x7 
 .rodata.display_init.str1.8
                0x80021e80      0x199 /n64_toolchain/mips64-elf/lib/libdragon.a(display.o)
 *fill*         0x80022019        0x7 
 .rodata.__func__.0
                0x80022020        0xd /n64_toolchain/mips64-elf/lib/libdragon.a(display.o)
 *fill*         0x8002202d        0x3 
 .rodata.__func__.1
                0x80022030        0xd /n64_toolchain/mips64-elf/lib/libdragon.a(display.o)
 *fill*         0x8002203d        0x3 
 .rodata.reg_values
                0x80022040       0x18 /n64_toolchain/mips64-elf/lib/libdragon.a(display.o)
 .rodata.mpal_i
                0x80022058       0x38 /n64_toolchain/mips64-elf/lib/libdragon.a(display.o)
 .rodata.pal_i  0x80022090       0x38 /n64_toolchain/mips64-elf/lib/libdragon.a(display.o)
 .rodata.ntsc_i
                0x800220c8       0x38 /n64_toolchain/mips64-elf/lib/libdragon.a(display.o)
 .rodata.mpal_p
                0x80022100       0x38 /n64_toolchain/mips64-elf/lib/libdragon.a(display.o)
 .rodata.pal_p  0x80022138       0x38 /n64_toolchain/mips64-elf/lib/libdragon.a(display.o)
 .rodata.ntsc_p
                0x80022170       0x38 /n64_toolchain/mips64-elf/lib/libdragon.a(display.o)
 .rodata.surface_alloc.str1.8
                0x800221a8       0x62 /n64_toolchain/mips64-elf/lib/libdragon.a(surface.o)
 *fill*         0x8002220a        0x6 
 .rodata.__func__.1
                0x80022210        0xe /n64_toolchain/mips64-elf/lib/libdragon.a(surface.o)
 *fill*         0x8002221e        0x2 
 .rodata.exception_default_handler.str1.8
                0x80022220      0x447 /n64_toolchain/mips64-elf/lib/libdragon.a(exception.o)
 *fill*         0x80022667        0x1 
 .rodata.__get_exception_name.isra.0.str1.8
                0x80022668      0x20a /n64_toolchain/mips64-elf/lib/libdragon.a(exception.o)
 *fill*         0x80022872        0x2 
 .rodata.__get_exception_name.isra.0
                0x80022874       0x40 /n64_toolchain/mips64-elf/lib/libdragon.a(exception.o)
 *fill*         0x800228b4        0x4 
 .rodata.str1.8
                0x800228b8      0x17e /n64_toolchain/mips64-elf/lib/libdragon.a(exception.o)
 *fill*         0x80022a36        0x2 
 .rodata.exceptionMap.1
                0x80022a38       0x80 /n64_toolchain/mips64-elf/lib/libdragon.a(exception.o)
 .rodata.text_init.str1.8
                0x80022ab8       0x69 build/text.o
 *fill*         0x80022b21        0x7 
 .rodata.fps_draw.str1.8
                0x80022b28        0xa build/fps.o
 *fill*         0x80022b32        0x6 
 .rodata.about_screen_draw.str1.8
                0x80022b38      0x10a build/main.o
 *fill*         0x80022c42        0x6 
 .rodata.help_menu_draw.str1.8
                0x80022c48      0x159 build/main.o
 *fill*         0x80022da1        0x7 
 .rodata.main_menu_draw.str1.8
                0x80022da8       0x1a build/main.o
 *fill*         0x80022dc2        0x6 
 .rodata.practice_tool_draw.str1.8
                0x80022dc8       0x2c build/main.o
 *fill*         0x80022df4        0x4 
 .rodata.str1.8
                0x80022df8        0xd build/main.o
 *fill*         0x80022e05        0x3 
 .rodata.options
                0x80022e08        0xc build/main.o
 *fill*         0x80022e14        0x4 
 .rodata.RESOLUTION_320x240
                0x80022e18        0xc build/main.o
 *fill*         0x80022e24        0x4 
 .rodata.__open.str1.8
                0x80022e28        0x2 /n64_toolchain/lib/gcc/mips64-elf/13.1.0/../../../../mips64-elf/lib/libdragon.a(dragonfs.o)
 *fill*         0x80022e2a        0x6 
 .rodata.dfs_read.str1.8
                0x80022e30        0xf /n64_toolchain/lib/gcc/mips64-elf/13.1.0/../../../../mips64-elf/lib/libdragon.a(dragonfs.o)
                                 0x3f (size before relaxing)
 *fill*         0x80022e3f        0x1 
 .rodata.dfs_init.str1.8
                0x80022e40       0x86 /n64_toolchain/lib/gcc/mips64-elf/13.1.0/../../../../mips64-elf/lib/libdragon.a(dragonfs.o)
                                 0x8e (size before relaxing)
 *fill*         0x80022ec6        0x2 
 .rodata.__func__.0
                0x80022ec8       0x16 /n64_toolchain/lib/gcc/mips64-elf/13.1.0/../../../../mips64-elf/lib/libdragon.a(dragonfs.o)
 *fill*         0x80022ede        0x2 
 .rodata.__func__.1
                0x80022ee0        0x9 /n64_toolchain/lib/gcc/mips64-elf/13.1.0/../../../../mips64-elf/lib/libdragon.a(dragonfs.o)
 *fill*         0x80022ee9        0x7 
 .rodata.controller_scan.str1.8
                0x80022ef0       0x51 /n64_toolchain/lib/gcc/mips64-elf/13.1.0/../../../../mips64-elf/lib/libdragon.a(controller.o)
 *fill*         0x80022f41        0x7 
 .rodata.__func__.2
                0x80022f48       0x10 /n64_toolchain/lib/gcc/mips64-elf/13.1.0/../../../../mips64-elf/lib/libdragon.a(controller.o)
 .rodata.SI_read_con_block.9
                0x80022f58       0x40 /n64_toolchain/lib/gcc/mips64-elf/13.1.0/../../../../mips64-elf/lib/libdragon.a(controller.o)
 .rodata.timer_poll.str1.8
                0x80022f98       0x89 /n64_toolchain/lib/gcc/mips64-elf/13.1.0/../../../../mips64-elf/lib/libdragon.a(timer.o)
 *fill*         0x80023021        0x7 
 .rodata.timer_init.str1.8
                0x80023028       0x31 /n64_toolchain/lib/gcc/mips64-elf/13.1.0/../../../../mips64-elf/lib/libdragon.a(timer.o)
 *fill*         0x80023059        0x7 
 .rodata.new_timer.str1.8
                0x80023060       0x2d /n64_toolchain/lib/gcc/mips64-elf/13.1.0/../../../../mips64-elf/lib/libdragon.a(timer.o)
 *fill*         0x8002308d        0x3 
 .rodata.__func__.0
                0x80023090        0xc /n64_toolchain/lib/gcc/mips64-elf/13.1.0/../../../../mips64-elf/lib/libdragon.a(timer.o)
 *fill*         0x8002309c        0x4 
 .rodata.__func__.8
                0x800230a0        0xb /n64_toolchain/lib/gcc/mips64-elf/13.1.0/../../../../mips64-elf/lib/libdragon.a(timer.o)
 *fill*         0x800230ab        0x5 
 .rodata.__func__.9
                0x800230b0        0xb /n64_toolchain/lib/gcc/mips64-elf/13.1.0/../../../../mips64-elf/lib/libdragon.a(timer.o)
 *fill*         0x800230bb        0x5 
 .rodata.joybus_msg_send.str1.8
                0x800230c0       0x55 /n64_toolchain/lib/gcc/mips64-elf/13.1.0/../../../../mips64-elf/lib/libdragon.a(joybus.o)
 *fill*         0x80023115        0x3 
 .rodata.si_interrupt.str1.8
                0x80023118       0x40 /n64_toolchain/lib/gcc/mips64-elf/13.1.0/../../../../mips64-elf/lib/libdragon.a(joybus.o)
 .rodata.joybus_exec_async.str1.8
                0x80023158       0x4a /n64_toolchain/lib/gcc/mips64-elf/13.1.0/../../../../mips64-elf/lib/libdragon.a(joybus.o)
 *fill*         0x800231a2        0x6 
 .rodata.__func__.1
                0x800231a8       0x12 /n64_toolchain/lib/gcc/mips64-elf/13.1.0/../../../../mips64-elf/lib/libdragon.a(joybus.o)
 *fill*         0x800231ba        0x6 
 .rodata.__func__.2
                0x800231c0       0x10 /n64_toolchain/lib/gcc/mips64-elf/13.1.0/../../../../mips64-elf/lib/libdragon.a(joybus.o)
 .rodata.__func__.3
                0x800231d0       0x10 /n64_toolchain/lib/gcc/mips64-elf/13.1.0/../../../../mips64-elf/lib/libdragon.a(joybus.o)
 .rodata.__func__.4
                0x800231e0        0xd /n64_toolchain/lib/gcc/mips64-elf/13.1.0/../../../../mips64-elf/lib/libdragon.a(joybus.o)
 *fill*         0x800231ed        0x3 
 .rodata.str1.8
                0x800231f0       0x57 /n64_toolchain/lib/gcc/mips64-elf/13.1.0/../../../../mips64-elf/lib/libc.a(libc_a-svfprintf.o)
                                 0x5a (size before relaxing)
 *fill*         0x80023247        0x1 
 .rodata.str1.8
                0x80023248       0x69 /n64_toolchain/lib/gcc/mips64-elf/13.1.0/../../../../mips64-elf/lib/libc.a(libc_a-dtoa.o)
                                 0x71 (size before relaxing)
 .rodata.str1.8
                0x800232b1       0x5a /n64_toolchain/lib/gcc/mips64-elf/13.1.0/../../../../mips64-elf/lib/libc.a(libc_a-vfprintf.o)
 .rodata.str1.8
                0x800232b1       0x37 /n64_toolchain/lib/gcc/mips64-elf/13.1.0/../../../../mips64-elf/lib/libc.a(libc_a-vfiprintf.o)
 *fill*         0x800232b1        0x7 
 .rodata.str1.8
                0x800232b8       0x3a /n64_toolchain/lib/gcc/mips64-elf/13.1.0/../../../../mips64-elf/lib/libc.a(libc_a-mprec.o)
                                 0x52 (size before relaxing)
 *fill*         0x800232f2        0x6 
 .rodata.str1.8
                0x800232f8        0xe /n64_toolchain/lib/gcc/mips64-elf/13.1.0/../../../../mips64-elf/lib/libc.a(libc_a-locale.o)
                                 0x1a (size before relaxing)
 .rodata.str1.8
                0x80023306       0x37 /n64_toolchain/lib/gcc/mips64-elf/13.1.0/../../../../mips64-elf/lib/libc.a(libc_a-svfiprintf.o)
 *(.gnu.linkonce.r.*)
                0x80023340                        . = ALIGN (0x8)
 *fill*         0x80023306        0x2 

.MIPS.abiflags  0x80023308       0x18
 .MIPS.abiflags
                0x80023308       0x18 /n64_toolchain/lib/gcc/mips64-elf/13.1.0/crti.o

.rel.dyn        0x80023320        0x0
 .rel.dyn       0x80023320        0x0 /n64_toolchain/mips64-elf/lib/libdragon.a(n64sys.o)
                0x80023320                        . = ALIGN (0x4)

.ctors          0x80023320       0x14
                0x80023320                        __CTOR_LIST__ = .
 *(.ctors)
 .ctors         0x80023320        0x4 /n64_toolchain/lib/gcc/mips64-elf/13.1.0/crtbegin.o
 .ctors         0x80023324        0x4 /n64_toolchain/mips64-elf/lib/libdragon.a(n64sys.o)
 .ctors         0x80023328        0x4 /n64_toolchain/mips64-elf/lib/libdragon.a(interrupt.o)
 .ctors         0x8002332c        0x4 /n64_toolchain/lib/gcc/mips64-elf/13.1.0/../../../../mips64-elf/lib/libdragon.a(joybus.o)
 .ctors         0x80023330        0x4 /n64_toolchain/lib/gcc/mips64-elf/13.1.0/crtend.o
                0x80023334                        __CTOR_END__ = .
                0x80023338                        . = ALIGN (0x8)

.data           0x80023338      0x6d0
                0x80023338                        __data_start = .
 *(.data)
 .data          0x80023338      0x408 /n64_toolchain/lib/gcc/mips64-elf/13.1.0/../../../../mips64-elf/lib/libc.a(libc_a-mallocr.o)
                0x80023338                __malloc_av_
 .data          0x80023740        0xc /n64_toolchain/lib/gcc/mips64-elf/13.1.0/../../../../mips64-elf/lib/libc.a(libc_a-findfp.o)
                0x80023740                __sglue
 *fill*         0x8002374c        0x4 
 .data          0x80023750      0x16c /n64_toolchain/lib/gcc/mips64-elf/13.1.0/../../../../mips64-elf/lib/libc.a(libc_a-locale.o)
                0x80023750                __global_locale
 *fill*         0x800238bc        0x4 
 .data          0x800238c0      0x120 /n64_toolchain/lib/gcc/mips64-elf/13.1.0/../../../../mips64-elf/lib/libc.a(libc_a-impure.o)
                0x800238c0                _impure_data
 *(.data.*)
 .data.dragon_fs
                0x800239e0       0x24 /n64_toolchain/lib/gcc/mips64-elf/13.1.0/../../../../mips64-elf/lib/libdragon.a(dragonfs.o)
 *(.gnu.linkonce.d.*)
                0x80023a08                        . = ALIGN (0x8)
 *fill*         0x80023a04        0x4 

.sdata          0x80023a08       0xa0
                0x8002ba08                        _gp = (. + 0x8000)
 *(.sdata)
 .sdata         0x80023a08        0x8 build/fps.o
 .sdata         0x80023a10        0x8 /n64_toolchain/lib/gcc/mips64-elf/13.1.0/../../../../mips64-elf/lib/libc.a(libc_a-svfprintf.o)
 .sdata         0x80023a18       0x48 /n64_toolchain/lib/gcc/mips64-elf/13.1.0/../../../../mips64-elf/lib/libc.a(libc_a-dtoa.o)
 .sdata         0x80023a60        0x8 /n64_toolchain/lib/gcc/mips64-elf/13.1.0/../../../../mips64-elf/lib/libc.a(libc_a-mallocr.o)
                0x80023a60                __malloc_sbrk_base
                0x80023a64                __malloc_trim_threshold
 .sdata         0x80023a68        0x8 /n64_toolchain/lib/gcc/mips64-elf/13.1.0/../../../../mips64-elf/lib/libc.a(libc_a-vfprintf.o)
 .sdata         0x80023a70       0x10 /n64_toolchain/lib/gcc/mips64-elf/13.1.0/../../../../mips64-elf/lib/libc.a(libc_a-mprec.o)
 .sdata         0x80023a80        0x4 /n64_toolchain/lib/gcc/mips64-elf/13.1.0/../../../../mips64-elf/lib/libc.a(libc_a-impure.o)
                0x80023a80                _impure_ptr
 *(.sdata.*)
 .sdata.console_redirect_debug
                0x80023a84        0x1 /n64_toolchain/mips64-elf/lib/libdragon.a(console.o)
 *fill*         0x80023a85        0x3 
 .sdata.f_color
                0x80023a88        0x4 /n64_toolchain/mips64-elf/lib/libdragon.a(graphics.o)
 .sdata.__bootcic
                0x80023a8c        0x4 /n64_toolchain/mips64-elf/lib/libdragon.a(n64sys.o)
                0x80023a8c                __bootcic
 .sdata.__interrupt_depth
                0x80023a90        0x4 /n64_toolchain/mips64-elf/lib/libdragon.a(interrupt.o)
 .sdata.now_showing
                0x80023a94        0x4 /n64_toolchain/mips64-elf/lib/libdragon.a(display.o)
 .sdata.__buffers
                0x80023a98        0x4 /n64_toolchain/mips64-elf/lib/libdragon.a(display.o)
 .sdata.__exception_handler
                0x80023a9c        0x4 /n64_toolchain/mips64-elf/lib/libdragon.a(exception.o)
 .sdata.line_height
                0x80023aa0        0x4 build/text.o
                0x80023aa0                line_height
 .sdata.next_handle.2
                0x80023aa4        0x4 /n64_toolchain/lib/gcc/mips64-elf/13.1.0/../../../../mips64-elf/lib/libdragon.a(dragonfs.o)
 *(.gnu.linkonce.s.*)
                0x80023aa8                        . = ALIGN (0x8)

.lit8           0x80023aa8        0x0
 *(.lit8)
                0x80023aa8                        . = ALIGN (0x8)

.lit4           0x80023aa8        0x0
 *(.lit4)
                0x80023aa8                        . = ALIGN (0x8)
                0x80023aa8                        . = ALIGN (0x8)
                0x80023aa8                        __data_end = .
                0x80023aa8                        . = ALIGN (0x8)
                0x80023aa8                        __rom_end = .

.sbss           0x80023aa8       0xd0
                0x80023aa8                        __bss_start = .
 *(.sbss)
 .sbss          0x80023aa8        0x4 /n64_toolchain/mips64-elf/lib/libdragon.a(inthandler.o)
 .sbss          0x80023aac        0xc /n64_toolchain/lib/gcc/mips64-elf/13.1.0/../../../../mips64-elf/lib/libc.a(libc_a-mallocr.o)
                0x80023aac                __malloc_max_total_mem
                0x80023ab0                __malloc_max_sbrked_mem
                0x80023ab4                __malloc_top_pad
 .sbss          0x80023ab8        0x4 /n64_toolchain/lib/gcc/mips64-elf/13.1.0/../../../../mips64-elf/lib/libc.a(libc_a-findfp.o)
                0x80023ab8                __stdio_exit_handler
 *(.sbss.*)
 .sbss.dc.0     0x80023abc        0x4 /n64_toolchain/mips64-elf/lib/libdragon.a(console.o)
 .sbss.render_now
                0x80023ac0        0x4 /n64_toolchain/mips64-elf/lib/libdragon.a(console.o)
 .sbss.render_buffer
                0x80023ac4        0x4 /n64_toolchain/mips64-elf/lib/libdragon.a(console.o)
 .sbss.b_color  0x80023ac8        0x4 /n64_toolchain/mips64-elf/lib/libdragon.a(graphics.o)
 .sbss.__bbplayer
                0x80023acc        0x4 /n64_toolchain/mips64-elf/lib/libdragon.a(n64sys.o)
                0x80023acc                __bbplayer
 .sbss.last_cart_interrupt_count
                0x80023ad0        0x4 /n64_toolchain/mips64-elf/lib/libdragon.a(interrupt.o)
 .sbss.__prenmi_tick
                0x80023ad4        0x4 /n64_toolchain/mips64-elf/lib/libdragon.a(interrupt.o)
 .sbss.CART_callback
                0x80023ad8        0x4 /n64_toolchain/mips64-elf/lib/libdragon.a(interrupt.o)
                0x80023ad8                CART_callback
 .sbss.TI_callback
                0x80023adc        0x4 /n64_toolchain/mips64-elf/lib/libdragon.a(interrupt.o)
                0x80023adc                TI_callback
 .sbss.SP_callback
                0x80023ae0        0x4 /n64_toolchain/mips64-elf/lib/libdragon.a(interrupt.o)
                0x80023ae0                SP_callback
 .sbss.SI_callback
                0x80023ae4        0x4 /n64_toolchain/mips64-elf/lib/libdragon.a(interrupt.o)
                0x80023ae4                SI_callback
 .sbss.DP_callback
                0x80023ae8        0x4 /n64_toolchain/mips64-elf/lib/libdragon.a(interrupt.o)
                0x80023ae8                DP_callback
 .sbss.PI_callback
                0x80023aec        0x4 /n64_toolchain/mips64-elf/lib/libdragon.a(interrupt.o)
                0x80023aec                PI_callback
 .sbss.VI_callback
                0x80023af0        0x4 /n64_toolchain/mips64-elf/lib/libdragon.a(interrupt.o)
                0x80023af0                VI_callback
 .sbss.AI_callback
                0x80023af4        0x4 /n64_toolchain/mips64-elf/lib/libdragon.a(interrupt.o)
                0x80023af4                AI_callback
 .sbss.interrupt_disabled_tick
                0x80023af8        0x4 /n64_toolchain/mips64-elf/lib/libdragon.a(interrupt.o)
                0x80023af8                interrupt_disabled_tick
 .sbss.__interrupt_sr
                0x80023afc        0x4 /n64_toolchain/mips64-elf/lib/libdragon.a(interrupt.o)
 .sbss.rompak_corrupted.1
                0x80023b00        0x1 /n64_toolchain/mips64-elf/lib/libdragon.a(rompak.o)
 *fill*         0x80023b01        0x3 
 .sbss.ready_mask
                0x80023b04        0x4 /n64_toolchain/mips64-elf/lib/libdragon.a(display.o)
 .sbss.drawing_mask
                0x80023b08        0x4 /n64_toolchain/mips64-elf/lib/libdragon.a(display.o)
 .sbss.__height
                0x80023b0c        0x4 /n64_toolchain/mips64-elf/lib/libdragon.a(display.o)
 .sbss.__width  0x80023b10        0x4 /n64_toolchain/mips64-elf/lib/libdragon.a(display.o)
 .sbss.__bitdepth
                0x80023b14        0x4 /n64_toolchain/mips64-elf/lib/libdragon.a(display.o)
 .sbss.surfaces
                0x80023b18        0x4 /n64_toolchain/mips64-elf/lib/libdragon.a(display.o)
 .sbss.heap_top.0
                0x80023b1c        0x4 /n64_toolchain/mips64-elf/lib/libdragonsys.a(system.o)
 .sbss.heap_end.1
                0x80023b20        0x4 /n64_toolchain/mips64-elf/lib/libdragonsys.a(system.o)
 .sbss.__assert_func_ptr
                0x80023b24        0x4 /n64_toolchain/mips64-elf/lib/libdragonsys.a(system.o)
                0x80023b24                __assert_func_ptr
 .sbss.errno    0x80023b28        0x4 /n64_toolchain/mips64-elf/lib/libdragonsys.a(system.o)
                0x80023b28                errno
 .sbss.current_font
                0x80023b2c        0x4 build/text.o
                0x80023b2c                current_font
 .sbss.average_fps
                0x80023b30        0x4 build/fps.o
                0x80023b30                average_fps
 *fill*         0x80023b34        0x4 
 .sbss.last_frame_tick
                0x80023b38        0x8 build/fps.o
                0x80023b38                last_frame_tick
 .sbss.frame_gap
                0x80023b40        0x4 build/main.o
 .sbss.current_frame
                0x80023b44        0x4 build/main.o
 .sbss.is_a_held
                0x80023b48        0x1 build/main.o
 *fill*         0x80023b49        0x3 
 .sbss.menu_selection
                0x80023b4c        0x4 build/main.o
 .sbss.gfx      0x80023b50        0x4 build/gfx.o
                0x80023b50                gfx
 .sbss.next_entry
                0x80023b54        0x4 /n64_toolchain/lib/gcc/mips64-elf/13.1.0/../../../../mips64-elf/lib/libdragon.a(dragonfs.o)
 .sbss.directory_top
                0x80023b58        0x4 /n64_toolchain/lib/gcc/mips64-elf/13.1.0/../../../../mips64-elf/lib/libdragon.a(dragonfs.o)
 .sbss.base_ptr
                0x80023b5c        0x4 /n64_toolchain/lib/gcc/mips64-elf/13.1.0/../../../../mips64-elf/lib/libdragon.a(dragonfs.o)
 .sbss.controller_inited
                0x80023b60        0x1 /n64_toolchain/lib/gcc/mips64-elf/13.1.0/../../../../mips64-elf/lib/libdragon.a(controller.o)
 .sbss.controller_autoscan_in_progress
                0x80023b61        0x1 /n64_toolchain/lib/gcc/mips64-elf/13.1.0/../../../../mips64-elf/lib/libdragon.a(controller.o)
 *fill*         0x80023b62        0x2 
 .sbss.ticks64_high
                0x80023b64        0x4 /n64_toolchain/lib/gcc/mips64-elf/13.1.0/../../../../mips64-elf/lib/libdragon.a(timer.o)
                0x80023b64                ticks64_high
 .sbss.TI_timers
                0x80023b68        0x4 /n64_toolchain/lib/gcc/mips64-elf/13.1.0/../../../../mips64-elf/lib/libdragon.a(timer.o)
 .sbss.msgs_ridx
                0x80023b6c        0x4 /n64_toolchain/lib/gcc/mips64-elf/13.1.0/../../../../mips64-elf/lib/libdragon.a(joybus.o)
 .sbss.msgs_widx
                0x80023b70        0x4 /n64_toolchain/lib/gcc/mips64-elf/13.1.0/../../../../mips64-elf/lib/libdragon.a(joybus.o)
 .sbss.joybus_state
                0x80023b74        0x4 /n64_toolchain/lib/gcc/mips64-elf/13.1.0/../../../../mips64-elf/lib/libdragon.a(joybus.o)
 *(.gnu.linkonce.sb.*)
 *(.scommon)
 *(.scommon.*)
                0x80023b78                        . = ALIGN (0x8)

.bss            0x80023b80     0x1620
 *(.bss)
 .bss           0x80023b80       0x28 /n64_toolchain/lib/gcc/mips64-elf/13.1.0/../../../../mips64-elf/lib/libc.a(libc_a-mallocr.o)
                0x80023b80                __malloc_current_mallinfo
 .bss           0x80023ba8      0x138 /n64_toolchain/lib/gcc/mips64-elf/13.1.0/../../../../mips64-elf/lib/libc.a(libc_a-findfp.o)
                0x80023ba8                __sf
 *(.bss*)
 .bss.sprite_font
                0x80023ce0        0xc /n64_toolchain/mips64-elf/lib/libdragon.a(graphics.o)
 *fill*         0x80023cec        0x4 
 .bss.eh_frame_object
                0x80023cf0       0x18 /n64_toolchain/mips64-elf/lib/libdragon.a(do_ctors.o)
 .bss.__prenmi_handlers
                0x80023d08       0x10 /n64_toolchain/mips64-elf/lib/libdragon.a(interrupt.o)
 .bss.__safe_buffer
                0x80023d18       0x80 /n64_toolchain/mips64-elf/lib/libdragon.a(display.o)
 .bss.__syscall_handlers
                0x80023d98       0x30 /n64_toolchain/mips64-elf/lib/libdragon.a(exception.o)
 .bss.stdio_hooks
                0x80023dc8        0xc /n64_toolchain/mips64-elf/lib/libdragonsys.a(system.o)
 *fill*         0x80023dd4        0x4 
 .bss.handles   0x80023dd8      0x4b0 /n64_toolchain/mips64-elf/lib/libdragonsys.a(system.o)
 .bss.filesystems
                0x80024288       0x50 /n64_toolchain/mips64-elf/lib/libdragonsys.a(system.o)
 .bss.fonts     0x800242d8      0x108 build/text.o
                0x800242d8                fonts
 .bss.fps_text.0
                0x800243e0        0xb build/fps.o
 *fill*         0x800243eb        0x5 
 .bss.blj_frames
                0x800243f0       0x1e build/main.o
 *fill*         0x8002440e        0x2 
 .bss.directories
                0x80024410      0x190 /n64_toolchain/lib/gcc/mips64-elf/13.1.0/../../../../mips64-elf/lib/libdragon.a(dragonfs.o)
 .bss.open_files
                0x800245a0      0x880 /n64_toolchain/lib/gcc/mips64-elf/13.1.0/../../../../mips64-elf/lib/libdragon.a(dragonfs.o)
 .bss.prev      0x80024e20       0x40 /n64_toolchain/lib/gcc/mips64-elf/13.1.0/../../../../mips64-elf/lib/libdragon.a(controller.o)
 .bss.current   0x80024e60       0x40 /n64_toolchain/lib/gcc/mips64-elf/13.1.0/../../../../mips64-elf/lib/libdragon.a(controller.o)
 .bss.next      0x80024ea0       0x40 /n64_toolchain/lib/gcc/mips64-elf/13.1.0/../../../../mips64-elf/lib/libdragon.a(controller.o)
 .bss.joybus_msgs
                0x80024ee0      0x280 /n64_toolchain/lib/gcc/mips64-elf/13.1.0/../../../../mips64-elf/lib/libdragon.a(joybus.o)
 .bss.joybus_outbuf
                0x80025160       0x40 /n64_toolchain/lib/gcc/mips64-elf/13.1.0/../../../../mips64-elf/lib/libdragon.a(joybus.o)
 *(.gnu.linkonce.b.*)
 *(COMMON)
                0x800251a0                        . = ALIGN (0x8)
                0x800251a0                        __bss_end = .
                0x800251a0                        . = ALIGN (0x8)
                0x800251a0                        end = .
LOAD /n64_toolchain/lib/gcc/mips64-elf/13.1.0/../../../../mips64-elf/lib/libstdc++.a
LOAD /n64_toolchain/lib/gcc/mips64-elf/13.1.0/../../../../mips64-elf/lib/libm.a
LOAD /n64_toolchain/lib/gcc/mips64-elf/13.1.0/../../../../mips64-elf/lib/libc.a
LOAD /n64_toolchain/lib/gcc/mips64-elf/13.1.0/libgcc.a
LOAD /n64_toolchain/lib/gcc/mips64-elf/13.1.0/libgcc.a
LOAD /n64_toolchain/lib/gcc/mips64-elf/13.1.0/crtend.o
LOAD /n64_toolchain/lib/gcc/mips64-elf/13.1.0/crtn.o
OUTPUT(build/mimi-1.0.elf elf32-bigmips)

.reginfo        0x00000000       0x18
 .reginfo       0x00000000       0x18 /n64_toolchain/lib/gcc/mips64-elf/13.1.0/crti.o

.pdr            0x00000000        0x0
 .pdr           0x00000000        0x0 /n64_toolchain/lib/gcc/mips64-elf/13.1.0/crti.o
 .pdr           0x00000000        0x0 /n64_toolchain/lib/gcc/mips64-elf/13.1.0/crtbegin.o
 .pdr           0x00000000        0x0 /n64_toolchain/mips64-elf/lib/libdragon.a(inthandler.o)
 .pdr           0x00000000        0x0 /n64_toolchain/lib/gcc/mips64-elf/13.1.0/../../../../mips64-elf/lib/libc.a(libc_a-impure.o)
 .pdr           0x00000000        0x0 /n64_toolchain/lib/gcc/mips64-elf/13.1.0/../../../../mips64-elf/lib/libc.a(libc_a-ctype_.o)
 .pdr           0x00000000        0x0 /n64_toolchain/lib/gcc/mips64-elf/13.1.0/crtend.o

.gnu.attributes
                0x00000000       0x10
 .gnu.attributes
                0x00000000       0x10 /n64_toolchain/lib/gcc/mips64-elf/13.1.0/crti.o
 .gnu.attributes
                0x00000010       0x10 /n64_toolchain/lib/gcc/mips64-elf/13.1.0/crtbegin.o
 .gnu.attributes
                0x00000020       0x10 /n64_toolchain/mips64-elf/lib/libdragon.a(debug.o)
 .gnu.attributes
                0x00000030       0x10 /n64_toolchain/mips64-elf/lib/libdragon.a(console.o)
 .gnu.attributes
                0x00000040       0x10 /n64_toolchain/mips64-elf/lib/libdragon.a(graphics.o)
 .gnu.attributes
                0x00000050       0x10 /n64_toolchain/mips64-elf/lib/libdragon.a(dma.o)
 .gnu.attributes
                0x00000060       0x10 /n64_toolchain/mips64-elf/lib/libdragon.a(do_ctors.o)
 .gnu.attributes
                0x00000070       0x10 /n64_toolchain/mips64-elf/lib/libdragon.a(n64sys.o)
 .gnu.attributes
                0x00000080       0x10 /n64_toolchain/mips64-elf/lib/libdragon.a(interrupt.o)
 .gnu.attributes
                0x00000090       0x10 /n64_toolchain/mips64-elf/lib/libdragon.a(inthandler.o)
 .gnu.attributes
                0x000000a0       0x10 /n64_toolchain/mips64-elf/lib/libdragon.a(rompak.o)
 .gnu.attributes
                0x000000b0       0x10 /n64_toolchain/mips64-elf/lib/libdragon.a(display.o)
 .gnu.attributes
                0x000000c0       0x10 /n64_toolchain/mips64-elf/lib/libdragon.a(surface.o)
 .gnu.attributes
                0x000000d0       0x10 /n64_toolchain/mips64-elf/lib/libdragon.a(exception.o)
 .gnu.attributes
                0x000000e0       0x10 /n64_toolchain/mips64-elf/lib/libdragonsys.a(system.o)
 .gnu.attributes
                0x000000f0       0x10 build/text.o
 .gnu.attributes
                0x00000100       0x10 build/fps.o
 .gnu.attributes
                0x00000110       0x10 build/main.o
 .gnu.attributes
                0x00000120       0x10 build/gfx.o
 .gnu.attributes
                0x00000130       0x10 /n64_toolchain/lib/gcc/mips64-elf/13.1.0/../../../../mips64-elf/lib/libdragon.a(dragonfs.o)
 .gnu.attributes
                0x00000140       0x10 /n64_toolchain/lib/gcc/mips64-elf/13.1.0/../../../../mips64-elf/lib/libdragon.a(controller.o)
 .gnu.attributes
                0x00000150       0x10 /n64_toolchain/lib/gcc/mips64-elf/13.1.0/../../../../mips64-elf/lib/libdragon.a(timer.o)
 .gnu.attributes
                0x00000160       0x10 /n64_toolchain/lib/gcc/mips64-elf/13.1.0/../../../../mips64-elf/lib/libdragon.a(joybus.o)
 .gnu.attributes
                0x00000170       0x10 /n64_toolchain/lib/gcc/mips64-elf/13.1.0/../../../../mips64-elf/lib/libc.a(libc_a-memset.o)
 .gnu.attributes
                0x00000180       0x10 /n64_toolchain/lib/gcc/mips64-elf/13.1.0/../../../../mips64-elf/lib/libc.a(libc_a-memcpy.o)
 .gnu.attributes
                0x00000190       0x10 /n64_toolchain/lib/gcc/mips64-elf/13.1.0/../../../../mips64-elf/lib/libc.a(libc_a-malign.o)
 .gnu.attributes
                0x000001a0       0x10 /n64_toolchain/lib/gcc/mips64-elf/13.1.0/../../../../mips64-elf/lib/libc.a(libc_a-malignr.o)
 .gnu.attributes
                0x000001b0       0x10 /n64_toolchain/lib/gcc/mips64-elf/13.1.0/../../../../mips64-elf/lib/libc.a(libc_a-sprintf.o)
 .gnu.attributes
                0x000001c0       0x10 /n64_toolchain/lib/gcc/mips64-elf/13.1.0/../../../../mips64-elf/lib/libc.a(libc_a-abort.o)
 .gnu.attributes
                0x000001d0       0x10 /n64_toolchain/lib/gcc/mips64-elf/13.1.0/../../../../mips64-elf/lib/libc.a(libc_a-snprintf.o)
 .gnu.attributes
                0x000001e0       0x10 /n64_toolchain/lib/gcc/mips64-elf/13.1.0/../../../../mips64-elf/lib/libc.a(libc_a-svfprintf.o)
 .gnu.attributes
                0x000001f0       0x10 /n64_toolchain/lib/gcc/mips64-elf/13.1.0/../../../../mips64-elf/lib/libc.a(libc_a-freer.o)
 .gnu.attributes
                0x00000200       0x10 /n64_toolchain/lib/gcc/mips64-elf/13.1.0/../../../../mips64-elf/lib/libc.a(libc_a-dtoa.o)
 .gnu.attributes
                0x00000210       0x10 /n64_toolchain/lib/gcc/mips64-elf/13.1.0/../../../../mips64-elf/lib/libc.a(libc_a-malloc.o)
 .gnu.attributes
                0x00000220       0x10 /n64_toolchain/lib/gcc/mips64-elf/13.1.0/../../../../mips64-elf/lib/libc.a(libc_a-memmove.o)
 .gnu.attributes
                0x00000230       0x10 /n64_toolchain/lib/gcc/mips64-elf/13.1.0/../../../../mips64-elf/lib/libc.a(libc_a-mallocr.o)
 .gnu.attributes
                0x00000240       0x10 /n64_toolchain/lib/gcc/mips64-elf/13.1.0/../../../../mips64-elf/lib/libc.a(libc_a-strcpy.o)
 .gnu.attributes
                0x00000250       0x10 /n64_toolchain/lib/gcc/mips64-elf/13.1.0/../../../../mips64-elf/lib/libc.a(libc_a-vfprintf.o)
 .gnu.attributes
                0x00000260       0x10 /n64_toolchain/lib/gcc/mips64-elf/13.1.0/../../../../mips64-elf/lib/libc.a(libc_a-signal.o)
 .gnu.attributes
                0x00000270       0x10 /n64_toolchain/lib/gcc/mips64-elf/13.1.0/../../../../mips64-elf/lib/libc.a(libc_a-fflush.o)
 .gnu.attributes
                0x00000280       0x10 /n64_toolchain/lib/gcc/mips64-elf/13.1.0/../../../../mips64-elf/lib/libc.a(libc_a-mlock.o)
 .gnu.attributes
                0x00000290       0x10 /n64_toolchain/lib/gcc/mips64-elf/13.1.0/../../../../mips64-elf/lib/libc.a(libc_a-vfiprintf.o)
 .gnu.attributes
                0x000002a0       0x10 /n64_toolchain/lib/gcc/mips64-elf/13.1.0/../../../../mips64-elf/lib/libc.a(libc_a-fprintf.o)
 .gnu.attributes
                0x000002b0       0x10 /n64_toolchain/lib/gcc/mips64-elf/13.1.0/../../../../mips64-elf/lib/libc.a(libc_a-mprec.o)
 .gnu.attributes
                0x000002c0       0x10 /n64_toolchain/lib/gcc/mips64-elf/13.1.0/../../../../mips64-elf/lib/libc.a(libc_a-strcat.o)
 .gnu.attributes
                0x000002d0       0x10 /n64_toolchain/lib/gcc/mips64-elf/13.1.0/../../../../mips64-elf/lib/libc.a(libc_a-fputc.o)
 .gnu.attributes
                0x000002e0       0x10 /n64_toolchain/lib/gcc/mips64-elf/13.1.0/../../../../mips64-elf/lib/libc.a(libc_a-fvwrite.o)
 .gnu.attributes
                0x000002f0       0x10 /n64_toolchain/lib/gcc/mips64-elf/13.1.0/../../../../mips64-elf/lib/libc.a(libc_a-fwalk.o)
 .gnu.attributes
                0x00000300       0x10 /n64_toolchain/lib/gcc/mips64-elf/13.1.0/../../../../mips64-elf/lib/libc.a(libc_a-fwrite.o)
 .gnu.attributes
                0x00000310       0x10 /n64_toolchain/lib/gcc/mips64-elf/13.1.0/../../../../mips64-elf/lib/libc.a(libc_a-findfp.o)
 .gnu.attributes
                0x00000320       0x10 /n64_toolchain/lib/gcc/mips64-elf/13.1.0/../../../../mips64-elf/lib/libc.a(libc_a-reallocr.o)
 .gnu.attributes
                0x00000330       0x10 /n64_toolchain/lib/gcc/mips64-elf/13.1.0/../../../../mips64-elf/lib/libc.a(libc_a-fputwc.o)
 .gnu.attributes
                0x00000340       0x10 /n64_toolchain/lib/gcc/mips64-elf/13.1.0/../../../../mips64-elf/lib/libc.a(libc_a-locale.o)
 .gnu.attributes
                0x00000350       0x10 /n64_toolchain/lib/gcc/mips64-elf/13.1.0/../../../../mips64-elf/lib/libc.a(libc_a-localeconv.o)
 .gnu.attributes
                0x00000360       0x10 /n64_toolchain/lib/gcc/mips64-elf/13.1.0/../../../../mips64-elf/lib/libc.a(libc_a-wctomb_r.o)
 .gnu.attributes
                0x00000370       0x10 /n64_toolchain/lib/gcc/mips64-elf/13.1.0/../../../../mips64-elf/lib/libc.a(libc_a-signalr.o)
 .gnu.attributes
                0x00000380       0x10 /n64_toolchain/lib/gcc/mips64-elf/13.1.0/../../../../mips64-elf/lib/libc.a(libc_a-sbrkr.o)
 .gnu.attributes
                0x00000390       0x10 /n64_toolchain/lib/gcc/mips64-elf/13.1.0/../../../../mips64-elf/lib/libc.a(libc_a-impure.o)
 .gnu.attributes
                0x000003a0       0x10 /n64_toolchain/lib/gcc/mips64-elf/13.1.0/../../../../mips64-elf/lib/libc.a(libc_a-strlen.o)
 .gnu.attributes
                0x000003b0       0x10 /n64_toolchain/lib/gcc/mips64-elf/13.1.0/../../../../mips64-elf/lib/libc.a(libc_a-strcmp.o)
 .gnu.attributes
                0x000003c0       0x10 /n64_toolchain/lib/gcc/mips64-elf/13.1.0/../../../../mips64-elf/lib/libc.a(libc_a-makebuf.o)
 .gnu.attributes
                0x000003d0       0x10 /n64_toolchain/lib/gcc/mips64-elf/13.1.0/../../../../mips64-elf/lib/libc.a(libc_a-putc.o)
 .gnu.attributes
                0x000003e0       0x10 /n64_toolchain/lib/gcc/mips64-elf/13.1.0/../../../../mips64-elf/lib/libc.a(libc_a-wcrtomb.o)
 .gnu.attributes
                0x000003f0       0x10 /n64_toolchain/lib/gcc/mips64-elf/13.1.0/../../../../mips64-elf/lib/libc.a(libc_a-stdio.o)
 .gnu.attributes
                0x00000400       0x10 /n64_toolchain/lib/gcc/mips64-elf/13.1.0/../../../../mips64-elf/lib/libc.a(libc_a-ctype_.o)
 .gnu.attributes
                0x00000410       0x10 /n64_toolchain/lib/gcc/mips64-elf/13.1.0/../../../../mips64-elf/lib/libc.a(libc_a-svfiprintf.o)
 .gnu.attributes
                0x00000420       0x10 /n64_toolchain/lib/gcc/mips64-elf/13.1.0/../../../../mips64-elf/lib/libc.a(libc_a-callocr.o)
 .gnu.attributes
                0x00000430       0x10 /n64_toolchain/lib/gcc/mips64-elf/13.1.0/../../../../mips64-elf/lib/libc.a(libc_a-memchr.o)
 .gnu.attributes
                0x00000440       0x10 /n64_toolchain/lib/gcc/mips64-elf/13.1.0/../../../../mips64-elf/lib/libc.a(libc_a-wsetup.o)
 .gnu.attributes
                0x00000450       0x10 /n64_toolchain/lib/gcc/mips64-elf/13.1.0/../../../../mips64-elf/lib/libc.a(libc_a-wbuf.o)
 .gnu.attributes
                0x00000460       0x10 /n64_toolchain/lib/gcc/mips64-elf/13.1.0/../../../../mips64-elf/lib/libc.a(libc_a-fclose.o)
 .gnu.attributes
                0x00000470       0x10 /n64_toolchain/lib/gcc/mips64-elf/13.1.0/../../../../mips64-elf/lib/libc.a(libc_a-mbtowc_r.o)
 .gnu.attributes
                0x00000480       0x10 /n64_toolchain/lib/gcc/mips64-elf/13.1.0/../../../../mips64-elf/lib/libc.a(libc_a-fstatr.o)
 .gnu.attributes
                0x00000490       0x10 /n64_toolchain/lib/gcc/mips64-elf/13.1.0/../../../../mips64-elf/lib/libc.a(libc_a-isattyr.o)
 .gnu.attributes
                0x000004a0       0x10 /n64_toolchain/lib/gcc/mips64-elf/13.1.0/../../../../mips64-elf/lib/libc.a(libc_a-closer.o)
 .gnu.attributes
                0x000004b0       0x10 /n64_toolchain/lib/gcc/mips64-elf/13.1.0/../../../../mips64-elf/lib/libc.a(libc_a-lseekr.o)
 .gnu.attributes
                0x000004c0       0x10 /n64_toolchain/lib/gcc/mips64-elf/13.1.0/../../../../mips64-elf/lib/libc.a(libc_a-readr.o)
 .gnu.attributes
                0x000004d0       0x10 /n64_toolchain/lib/gcc/mips64-elf/13.1.0/../../../../mips64-elf/lib/libc.a(libc_a-writer.o)
 .gnu.attributes
                0x000004e0       0x10 /n64_toolchain/lib/gcc/mips64-elf/13.1.0/../../../../mips64-elf/lib/libc.a(libc_a-errno.o)
 .gnu.attributes
                0x000004f0       0x10 /n64_toolchain/lib/gcc/mips64-elf/13.1.0/crtend.o

.mdebug.abiO64  0x00000000        0x0
 .mdebug.abiO64
                0x00000000        0x0 /n64_toolchain/lib/gcc/mips64-elf/13.1.0/crtbegin.o
 .mdebug.abiO64
                0x00000000        0x0 /n64_toolchain/mips64-elf/lib/libdragon.a(debug.o)
 .mdebug.abiO64
                0x00000000        0x0 /n64_toolchain/mips64-elf/lib/libdragon.a(console.o)
 .mdebug.abiO64
                0x00000000        0x0 /n64_toolchain/mips64-elf/lib/libdragon.a(graphics.o)
 .mdebug.abiO64
                0x00000000        0x0 /n64_toolchain/mips64-elf/lib/libdragon.a(dma.o)
 .mdebug.abiO64
                0x00000000        0x0 /n64_toolchain/mips64-elf/lib/libdragon.a(do_ctors.o)
 .mdebug.abiO64
                0x00000000        0x0 /n64_toolchain/mips64-elf/lib/libdragon.a(n64sys.o)
 .mdebug.abiO64
                0x00000000        0x0 /n64_toolchain/mips64-elf/lib/libdragon.a(interrupt.o)
 .mdebug.abiO64
                0x00000000        0x0 /n64_toolchain/mips64-elf/lib/libdragon.a(rompak.o)
 .mdebug.abiO64
                0x00000000        0x0 /n64_toolchain/mips64-elf/lib/libdragon.a(display.o)
 .mdebug.abiO64
                0x00000000        0x0 /n64_toolchain/mips64-elf/lib/libdragon.a(surface.o)
 .mdebug.abiO64
                0x00000000        0x0 /n64_toolchain/mips64-elf/lib/libdragon.a(exception.o)
 .mdebug.abiO64
                0x00000000        0x0 /n64_toolchain/mips64-elf/lib/libdragonsys.a(system.o)
 .mdebug.abiO64
                0x00000000        0x0 build/text.o
 .mdebug.abiO64
                0x00000000        0x0 build/fps.o
 .mdebug.abiO64
                0x00000000        0x0 build/main.o
 .mdebug.abiO64
                0x00000000        0x0 build/gfx.o
 .mdebug.abiO64
                0x00000000        0x0 /n64_toolchain/lib/gcc/mips64-elf/13.1.0/../../../../mips64-elf/lib/libdragon.a(dragonfs.o)
 .mdebug.abiO64
                0x00000000        0x0 /n64_toolchain/lib/gcc/mips64-elf/13.1.0/../../../../mips64-elf/lib/libdragon.a(controller.o)
 .mdebug.abiO64
                0x00000000        0x0 /n64_toolchain/lib/gcc/mips64-elf/13.1.0/../../../../mips64-elf/lib/libdragon.a(timer.o)
 .mdebug.abiO64
                0x00000000        0x0 /n64_toolchain/lib/gcc/mips64-elf/13.1.0/../../../../mips64-elf/lib/libdragon.a(joybus.o)
 .mdebug.abiO64
                0x00000000        0x0 /n64_toolchain/lib/gcc/mips64-elf/13.1.0/../../../../mips64-elf/lib/libc.a(libc_a-malign.o)
 .mdebug.abiO64
                0x00000000        0x0 /n64_toolchain/lib/gcc/mips64-elf/13.1.0/../../../../mips64-elf/lib/libc.a(libc_a-malignr.o)
 .mdebug.abiO64
                0x00000000        0x0 /n64_toolchain/lib/gcc/mips64-elf/13.1.0/../../../../mips64-elf/lib/libc.a(libc_a-sprintf.o)
 .mdebug.abiO64
                0x00000000        0x0 /n64_toolchain/lib/gcc/mips64-elf/13.1.0/../../../../mips64-elf/lib/libc.a(libc_a-abort.o)
 .mdebug.abiO64
                0x00000000        0x0 /n64_toolchain/lib/gcc/mips64-elf/13.1.0/../../../../mips64-elf/lib/libc.a(libc_a-snprintf.o)
 .mdebug.abiO64
                0x00000000        0x0 /n64_toolchain/lib/gcc/mips64-elf/13.1.0/../../../../mips64-elf/lib/libc.a(libc_a-svfprintf.o)
 .mdebug.abiO64
                0x00000000        0x0 /n64_toolchain/lib/gcc/mips64-elf/13.1.0/../../../../mips64-elf/lib/libc.a(libc_a-freer.o)
 .mdebug.abiO64
                0x00000000        0x0 /n64_toolchain/lib/gcc/mips64-elf/13.1.0/../../../../mips64-elf/lib/libc.a(libc_a-dtoa.o)
 .mdebug.abiO64
                0x00000000        0x0 /n64_toolchain/lib/gcc/mips64-elf/13.1.0/../../../../mips64-elf/lib/libc.a(libc_a-malloc.o)
 .mdebug.abiO64
                0x00000000        0x0 /n64_toolchain/lib/gcc/mips64-elf/13.1.0/../../../../mips64-elf/lib/libc.a(libc_a-memmove.o)
 .mdebug.abiO64
                0x00000000        0x0 /n64_toolchain/lib/gcc/mips64-elf/13.1.0/../../../../mips64-elf/lib/libc.a(libc_a-mallocr.o)
 .mdebug.abiO64
                0x00000000        0x0 /n64_toolchain/lib/gcc/mips64-elf/13.1.0/../../../../mips64-elf/lib/libc.a(libc_a-strcpy.o)
 .mdebug.abiO64
                0x00000000        0x0 /n64_toolchain/lib/gcc/mips64-elf/13.1.0/../../../../mips64-elf/lib/libc.a(libc_a-vfprintf.o)
 .mdebug.abiO64
                0x00000000        0x0 /n64_toolchain/lib/gcc/mips64-elf/13.1.0/../../../../mips64-elf/lib/libc.a(libc_a-signal.o)
 .mdebug.abiO64
                0x00000000        0x0 /n64_toolchain/lib/gcc/mips64-elf/13.1.0/../../../../mips64-elf/lib/libc.a(libc_a-fflush.o)
 .mdebug.abiO64
                0x00000000        0x0 /n64_toolchain/lib/gcc/mips64-elf/13.1.0/../../../../mips64-elf/lib/libc.a(libc_a-mlock.o)
 .mdebug.abiO64
                0x00000000        0x0 /n64_toolchain/lib/gcc/mips64-elf/13.1.0/../../../../mips64-elf/lib/libc.a(libc_a-vfiprintf.o)
 .mdebug.abiO64
                0x00000000        0x0 /n64_toolchain/lib/gcc/mips64-elf/13.1.0/../../../../mips64-elf/lib/libc.a(libc_a-fprintf.o)
 .mdebug.abiO64
                0x00000000        0x0 /n64_toolchain/lib/gcc/mips64-elf/13.1.0/../../../../mips64-elf/lib/libc.a(libc_a-mprec.o)
 .mdebug.abiO64
                0x00000000        0x0 /n64_toolchain/lib/gcc/mips64-elf/13.1.0/../../../../mips64-elf/lib/libc.a(libc_a-strcat.o)
 .mdebug.abiO64
                0x00000000        0x0 /n64_toolchain/lib/gcc/mips64-elf/13.1.0/../../../../mips64-elf/lib/libc.a(libc_a-fputc.o)
 .mdebug.abiO64
                0x00000000        0x0 /n64_toolchain/lib/gcc/mips64-elf/13.1.0/../../../../mips64-elf/lib/libc.a(libc_a-fvwrite.o)
 .mdebug.abiO64
                0x00000000        0x0 /n64_toolchain/lib/gcc/mips64-elf/13.1.0/../../../../mips64-elf/lib/libc.a(libc_a-fwalk.o)
 .mdebug.abiO64
                0x00000000        0x0 /n64_toolchain/lib/gcc/mips64-elf/13.1.0/../../../../mips64-elf/lib/libc.a(libc_a-fwrite.o)
 .mdebug.abiO64
                0x00000000        0x0 /n64_toolchain/lib/gcc/mips64-elf/13.1.0/../../../../mips64-elf/lib/libc.a(libc_a-findfp.o)
 .mdebug.abiO64
                0x00000000        0x0 /n64_toolchain/lib/gcc/mips64-elf/13.1.0/../../../../mips64-elf/lib/libc.a(libc_a-reallocr.o)
 .mdebug.abiO64
                0x00000000        0x0 /n64_toolchain/lib/gcc/mips64-elf/13.1.0/../../../../mips64-elf/lib/libc.a(libc_a-fputwc.o)
 .mdebug.abiO64
                0x00000000        0x0 /n64_toolchain/lib/gcc/mips64-elf/13.1.0/../../../../mips64-elf/lib/libc.a(libc_a-locale.o)
 .mdebug.abiO64
                0x00000000        0x0 /n64_toolchain/lib/gcc/mips64-elf/13.1.0/../../../../mips64-elf/lib/libc.a(libc_a-localeconv.o)
 .mdebug.abiO64
                0x00000000        0x0 /n64_toolchain/lib/gcc/mips64-elf/13.1.0/../../../../mips64-elf/lib/libc.a(libc_a-wctomb_r.o)
 .mdebug.abiO64
                0x00000000        0x0 /n64_toolchain/lib/gcc/mips64-elf/13.1.0/../../../../mips64-elf/lib/libc.a(libc_a-signalr.o)
 .mdebug.abiO64
                0x00000000        0x0 /n64_toolchain/lib/gcc/mips64-elf/13.1.0/../../../../mips64-elf/lib/libc.a(libc_a-sbrkr.o)
 .mdebug.abiO64
                0x00000000        0x0 /n64_toolchain/lib/gcc/mips64-elf/13.1.0/../../../../mips64-elf/lib/libc.a(libc_a-impure.o)
 .mdebug.abiO64
                0x00000000        0x0 /n64_toolchain/lib/gcc/mips64-elf/13.1.0/../../../../mips64-elf/lib/libc.a(libc_a-strlen.o)
 .mdebug.abiO64
                0x00000000        0x0 /n64_toolchain/lib/gcc/mips64-elf/13.1.0/../../../../mips64-elf/lib/libc.a(libc_a-makebuf.o)
 .mdebug.abiO64
                0x00000000        0x0 /n64_toolchain/lib/gcc/mips64-elf/13.1.0/../../../../mips64-elf/lib/libc.a(libc_a-putc.o)
 .mdebug.abiO64
                0x00000000        0x0 /n64_toolchain/lib/gcc/mips64-elf/13.1.0/../../../../mips64-elf/lib/libc.a(libc_a-wcrtomb.o)
 .mdebug.abiO64
                0x00000000        0x0 /n64_toolchain/lib/gcc/mips64-elf/13.1.0/../../../../mips64-elf/lib/libc.a(libc_a-stdio.o)
 .mdebug.abiO64
                0x00000000        0x0 /n64_toolchain/lib/gcc/mips64-elf/13.1.0/../../../../mips64-elf/lib/libc.a(libc_a-ctype_.o)
 .mdebug.abiO64
                0x00000000        0x0 /n64_toolchain/lib/gcc/mips64-elf/13.1.0/../../../../mips64-elf/lib/libc.a(libc_a-svfiprintf.o)
 .mdebug.abiO64
                0x00000000        0x0 /n64_toolchain/lib/gcc/mips64-elf/13.1.0/../../../../mips64-elf/lib/libc.a(libc_a-callocr.o)
 .mdebug.abiO64
                0x00000000        0x0 /n64_toolchain/lib/gcc/mips64-elf/13.1.0/../../../../mips64-elf/lib/libc.a(libc_a-memchr.o)
 .mdebug.abiO64
                0x00000000        0x0 /n64_toolchain/lib/gcc/mips64-elf/13.1.0/../../../../mips64-elf/lib/libc.a(libc_a-wsetup.o)
 .mdebug.abiO64
                0x00000000        0x0 /n64_toolchain/lib/gcc/mips64-elf/13.1.0/../../../../mips64-elf/lib/libc.a(libc_a-wbuf.o)
 .mdebug.abiO64
                0x00000000        0x0 /n64_toolchain/lib/gcc/mips64-elf/13.1.0/../../../../mips64-elf/lib/libc.a(libc_a-fclose.o)
 .mdebug.abiO64
                0x00000000        0x0 /n64_toolchain/lib/gcc/mips64-elf/13.1.0/../../../../mips64-elf/lib/libc.a(libc_a-mbtowc_r.o)
 .mdebug.abiO64
                0x00000000        0x0 /n64_toolchain/lib/gcc/mips64-elf/13.1.0/../../../../mips64-elf/lib/libc.a(libc_a-fstatr.o)
 .mdebug.abiO64
                0x00000000        0x0 /n64_toolchain/lib/gcc/mips64-elf/13.1.0/../../../../mips64-elf/lib/libc.a(libc_a-isattyr.o)
 .mdebug.abiO64
                0x00000000        0x0 /n64_toolchain/lib/gcc/mips64-elf/13.1.0/../../../../mips64-elf/lib/libc.a(libc_a-closer.o)
 .mdebug.abiO64
                0x00000000        0x0 /n64_toolchain/lib/gcc/mips64-elf/13.1.0/../../../../mips64-elf/lib/libc.a(libc_a-lseekr.o)
 .mdebug.abiO64
                0x00000000        0x0 /n64_toolchain/lib/gcc/mips64-elf/13.1.0/../../../../mips64-elf/lib/libc.a(libc_a-readr.o)
 .mdebug.abiO64
                0x00000000        0x0 /n64_toolchain/lib/gcc/mips64-elf/13.1.0/../../../../mips64-elf/lib/libc.a(libc_a-writer.o)
 .mdebug.abiO64
                0x00000000        0x0 /n64_toolchain/lib/gcc/mips64-elf/13.1.0/../../../../mips64-elf/lib/libc.a(libc_a-errno.o)
 .mdebug.abiO64
                0x00000000        0x0 /n64_toolchain/lib/gcc/mips64-elf/13.1.0/crtend.o

.gcc_compiled_long32
                0x00000000        0x0
 .gcc_compiled_long32
                0x00000000        0x0 /n64_toolchain/lib/gcc/mips64-elf/13.1.0/crtbegin.o
 .gcc_compiled_long32
                0x00000000        0x0 /n64_toolchain/mips64-elf/lib/libdragon.a(debug.o)
 .gcc_compiled_long32
                0x00000000        0x0 /n64_toolchain/mips64-elf/lib/libdragon.a(console.o)
 .gcc_compiled_long32
                0x00000000        0x0 /n64_toolchain/mips64-elf/lib/libdragon.a(graphics.o)
 .gcc_compiled_long32
                0x00000000        0x0 /n64_toolchain/mips64-elf/lib/libdragon.a(dma.o)
 .gcc_compiled_long32
                0x00000000        0x0 /n64_toolchain/mips64-elf/lib/libdragon.a(do_ctors.o)
 .gcc_compiled_long32
                0x00000000        0x0 /n64_toolchain/mips64-elf/lib/libdragon.a(n64sys.o)
 .gcc_compiled_long32
                0x00000000        0x0 /n64_toolchain/mips64-elf/lib/libdragon.a(interrupt.o)
 .gcc_compiled_long32
                0x00000000        0x0 /n64_toolchain/mips64-elf/lib/libdragon.a(rompak.o)
 .gcc_compiled_long32
                0x00000000        0x0 /n64_toolchain/mips64-elf/lib/libdragon.a(display.o)
 .gcc_compiled_long32
                0x00000000        0x0 /n64_toolchain/mips64-elf/lib/libdragon.a(surface.o)
 .gcc_compiled_long32
                0x00000000        0x0 /n64_toolchain/mips64-elf/lib/libdragon.a(exception.o)
 .gcc_compiled_long32
                0x00000000        0x0 /n64_toolchain/mips64-elf/lib/libdragonsys.a(system.o)
 .gcc_compiled_long32
                0x00000000        0x0 build/text.o
 .gcc_compiled_long32
                0x00000000        0x0 build/fps.o
 .gcc_compiled_long32
                0x00000000        0x0 build/main.o
 .gcc_compiled_long32
                0x00000000        0x0 build/gfx.o
 .gcc_compiled_long32
                0x00000000        0x0 /n64_toolchain/lib/gcc/mips64-elf/13.1.0/../../../../mips64-elf/lib/libdragon.a(dragonfs.o)
 .gcc_compiled_long32
                0x00000000        0x0 /n64_toolchain/lib/gcc/mips64-elf/13.1.0/../../../../mips64-elf/lib/libdragon.a(controller.o)
 .gcc_compiled_long32
                0x00000000        0x0 /n64_toolchain/lib/gcc/mips64-elf/13.1.0/../../../../mips64-elf/lib/libdragon.a(timer.o)
 .gcc_compiled_long32
                0x00000000        0x0 /n64_toolchain/lib/gcc/mips64-elf/13.1.0/../../../../mips64-elf/lib/libdragon.a(joybus.o)
 .gcc_compiled_long32
                0x00000000        0x0 /n64_toolchain/lib/gcc/mips64-elf/13.1.0/../../../../mips64-elf/lib/libc.a(libc_a-malign.o)
 .gcc_compiled_long32
                0x00000000        0x0 /n64_toolchain/lib/gcc/mips64-elf/13.1.0/../../../../mips64-elf/lib/libc.a(libc_a-malignr.o)
 .gcc_compiled_long32
                0x00000000        0x0 /n64_toolchain/lib/gcc/mips64-elf/13.1.0/../../../../mips64-elf/lib/libc.a(libc_a-sprintf.o)
 .gcc_compiled_long32
                0x00000000        0x0 /n64_toolchain/lib/gcc/mips64-elf/13.1.0/../../../../mips64-elf/lib/libc.a(libc_a-abort.o)
 .gcc_compiled_long32
                0x00000000        0x0 /n64_toolchain/lib/gcc/mips64-elf/13.1.0/../../../../mips64-elf/lib/libc.a(libc_a-snprintf.o)
 .gcc_compiled_long32
                0x00000000        0x0 /n64_toolchain/lib/gcc/mips64-elf/13.1.0/../../../../mips64-elf/lib/libc.a(libc_a-svfprintf.o)
 .gcc_compiled_long32
                0x00000000        0x0 /n64_toolchain/lib/gcc/mips64-elf/13.1.0/../../../../mips64-elf/lib/libc.a(libc_a-freer.o)
 .gcc_compiled_long32
                0x00000000        0x0 /n64_toolchain/lib/gcc/mips64-elf/13.1.0/../../../../mips64-elf/lib/libc.a(libc_a-dtoa.o)
 .gcc_compiled_long32
                0x00000000        0x0 /n64_toolchain/lib/gcc/mips64-elf/13.1.0/../../../../mips64-elf/lib/libc.a(libc_a-malloc.o)
 .gcc_compiled_long32
                0x00000000        0x0 /n64_toolchain/lib/gcc/mips64-elf/13.1.0/../../../../mips64-elf/lib/libc.a(libc_a-memmove.o)
 .gcc_compiled_long32
                0x00000000        0x0 /n64_toolchain/lib/gcc/mips64-elf/13.1.0/../../../../mips64-elf/lib/libc.a(libc_a-mallocr.o)
 .gcc_compiled_long32
                0x00000000        0x0 /n64_toolchain/lib/gcc/mips64-elf/13.1.0/../../../../mips64-elf/lib/libc.a(libc_a-strcpy.o)
 .gcc_compiled_long32
                0x00000000        0x0 /n64_toolchain/lib/gcc/mips64-elf/13.1.0/../../../../mips64-elf/lib/libc.a(libc_a-vfprintf.o)
 .gcc_compiled_long32
                0x00000000        0x0 /n64_toolchain/lib/gcc/mips64-elf/13.1.0/../../../../mips64-elf/lib/libc.a(libc_a-signal.o)
 .gcc_compiled_long32
                0x00000000        0x0 /n64_toolchain/lib/gcc/mips64-elf/13.1.0/../../../../mips64-elf/lib/libc.a(libc_a-fflush.o)
 .gcc_compiled_long32
                0x00000000        0x0 /n64_toolchain/lib/gcc/mips64-elf/13.1.0/../../../../mips64-elf/lib/libc.a(libc_a-mlock.o)
 .gcc_compiled_long32
                0x00000000        0x0 /n64_toolchain/lib/gcc/mips64-elf/13.1.0/../../../../mips64-elf/lib/libc.a(libc_a-vfiprintf.o)
 .gcc_compiled_long32
                0x00000000        0x0 /n64_toolchain/lib/gcc/mips64-elf/13.1.0/../../../../mips64-elf/lib/libc.a(libc_a-fprintf.o)
 .gcc_compiled_long32
                0x00000000        0x0 /n64_toolchain/lib/gcc/mips64-elf/13.1.0/../../../../mips64-elf/lib/libc.a(libc_a-mprec.o)
 .gcc_compiled_long32
                0x00000000        0x0 /n64_toolchain/lib/gcc/mips64-elf/13.1.0/../../../../mips64-elf/lib/libc.a(libc_a-strcat.o)
 .gcc_compiled_long32
                0x00000000        0x0 /n64_toolchain/lib/gcc/mips64-elf/13.1.0/../../../../mips64-elf/lib/libc.a(libc_a-fputc.o)
 .gcc_compiled_long32
                0x00000000        0x0 /n64_toolchain/lib/gcc/mips64-elf/13.1.0/../../../../mips64-elf/lib/libc.a(libc_a-fvwrite.o)
 .gcc_compiled_long32
                0x00000000        0x0 /n64_toolchain/lib/gcc/mips64-elf/13.1.0/../../../../mips64-elf/lib/libc.a(libc_a-fwalk.o)
 .gcc_compiled_long32
                0x00000000        0x0 /n64_toolchain/lib/gcc/mips64-elf/13.1.0/../../../../mips64-elf/lib/libc.a(libc_a-fwrite.o)
 .gcc_compiled_long32
                0x00000000        0x0 /n64_toolchain/lib/gcc/mips64-elf/13.1.0/../../../../mips64-elf/lib/libc.a(libc_a-findfp.o)
 .gcc_compiled_long32
                0x00000000        0x0 /n64_toolchain/lib/gcc/mips64-elf/13.1.0/../../../../mips64-elf/lib/libc.a(libc_a-reallocr.o)
 .gcc_compiled_long32
                0x00000000        0x0 /n64_toolchain/lib/gcc/mips64-elf/13.1.0/../../../../mips64-elf/lib/libc.a(libc_a-fputwc.o)
 .gcc_compiled_long32
                0x00000000        0x0 /n64_toolchain/lib/gcc/mips64-elf/13.1.0/../../../../mips64-elf/lib/libc.a(libc_a-locale.o)
 .gcc_compiled_long32
                0x00000000        0x0 /n64_toolchain/lib/gcc/mips64-elf/13.1.0/../../../../mips64-elf/lib/libc.a(libc_a-localeconv.o)
 .gcc_compiled_long32
                0x00000000        0x0 /n64_toolchain/lib/gcc/mips64-elf/13.1.0/../../../../mips64-elf/lib/libc.a(libc_a-wctomb_r.o)
 .gcc_compiled_long32
                0x00000000        0x0 /n64_toolchain/lib/gcc/mips64-elf/13.1.0/../../../../mips64-elf/lib/libc.a(libc_a-signalr.o)
 .gcc_compiled_long32
                0x00000000        0x0 /n64_toolchain/lib/gcc/mips64-elf/13.1.0/../../../../mips64-elf/lib/libc.a(libc_a-sbrkr.o)
 .gcc_compiled_long32
                0x00000000        0x0 /n64_toolchain/lib/gcc/mips64-elf/13.1.0/../../../../mips64-elf/lib/libc.a(libc_a-impure.o)
 .gcc_compiled_long32
                0x00000000        0x0 /n64_toolchain/lib/gcc/mips64-elf/13.1.0/../../../../mips64-elf/lib/libc.a(libc_a-strlen.o)
 .gcc_compiled_long32
                0x00000000        0x0 /n64_toolchain/lib/gcc/mips64-elf/13.1.0/../../../../mips64-elf/lib/libc.a(libc_a-makebuf.o)
 .gcc_compiled_long32
                0x00000000        0x0 /n64_toolchain/lib/gcc/mips64-elf/13.1.0/../../../../mips64-elf/lib/libc.a(libc_a-putc.o)
 .gcc_compiled_long32
                0x00000000        0x0 /n64_toolchain/lib/gcc/mips64-elf/13.1.0/../../../../mips64-elf/lib/libc.a(libc_a-wcrtomb.o)
 .gcc_compiled_long32
                0x00000000        0x0 /n64_toolchain/lib/gcc/mips64-elf/13.1.0/../../../../mips64-elf/lib/libc.a(libc_a-stdio.o)
 .gcc_compiled_long32
                0x00000000        0x0 /n64_toolchain/lib/gcc/mips64-elf/13.1.0/../../../../mips64-elf/lib/libc.a(libc_a-ctype_.o)
 .gcc_compiled_long32
                0x00000000        0x0 /n64_toolchain/lib/gcc/mips64-elf/13.1.0/../../../../mips64-elf/lib/libc.a(libc_a-svfiprintf.o)
 .gcc_compiled_long32