Archive member included to satisfy reference by file (symbol)

/n64_toolchain/mips64-elf/lib/libdragon.a(entrypoint.o)
                              (_start)
/n64_toolchain/mips64-elf/lib/libdragon.a(debug.o)
                              /n64_toolchain/mips64-elf/lib/libdragon.a(entrypoint.o) (debug_assert_func)
/n64_toolchain/mips64-elf/lib/libdragon.a(usb.o)
                              /n64_toolchain/mips64-elf/lib/libdragon.a(debug.o) (usb_write)
/n64_toolchain/mips64-elf/lib/libdragon.a(cart.o)
                              /n64_toolchain/mips64-elf/lib/libdragon.a(debug.o) (cart_init)
/n64_toolchain/mips64-elf/lib/libdragon.a(ff.o)
                              /n64_toolchain/mips64-elf/lib/libdragon.a(debug.o) (f_mount)
/n64_toolchain/mips64-elf/lib/libdragon.a(ffunicode.o)
                              /n64_toolchain/mips64-elf/lib/libdragon.a(ff.o) (ff_uni2oem)
/n64_toolchain/mips64-elf/lib/libdragon.a(inspector.o)
                              /n64_toolchain/mips64-elf/lib/libdragon.a(debug.o) (__inspector_assertion)
/n64_toolchain/mips64-elf/lib/libdragon.a(dma.o)
                              /n64_toolchain/mips64-elf/lib/libdragon.a(debug.o) (io_accessible)
/n64_toolchain/mips64-elf/lib/libdragon.a(exception.o)
                              /n64_toolchain/mips64-elf/lib/libdragon.a(inspector.o) (__exception_dump_header)
/n64_toolchain/mips64-elf/lib/libdragon.a(do_ctors.o)
                              /n64_toolchain/mips64-elf/lib/libdragon.a(entrypoint.o) (__wrap___do_global_ctors)
/n64_toolchain/mips64-elf/lib/libdragon.a(n64sys.o)
                              /n64_toolchain/mips64-elf/lib/libdragon.a(entrypoint.o) (__bbplayer)
/n64_toolchain/mips64-elf/lib/libdragon.a(interrupt.o)
                              /n64_toolchain/mips64-elf/lib/libdragon.a(debug.o) (disable_interrupts)
/n64_toolchain/mips64-elf/lib/libdragon.a(backtrace.o)
                              /n64_toolchain/mips64-elf/lib/libdragon.a(inspector.o) (__symbolize)
/n64_toolchain/mips64-elf/lib/libdragon.a(inthandler.o)
                              /n64_toolchain/mips64-elf/lib/libdragon.a(entrypoint.o) (inthandler)
/n64_toolchain/mips64-elf/lib/libdragon.a(rompak.o)
                              /n64_toolchain/mips64-elf/lib/libdragon.a(backtrace.o) (rompak_search_ext)
/n64_toolchain/mips64-elf/lib/libdragon.a(display.o)
                              /n64_toolchain/mips64-elf/lib/libdragon.a(inspector.o) (display_init)
/n64_toolchain/mips64-elf/lib/libdragon.a(surface.o)
                              /n64_toolchain/mips64-elf/lib/libdragon.a(display.o) (surface_alloc)
/n64_toolchain/mips64-elf/lib/libdragon.a(controller.o)
                              /n64_toolchain/mips64-elf/lib/libdragon.a(inspector.o) (controller_read)
/n64_toolchain/mips64-elf/lib/libdragon.a(graphics.o)
                              /n64_toolchain/mips64-elf/lib/libdragon.a(inspector.o) (graphics_set_color)
/n64_toolchain/mips64-elf/lib/libdragon.a(joybus.o)
                              /n64_toolchain/mips64-elf/lib/libdragon.a(controller.o) (joybus_exec_async)
/n64_toolchain/mips64-elf/lib/libdragonsys.a(system.o)
                              /n64_toolchain/mips64-elf/lib/libdragon.a(debug.o) (attach_filesystem)
/n64_toolchain/lib/gcc/mips64-elf/13.1.0/../../../../mips64-elf/lib/libdragon.a(dragonfs.o)
                              build/text.o (dfs_open)
/n64_toolchain/lib/gcc/mips64-elf/13.1.0/../../../../mips64-elf/lib/libdragon.a(audio.o)
                              build/sfx.o (audio_init)
/n64_toolchain/lib/gcc/mips64-elf/13.1.0/../../../../mips64-elf/lib/libdragon.a(console.o)
                              build/main.o (console_set_debug)
/n64_toolchain/lib/gcc/mips64-elf/13.1.0/../../../../mips64-elf/lib/libdragon.a(timer.o)
                              build/main.o (timer_init)
/n64_toolchain/lib/gcc/mips64-elf/13.1.0/../../../../mips64-elf/lib/libdragon.a(mixer.o)
                              build/sfx.o (mixer_ch_play)
/n64_toolchain/lib/gcc/mips64-elf/13.1.0/../../../../mips64-elf/lib/libdragon.a(samplebuffer.o)
                              /n64_toolchain/lib/gcc/mips64-elf/13.1.0/../../../../mips64-elf/lib/libdragon.a(mixer.o) (samplebuffer_init)
/n64_toolchain/lib/gcc/mips64-elf/13.1.0/../../../../mips64-elf/lib/libdragon.a(rsp_mixer.o)
                              /n64_toolchain/lib/gcc/mips64-elf/13.1.0/../../../../mips64-elf/lib/libdragon.a(mixer.o) (rsp_mixer_data_start)
/n64_toolchain/lib/gcc/mips64-elf/13.1.0/../../../../mips64-elf/lib/libdragon.a(wav64.o)
                              build/sfx.o (wav64_open)
/n64_toolchain/lib/gcc/mips64-elf/13.1.0/../../../../mips64-elf/lib/libdragon.a(rspq.o)
                              /n64_toolchain/lib/gcc/mips64-elf/13.1.0/../../../../mips64-elf/lib/libdragon.a(mixer.o) (rspq_cur_pointer)
/n64_toolchain/lib/gcc/mips64-elf/13.1.0/../../../../mips64-elf/lib/libdragon.a(rsp_queue.o)
[...]
Memory Configuration

Name             Origin             Length             Attributes
mem              0x80000000         0x00400000
*default*        0x00000000         0xffffffff

Linker script and memory map

LOAD /n64_toolchain/lib/gcc/mips64-elf/13.1.0/crti.o
LOAD /n64_toolchain/lib/gcc/mips64-elf/13.1.0/crtbegin.o
LOAD /n64_toolchain/mips64-elf/lib/libdragon.a
LOAD /n64_toolchain/mips64-elf/lib/libdragonsys.a
LOAD build/text.o
LOAD build/fps.o
LOAD build/main.o
LOAD build/gfx.o
LOAD build/input.o
LOAD build/sfx.o
LOAD /n64_toolchain/lib/gcc/mips64-elf/13.1.0/../../../../mips64-elf/lib/libdragon.a
LOAD /n64_toolchain/lib/gcc/mips64-elf/13.1.0/../../../../mips64-elf/lib/libm.a
LOAD /n64_toolchain/lib/gcc/mips64-elf/13.1.0/../../../../mips64-elf/lib/libdragonsys.a
                0x80000000                        __kseg0_start = 0x80000000
                0x80000400                        __libdragon_text_start = (__kseg0_start + 0x400)

.text           0x80000400    0x1e850
 *(.boot)
 .boot          0x80000400      0x18c /n64_toolchain/mips64-elf/lib/libdragon.a(entrypoint.o)
                0x80000400                _start
                0x80000590                        . = ALIGN (0x10)
 *fill*         0x8000058c        0x4 
                0x80000590                        __text_start = .
 *(.text)
 *fill*         0x80000590       0x10 
 .text          0x800005a0      0x360 /n64_toolchain/mips64-elf/lib/libdragon.a(inthandler.o)
                0x800005a0                inthandler
                0x80000900                inthandler_end
 .text          0x80000900      0x110 /n64_toolchain/lib/gcc/mips64-elf/13.1.0/../../../../mips64-elf/lib/libm.a(libm_a-sf_ceil.o)
                0x80000900                ceilf
 .text          0x80000a10      0x11c /n64_toolchain/lib/gcc/mips64-elf/13.1.0/../../../../mips64-elf/lib/libc.a(libc_a-memset.o)
                0x80000a10                memset
 .text          0x80000b2c      0x370 /n64_toolchain/lib/gcc/mips64-elf/13.1.0/../../../../mips64-elf/lib/libc.a(libc_a-memcpy.o)
                0x80000b2c                memcpy
 *fill*         0x80000e9c        0x4 
 .text          0x80000ea0       0x70 /n64_toolchain/lib/gcc/mips64-elf/13.1.0/../../../../mips64-elf/lib/libc.a(libc_a-printf.o)
                0x80000ea0                _printf_r
                0x80000ed0                printf
 .text          0x80000f10       0x18 /n64_toolchain/lib/gcc/mips64-elf/13.1.0/../../../../mips64-elf/lib/libc.a(libc_a-malign.o)
                0x80000f10                memalign
 .text          0x80000f28      0x1f8 /n64_toolchain/lib/gcc/mips64-elf/13.1.0/../../../../mips64-elf/lib/libc.a(libc_a-malignr.o)
                0x80000f28                _memalign_r
 .text          0x80001120       0x20 /n64_toolchain/lib/gcc/mips64-elf/13.1.0/../../../../mips64-elf/lib/libc.a(libc_a-putchar.o)
                0x80001120                _putchar_r
                0x80001128                putchar
 .text          0x80001140       0xd8 /n64_toolchain/lib/gcc/mips64-elf/13.1.0/../../../../mips64-elf/lib/libc.a(libc_a-sprintf.o)
                0x80001140                _sprintf_r
                0x800011a8                sprintf
 .text          0x80001218       0xe0 /n64_toolchain/lib/gcc/mips64-elf/13.1.0/../../../../mips64-elf/lib/libc.a(libc_a-puts.o)
                0x80001218                _puts_r
                0x800012e8                puts
 .text          0x800012f8       0x18 /n64_toolchain/lib/gcc/mips64-elf/13.1.0/../../../../mips64-elf/lib/libc.a(libc_a-abort.o)
                0x800012f8                abort
 .text          0x80001310      0x1c8 /n64_toolchain/lib/gcc/mips64-elf/13.1.0/../../../../mips64-elf/lib/libc.a(libc_a-snprintf.o)
                0x80001310                _snprintf_r
                0x800013f0                snprintf
 .text          0x800014d8     0x1fb0 /n64_toolchain/lib/gcc/mips64-elf/13.1.0/../../../../mips64-elf/lib/libc.a(libc_a-svfprintf.o)
                0x800014d8                _svfprintf_r
 .text          0x80003488      0x480 /n64_toolchain/lib/gcc/mips64-elf/13.1.0/../../../../mips64-elf/lib/libc.a(libc_a-freer.o)
                0x80003488                _malloc_trim_r
                0x800035c8                _free_r
 .text          0x80003908       0x88 /n64_toolchain/lib/gcc/mips64-elf/13.1.0/../../../../mips64-elf/lib/libc.a(libc_a-memcmp.o)
                0x80003908                memcmp
 .text          0x80003990       0x30 /n64_toolchain/lib/gcc/mips64-elf/13.1.0/../../../../mips64-elf/lib/libc.a(libc_a-vprintf.o)
                0x80003990                vprintf
                0x800039a8                _vprintf_r
 .text          0x800039c0     0x1658 /n64_toolchain/lib/gcc/mips64-elf/13.1.0/../../../../mips64-elf/lib/libc.a(libc_a-dtoa.o)
                0x80003c10                _dtoa_r
 .text          0x80005018       0x20 /n64_toolchain/lib/gcc/mips64-elf/13.1.0/../../../../mips64-elf/lib/libc.a(libc_a-malloc.o)
                0x80005018                malloc
                0x80005028                free
 .text          0x80005038      0x140 /n64_toolchain/lib/gcc/mips64-elf/13.1.0/../../../../mips64-elf/lib/libc.a(libc_a-memmove.o)
                0x80005038                memmove
 .text          0x80005178      0x888 /n64_toolchain/lib/gcc/mips64-elf/13.1.0/../../../../mips64-elf/lib/libc.a(libc_a-mallocr.o)
                0x80005178                _malloc_r
 .text          0x80005a00       0xa8 /n64_toolchain/lib/gcc/mips64-elf/13.1.0/../../../../mips64-elf/lib/libc.a(libc_a-strcpy.o)
                0x80005a00                strcpy
 .text          0x80005aa8     0x21e8 /n64_toolchain/lib/gcc/mips64-elf/13.1.0/../../../../mips64-elf/lib/libc.a(libc_a-vfprintf.o)
                0x80005aa8                _vfprintf_r
                0x80007ba8                vfprintf
 .text          0x80007c90      0x570 /n64_toolchain/lib/gcc/mips64-elf/13.1.0/../../../../mips64-elf/lib/libc.a(libc_a-signal.o)
                0x80007c90                _init_signal_r
                0x80007cf8                _signal_r
                0x80007d98                _raise_r
                0x80007e50                __sigtramp_r
                0x80007f40                raise
                0x80008008                signal
                0x800080a8                _init_signal
                0x80008118                __sigtramp
 .text          0x80008200      0x338 /n64_toolchain/lib/gcc/mips64-elf/13.1.0/../../../../mips64-elf/lib/libc.a(libc_a-fflush.o)
                0x80008200                __sflush_r
                0x80008458                _fflush_r
                0x800084b8                fflush
 .text          0x80008538       0x10 /n64_toolchain/lib/gcc/mips64-elf/13.1.0/../../../../mips64-elf/lib/libc.a(libc_a-mlock.o)
                0x80008538                __malloc_lock
                0x80008540                __malloc_unlock
 .text          0x80008548     0x1390 /n64_toolchain/lib/gcc/mips64-elf/13.1.0/../../../../mips64-elf/lib/libc.a(libc_a-vfiprintf.o)
                0x80008680                __sprint_r
                0x800086a0                _vfiprintf_r
                0x800097f0                vfiprintf
 .text          0x800098d8       0x68 /n64_toolchain/lib/gcc/mips64-elf/13.1.0/../../../../mips64-elf/lib/libc.a(libc_a-fprintf.o)
                0x800098d8                _fprintf_r
                0x80009900                fprintf
 .text          0x80009940     0x1438 /n64_toolchain/lib/gcc/mips64-elf/13.1.0/../../../../mips64-elf/lib/libc.a(libc_a-mprec.o)
                0x80009940                _Balloc
                0x800099f0                _Bfree
                0x80009a20                __multadd
                0x80009b80                __s2b
                0x80009d00                __hi0bits
                0x80009d88                __lo0bits
                0x80009e50                __i2b
                0x80009f28                __multiply
                0x8000a1b8                __pow5mult
                0x8000a320                __lshift
                0x8000a4d8                __mcmp
                0x8000a540                __mdiff
                0x8000a7c8                __ulp
                0x8000a878                __b2d
                0x8000aa10                __d2b
                0x8000ab70                __ratio
                0x8000ac30                _mprec_log10
                0x8000ac70                __copybits
                0x8000acf8                __any_on
 .text          0x8000ad78       0x70 /n64_toolchain/lib/gcc/mips64-elf/13.1.0/../../../../mips64-elf/lib/libc.a(libc_a-strrchr.o)
                0x8000ad78                strrchr
 .text          0x8000ade8       0x98 /n64_toolchain/lib/gcc/mips64-elf/13.1.0/../../../../mips64-elf/lib/libc.a(libc_a-strcat.o)
                0x8000ade8                strcat
 .text          0x8000ae80       0xd0 /n64_toolchain/lib/gcc/mips64-elf/13.1.0/../../../../mips64-elf/lib/libc.a(libc_a-fputc.o)
                0x8000ae80                _fputc_r
                0x8000aee0                fputc
 .text          0x8000af50      0x570 /n64_toolchain/lib/gcc/mips64-elf/13.1.0/../../../../mips64-elf/lib/libc.a(libc_a-fvwrite.o)
                0x8000af50                __sfvwrite_r
 .text          0x8000b4c0       0xf0 /n64_toolchain/lib/gcc/mips64-elf/13.1.0/../../../../mips64-elf/lib/libc.a(libc_a-strncmp.o)
                0x8000b4c0                strncmp
 .text          0x8000b5b0       0xc0 /n64_toolchain/lib/gcc/mips64-elf/13.1.0/../../../../mips64-elf/lib/libc.a(libc_a-fwalk.o)
                0x8000b5b0                _fwalk_sglue
 .text          0x8000b670      0x1f8 /n64_toolchain/lib/gcc/mips64-elf/13.1.0/../../../../mips64-elf/lib/libc.a(libc_a-fwrite.o)
                0x8000b670                _fwrite_r
                0x8000b778                fwrite
 .text          0x8000b868      0x3a8 /n64_toolchain/lib/gcc/mips64-elf/13.1.0/../../../../mips64-elf/lib/libc.a(libc_a-findfp.o)
                0x8000ba60                __sfp
                0x8000bba0                __sinit
                0x8000bbd0                __sfp_lock_acquire
                0x8000bbd8                __sfp_lock_release
                0x8000bbe0                __fp_lock_all
                0x8000bbf8                __fp_unlock_all
 .text          0x8000bc10      0x5d0 /n64_toolchain/lib/gcc/mips64-elf/13.1.0/../../../../mips64-elf/lib/libc.a(libc_a-reallocr.o)
                0x8000bc10                _realloc_r
 .text          0x8000c1e0      0x1b8 /n64_toolchain/lib/gcc/mips64-elf/13.1.0/../../../../mips64-elf/lib/libc.a(libc_a-fputwc.o)
                0x8000c1e0                __fputwc
                0x8000c2f8                _fputwc_r
                0x8000c320                fputwc
 .text          0x8000c398      0x120 /n64_toolchain/lib/gcc/mips64-elf/13.1.0/../../../../mips64-elf/lib/libc.a(libc_a-locale.o)
                0x8000c398                _setlocale_r
                0x8000c420                __locale_mb_cur_max
                0x8000c430                setlocale
 .text          0x8000c4b8      0xb50 /n64_toolchain/lib/gcc/mips64-elf/13.1.0/../../../../mips64-elf/lib/libc.a(libc_a-strstr.o)
                0x8000cd18                strstr
 .text          0x8000d008       0x28 /n64_toolchain/lib/gcc/mips64-elf/13.1.0/../../../../mips64-elf/lib/libc.a(libc_a-localeconv.o)
                0x8000d008                __localeconv_l
                0x8000d010                _localeconv_r
                0x8000d020                localeconv
 .text          0x8000d030       0x48 /n64_toolchain/lib/gcc/mips64-elf/13.1.0/../../../../mips64-elf/lib/libc.a(libc_a-wctomb_r.o)
                0x8000d030                _wctomb_r
                0x8000d040                __ascii_wctomb
 .text          0x8000d078       0x60 /n64_toolchain/lib/gcc/mips64-elf/13.1.0/../../../../mips64-elf/lib/libc.a(libc_a-signalr.o)
                0x8000d078                _kill_r
                0x8000d0d0                _getpid_r
 .text          0x8000d0d8       0x50 /n64_toolchain/lib/gcc/mips64-elf/13.1.0/../../../../mips64-elf/lib/libc.a(libc_a-sbrkr.o)
                0x8000d0d8                _sbrk_r
 .text          0x8000d128       0x18 /n64_toolchain/lib/gcc/mips64-elf/13.1.0/../../../../mips64-elf/lib/libc.a(libc_a-strlen.o)
                0x8000d128                strlen
 .text          0x8000d140      0x240 /n64_toolchain/lib/gcc/mips64-elf/13.1.0/../../../../mips64-elf/lib/libc.a(libc_a-strcmp.o)
                0x8000d140                strcmp
 .text          0x8000d380      0x258 /n64_toolchain/lib/gcc/mips64-elf/13.1.0/../../../../mips64-elf/lib/libc.a(libc_a-makebuf.o)
                0x8000d380                __smakebuf_r
                0x8000d528                __swhatbuf_r
 .text          0x8000d5d8      0x160 /n64_toolchain/lib/gcc/mips64-elf/13.1.0/../../../../mips64-elf/lib/libc.a(libc_a-putc.o)
                0x8000d5d8                _putc_r
                0x8000d680                putc
 .text          0x8000d738      0x118 /n64_toolchain/lib/gcc/mips64-elf/13.1.0/../../../../mips64-elf/lib/libc.a(libc_a-wcrtomb.o)
                0x8000d738                _wcrtomb_r
                0x8000d7b8                wcrtomb
 .text          0x8000d850      0x190 /n64_toolchain/lib/gcc/mips64-elf/13.1.0/../../../../mips64-elf/lib/libc.a(libc_a-stdio.o)
                0x8000d850                __sread
                0x8000d8a8                __seofread
                0x8000d8b0                __swrite
                0x8000d970                __sseek
                0x8000d9d8                __sclose
 .text          0x8000d9e0     0x1118 /n64_toolchain/lib/gcc/mips64-elf/13.1.0/../../../../mips64-elf/lib/libc.a(libc_a-svfiprintf.o)
                0x8000d9e0                __ssprint_r
                0x8000dc28                _svfiprintf_r
 .text          0x8000eaf8      0x120 /n64_toolchain/lib/gcc/mips64-elf/13.1.0/../../../../mips64-elf/lib/libc.a(libc_a-callocr.o)
                0x8000eaf8                _calloc_r
 .text          0x8000ec18       0xf8 /n64_toolchain/lib/gcc/mips64-elf/13.1.0/../../../../mips64-elf/lib/libc.a(libc_a-memchr.o)
                0x8000ec18                memchr
 .text          0x8000ed10      0x170 /n64_toolchain/lib/gcc/mips64-elf/13.1.0/../../../../mips64-elf/lib/libc.a(libc_a-wsetup.o)
                0x8000ed10                __swsetup_r
 .text          0x8000ee80      0x188 /n64_toolchain/lib/gcc/mips64-elf/13.1.0/../../../../mips64-elf/lib/libc.a(libc_a-strchr.o)
                0x8000ee80                strchr
 .text          0x8000f008      0x1b8 /n64_toolchain/lib/gcc/mips64-elf/13.1.0/../../../../mips64-elf/lib/libc.a(libc_a-wbuf.o)
                0x8000f008                __swbuf_r
                0x8000f1a8                __swbuf
 .text          0x8000f1c0      0x140 /n64_toolchain/lib/gcc/mips64-elf/13.1.0/../../../../mips64-elf/lib/libc.a(libc_a-fclose.o)
                0x8000f1c0                _fclose_r
                0x8000f2f0                fclose
 .text          0x8000f300       0x48 /n64_toolchain/lib/gcc/mips64-elf/13.1.0/../../../../mips64-elf/lib/libc.a(libc_a-strnlen.o)
                0x8000f300                strnlen
 .text          0x8000f348       0x70 /n64_toolchain/lib/gcc/mips64-elf/13.1.0/../../../../mips64-elf/lib/libc.a(libc_a-mbtowc_r.o)
                0x8000f348                _mbtowc_r
                0x8000f358                __ascii_mbtowc
 .text          0x8000f3b8       0x58 /n64_toolchain/lib/gcc/mips64-elf/13.1.0/../../../../mips64-elf/lib/libc.a(libc_a-fstatr.o)
                0x8000f3b8                _fstat_r
 .text          0x8000f410       0x50 /n64_toolchain/lib/gcc/mips64-elf/13.1.0/../../../../mips64-elf/lib/libc.a(libc_a-isattyr.o)
                0x8000f410                _isatty_r
 .text          0x8000f460       0x50 /n64_toolchain/lib/gcc/mips64-elf/13.1.0/../../../../mips64-elf/lib/libc.a(libc_a-closer.o)
                0x8000f460                _close_r
 .text          0x8000f4b0       0x60 /n64_toolchain/lib/gcc/mips64-elf/13.1.0/../../../../mips64-elf/lib/libc.a(libc_a-lseekr.o)
                0x8000f4b0                _lseek_r
 .text          0x8000f510       0x60 /n64_toolchain/lib/gcc/mips64-elf/13.1.0/../../../../mips64-elf/lib/libc.a(libc_a-readr.o)
                0x8000f510                _read_r
 .text          0x8000f570       0x60 /n64_toolchain/lib/gcc/mips64-elf/13.1.0/../../../../mips64-elf/lib/libc.a(libc_a-writer.o)
                0x8000f570                _write_r
 .text          0x8000f5d0        0x8 /n64_toolchain/lib/gcc/mips64-elf/13.1.0/../../../../mips64-elf/lib/libc.a(libc_a-errno.o)
                0x8000f5d0                __errno
 *(.text.*)
 *fill*         0x8000f5d8        0x8 
 .text.cb.0     0x8000f5e0       0xa0 /n64_toolchain/mips64-elf/lib/libdragon.a(debug.o)
 .text.debug_assert_func_f
                0x8000f680       0xe0 /n64_toolchain/mips64-elf/lib/libdragon.a(debug.o)
                0x8000f680                debug_assert_func_f
 .text.debug_assert_func
                0x8000f760       0x20 /n64_toolchain/mips64-elf/lib/libdragon.a(debug.o)
                0x8000f760                debug_assert_func
 .text.debug_hexdump
                0x8000f780      0x280 /n64_toolchain/mips64-elf/lib/libdragon.a(debug.o)
                0x8000f780                debug_hexdump
 .text.__debug_backtrace
                0x8000fa00      0x100 /n64_toolchain/mips64-elf/lib/libdragon.a(debug.o)
                0x8000fa00                __debug_backtrace
 .text.debug_backtrace
                0x8000fb00       0x20 /n64_toolchain/mips64-elf/lib/libdragon.a(debug.o)
                0x8000fb00                debug_backtrace
 .text.cb.2     0x8000fb20       0x60 /n64_toolchain/mips64-elf/lib/libdragon.a(inspector.o)
 .text.cb.1     0x8000fb80       0x60 /n64_toolchain/mips64-elf/lib/libdragon.a(inspector.o)
 .text.cb.0     0x8000fbe0      0x120 /n64_toolchain/mips64-elf/lib/libdragon.a(inspector.o)
 .text.cb.3     0x8000fd00      0x120 /n64_toolchain/mips64-elf/lib/libdragon.a(inspector.o)
 .text.inspector_stdout
                0x8000fe20      0x240 /n64_toolchain/mips64-elf/lib/libdragon.a(inspector.o)
 .text.title    0x80010060       0xa0 /n64_toolchain/mips64-elf/lib/libdragon.a(inspector.o)
 .text.mips_disasm
                0x80010100      0x640 /n64_toolchain/mips64-elf/lib/libdragon.a(inspector.o)
 .text.inspector
                0x80010740      0xb20 /n64_toolchain/mips64-elf/lib/libdragon.a(inspector.o)
 .text.handler.4
                0x80011260       0x40 /n64_toolchain/mips64-elf/lib/libdragon.a(inspector.o)
 .text.__inspector_exception
                0x800112a0       0x20 /n64_toolchain/mips64-elf/lib/libdragon.a(inspector.o)
                0x800112a0                __inspector_exception
 .text.__inspector_assertion
                0x800112c0       0x20 /n64_toolchain/mips64-elf/lib/libdragon.a(inspector.o)
                0x800112c0                __inspector_assertion
 .text.startup.__inspector_init
                0x800112e0       0x20 /n64_toolchain/mips64-elf/lib/libdragon.a(inspector.o)
                0x800112e0                __inspector_init
 .text.dma_read_raw_async
                0x80011300       0xa0 /n64_toolchain/mips64-elf/lib/libdragon.a(dma.o)
                0x80011300                dma_read_raw_async
 .text.dma_read_async
                0x800113a0      0x3a0 /n64_toolchain/mips64-elf/lib/libdragon.a(dma.o)
                0x800113a0                dma_read_async
 .text.dma_read
                0x80011740       0x40 /n64_toolchain/mips64-elf/lib/libdragon.a(dma.o)
                0x80011740                dma_read
 .text.io_read  0x80011780       0x60 /n64_toolchain/mips64-elf/lib/libdragon.a(dma.o)
                0x80011780                io_read
 .text.cb.0     0x800117e0       0x40 /n64_toolchain/mips64-elf/lib/libdragon.a(exception.o)
 .text.cb.1     0x80011820       0x80 /n64_toolchain/mips64-elf/lib/libdragon.a(exception.o)
 .text.__get_exception_name.isra.0
                0x800118a0      0x1a0 /n64_toolchain/mips64-elf/lib/libdragon.a(exception.o)
 .text.register_exception_handler
                0x80011a40       0x20 /n64_toolchain/mips64-elf/lib/libdragon.a(exception.o)
                0x80011a40                register_exception_handler
 .text.__exception_dump_header
                0x80011a60      0x260 /n64_toolchain/mips64-elf/lib/libdragon.a(exception.o)
                0x80011a60                __exception_dump_header
 .text.__exception_dump_gpr
                0x80011cc0      0x160 /n64_toolchain/mips64-elf/lib/libdragon.a(exception.o)
                0x80011cc0                __exception_dump_gpr
 .text.__exception_dump_fpr
                0x80011e20      0x280 /n64_toolchain/mips64-elf/lib/libdragon.a(exception.o)
                0x80011e20                __exception_dump_fpr
 .text.exception_default_handler
                0x800120a0      0x1a0 /n64_toolchain/mips64-elf/lib/libdragon.a(exception.o)
                0x800120a0                exception_default_handler
 .text.__onCriticalException
                0x80012240       0x60 /n64_toolchain/mips64-elf/lib/libdragon.a(exception.o)
                0x80012240                __onCriticalException
 .text.register_syscall_handler
                0x800122a0      0x1a0 /n64_toolchain/mips64-elf/lib/libdragon.a(exception.o)
                0x800122a0                register_syscall_handler
 .text.__onSyscallException
                0x80012440      0x140 /n64_toolchain/mips64-elf/lib/libdragon.a(exception.o)
                0x80012440                __onSyscallException
 .text.__register_frame_info
                0x80012580       0x20 /n64_toolchain/mips64-elf/lib/libdragon.a(do_ctors.o)
                0x80012580                __register_frame_info
 .text.__wrap___do_global_ctors
                0x800125a0       0xe0 /n64_toolchain/mips64-elf/lib/libdragon.a(do_ctors.o)
                0x800125a0                __wrap___do_global_ctors
 .text.sys_bbplayer
                0x80012680       0x20 /n64_toolchain/mips64-elf/lib/libdragon.a(n64sys.o)
                0x80012680                sys_bbplayer
 .text.data_cache_hit_writeback
                0x800126a0       0x60 /n64_toolchain/mips64-elf/lib/libdragon.a(n64sys.o)
                0x800126a0                data_cache_hit_writeback
 .text.__data_cache_hit_invalidate
                0x80012700       0x60 /n64_toolchain/mips64-elf/lib/libdragon.a(n64sys.o)
                0x80012700                __data_cache_hit_invalidate
 .text.data_cache_hit_writeback_invalidate
                0x80012760       0x60 /n64_toolchain/mips64-elf/lib/libdragon.a(n64sys.o)
                0x80012760                data_cache_hit_writeback_invalidate
 .text.inst_cache_hit_invalidate
                0x800127c0       0x60 /n64_toolchain/mips64-elf/lib/libdragon.a(n64sys.o)
                0x800127c0                inst_cache_hit_invalidate
 .text.malloc_uncached_aligned
                0x80012820       0xc0 /n64_toolchain/mips64-elf/lib/libdragon.a(n64sys.o)
                0x80012820                malloc_uncached_aligned
 .text.malloc_uncached
                0x800128e0       0x20 /n64_toolchain/mips64-elf/lib/libdragon.a(n64sys.o)
                0x800128e0                malloc_uncached
 .text.free_uncached
                0x80012900       0x20 /n64_toolchain/mips64-elf/lib/libdragon.a(n64sys.o)
                0x80012900                free_uncached
 .text.get_memory_size
                0x80012920       0x60 /n64_toolchain/mips64-elf/lib/libdragon.a(n64sys.o)
                0x80012920                get_memory_size
 .text.get_tv_type
                0x80012980       0x20 /n64_toolchain/mips64-elf/lib/libdragon.a(n64sys.o)
                0x80012980                get_tv_type
 .text.startup.__init_cop1
                0x800129a0       0x40 /n64_toolchain/mips64-elf/lib/libdragon.a(n64sys.o)
                0x800129a0                __init_cop1
 .text.__MI_handler
                0x800129e0      0x220 /n64_toolchain/mips64-elf/lib/libdragon.a(interrupt.o)
                0x800129e0                __MI_handler
 .text.__TI_handler
                0x80012c00       0x60 /n64_toolchain/mips64-elf/lib/libdragon.a(interrupt.o)
                0x80012c00                __TI_handler
 .text.__CART_handler
                0x80012c60       0xa0 /n64_toolchain/mips64-elf/lib/libdragon.a(interrupt.o)
                0x80012c60                __CART_handler
 .text.__RESET_handler
                0x80012d00       0x60 /n64_toolchain/mips64-elf/lib/libdragon.a(interrupt.o)
                0x80012d00                __RESET_handler
 .text.register_AI_handler
                0x80012d60       0x60 /n64_toolchain/mips64-elf/lib/libdragon.a(interrupt.o)
                0x80012d60                register_AI_handler
 .text.register_VI_handler
                0x80012dc0       0x60 /n64_toolchain/mips64-elf/lib/libdragon.a(interrupt.o)
                0x80012dc0                register_VI_handler
 .text.unregister_VI_handler
                0x80012e20       0x60 /n64_toolchain/mips64-elf/lib/libdragon.a(interrupt.o)
                0x80012e20                unregister_VI_handler
 .text.register_SI_handler
                0x80012e80       0x60 /n64_toolchain/mips64-elf/lib/libdragon.a(interrupt.o)
                0x80012e80                register_SI_handler
 .text.register_SP_handler
                0x80012ee0       0x60 /n64_toolchain/mips64-elf/lib/libdragon.a(interrupt.o)
                0x80012ee0                register_SP_handler
 .text.register_TI_handler
                0x80012f40       0x60 /n64_toolchain/mips64-elf/lib/libdragon.a(interrupt.o)
                0x80012f40                register_TI_handler
 .text.set_AI_interrupt
                0x80012fa0       0x40 /n64_toolchain/mips64-elf/lib/libdragon.a(interrupt.o)
                0x80012fa0                set_AI_interrupt
 .text.set_VI_interrupt
                0x80012fe0       0x40 /n64_toolchain/mips64-elf/lib/libdragon.a(interrupt.o)
                0x80012fe0                set_VI_interrupt
 .text.set_SI_interrupt
                0x80013020       0x40 /n64_toolchain/mips64-elf/lib/libdragon.a(interrupt.o)
                0x80013020                set_SI_interrupt
 .text.set_SP_interrupt
                0x80013060       0x40 /n64_toolchain/mips64-elf/lib/libdragon.a(interrupt.o)
                0x80013060                set_SP_interrupt
 .text.set_TI_interrupt
                0x800130a0       0x40 /n64_toolchain/mips64-elf/lib/libdragon.a(interrupt.o)
                0x800130a0                set_TI_interrupt
 .text.startup.__init_interrupts
                0x800130e0       0x40 /n64_toolchain/mips64-elf/lib/libdragon.a(interrupt.o)
                0x800130e0                __init_interrupts
 .text.disable_interrupts
                0x80013120       0x60 /n64_toolchain/mips64-elf/lib/libdragon.a(interrupt.o)
                0x80013120                disable_interrupts
 .text.enable_interrupts
                0x80013180       0x80 /n64_toolchain/mips64-elf/lib/libdragon.a(interrupt.o)
                0x80013180                enable_interrupts
 .text.exception_reset_time
                0x80013200       0x20 /n64_toolchain/mips64-elf/lib/libdragon.a(interrupt.o)
                0x80013200                exception_reset_time
 .text.cb.0     0x80013220       0x40 /n64_toolchain/mips64-elf/lib/libdragon.a(backtrace.o)
 .text.symt_open
                0x80013260      0x160 /n64_toolchain/mips64-elf/lib/libdragon.a(backtrace.o)
 .text.format_entry
                0x800133c0      0x240 /n64_toolchain/mips64-elf/lib/libdragon.a(backtrace.o)
 .text.symt_addrtab_search
                0x80013600      0x200 /n64_toolchain/mips64-elf/lib/libdragon.a(backtrace.o)
 .text.__symbolize
                0x80013800      0x240 /n64_toolchain/mips64-elf/lib/libdragon.a(backtrace.o)
                0x80013800                __symbolize
 .text.__bt_analyze_func
                0x80013a40      0x1a0 /n64_toolchain/mips64-elf/lib/libdragon.a(backtrace.o)
                0x80013a40                __bt_analyze_func
 .text.backtrace_foreach
                0x80013be0      0x300 /n64_toolchain/mips64-elf/lib/libdragon.a(backtrace.o)
 .text.backtrace
                0x80013ee0       0xc0 /n64_toolchain/mips64-elf/lib/libdragon.a(backtrace.o)
                0x80013ee0                backtrace
 .text.backtrace_symbols_cb
                0x80013fa0      0x300 /n64_toolchain/mips64-elf/lib/libdragon.a(backtrace.o)
                0x80013fa0                backtrace_symbols_cb
 .text.backtrace_frame_print
                0x800142a0       0xa0 /n64_toolchain/mips64-elf/lib/libdragon.a(backtrace.o)
                0x800142a0                backtrace_frame_print
 .text.backtrace_frame_print_compact
                0x80014340      0x140 /n64_toolchain/mips64-elf/lib/libdragon.a(backtrace.o)
                0x80014340                backtrace_frame_print_compact
 .text.rompak_search_ext
                0x80014480      0x1e0 /n64_toolchain/mips64-elf/lib/libdragon.a(rompak.o)
                0x80014480                rompak_search_ext
 .text.__display_callback
                0x80014660       0xc0 /n64_toolchain/mips64-elf/lib/libdragon.a(display.o)
 .text.display_show.part.0
                0x80014720      0x140 /n64_toolchain/mips64-elf/lib/libdragon.a(display.o)
 .text.display_init
                0x80014860      0x600 /n64_toolchain/mips64-elf/lib/libdragon.a(display.o)
                0x80014860                display_init
 .text.display_close
                0x80014e60      0x100 /n64_toolchain/mips64-elf/lib/libdragon.a(display.o)
                0x80014e60                display_close
 .text.display_lock
                0x80014f60       0xe0 /n64_toolchain/mips64-elf/lib/libdragon.a(display.o)
                0x80014f60                display_lock
 .text.display_show
                0x80015040       0x20 /n64_toolchain/mips64-elf/lib/libdragon.a(display.o)
                0x80015040                display_show
 .text.display_show_force
                0x80015060       0x40 /n64_toolchain/mips64-elf/lib/libdragon.a(display.o)
                0x80015060                display_show_force
 .text.display_get_bitdepth
                0x800150a0       0x20 /n64_toolchain/mips64-elf/lib/libdragon.a(display.o)
                0x800150a0                display_get_bitdepth
 .text.surface_alloc
                0x800150c0       0xe0 /n64_toolchain/mips64-elf/lib/libdragon.a(surface.o)
                0x800150c0                surface_alloc
 .text.surface_free
                0x800151a0       0x80 /n64_toolchain/mips64-elf/lib/libdragon.a(surface.o)
                0x800151a0                surface_free
 .text.controller_interrupt_update
                0x80015220       0x80 /n64_toolchain/mips64-elf/lib/libdragon.a(controller.o)
 .text.controller_interrupt
                0x800152a0       0x40 /n64_toolchain/mips64-elf/lib/libdragon.a(controller.o)
 .text.controller_init
                0x800152e0       0xa0 /n64_toolchain/mips64-elf/lib/libdragon.a(controller.o)
                0x800152e0                controller_init
 .text.controller_read
                0x80015380       0x20 /n64_toolchain/mips64-elf/lib/libdragon.a(controller.o)
                0x80015380                controller_read
 .text.controller_scan
                0x800153a0      0x100 /n64_toolchain/mips64-elf/lib/libdragon.a(controller.o)
                0x800153a0                controller_scan
 .text.get_keys_down
                0x800154a0       0xa0 /n64_toolchain/mips64-elf/lib/libdragon.a(controller.o)
                0x800154a0                get_keys_down
 .text.get_keys_held
                0x80015540       0xa0 /n64_toolchain/mips64-elf/lib/libdragon.a(controller.o)
                0x80015540                get_keys_held
 .text.graphics_draw_character.part.0
                0x800155e0      0x2c0 /n64_toolchain/mips64-elf/lib/libdragon.a(graphics.o)
 .text.graphics_convert_color
                0x800158a0       0x80 /n64_toolchain/mips64-elf/lib/libdragon.a(graphics.o)
                0x800158a0                graphics_convert_color
 .text.graphics_set_color
                0x80015920       0x20 /n64_toolchain/mips64-elf/lib/libdragon.a(graphics.o)
                0x80015920                graphics_set_color
 .text.graphics_draw_box
                0x80015940      0x120 /n64_toolchain/mips64-elf/lib/libdragon.a(graphics.o)
                0x80015940                graphics_draw_box
 .text.graphics_fill_screen
                0x80015a60       0x80 /n64_toolchain/mips64-elf/lib/libdragon.a(graphics.o)
                0x80015a60                graphics_fill_screen
 .text.graphics_set_default_font
                0x80015ae0       0x80 /n64_toolchain/mips64-elf/lib/libdragon.a(graphics.o)
                0x80015ae0                graphics_set_default_font
 .text.graphics_set_font_sprite
                0x80015b60       0x60 /n64_toolchain/mips64-elf/lib/libdragon.a(graphics.o)
                0x80015b60                graphics_set_font_sprite
 .text.graphics_draw_character
                0x80015bc0       0x20 /n64_toolchain/mips64-elf/lib/libdragon.a(graphics.o)
                0x80015bc0                graphics_draw_character
 .text.graphics_draw_text
                0x80015be0      0x120 /n64_toolchain/mips64-elf/lib/libdragon.a(graphics.o)
                0x80015be0                graphics_draw_text
 .text.joybus_msg_send
                0x80015d00       0x80 /n64_toolchain/mips64-elf/lib/libdragon.a(joybus.o)
 .text.callback.0
                0x80015d80       0xa0 /n64_toolchain/mips64-elf/lib/libdragon.a(joybus.o)
 .text.si_interrupt
                0x80015e20      0x1a0 /n64_toolchain/mips64-elf/lib/libdragon.a(joybus.o)
 .text.startup.__joybus_init
                0x80015fc0       0x60 /n64_toolchain/mips64-elf/lib/libdragon.a(joybus.o)
                0x80015fc0                __joybus_init
 .text.joybus_exec_async
                0x80016020      0x1a0 /n64_toolchain/mips64-elf/lib/libdragon.a(joybus.o)
                0x80016020                joybus_exec_async
 .text.joybus_exec
                0x800161c0      0x140 /n64_toolchain/mips64-elf/lib/libdragon.a(joybus.o)
                0x800161c0                joybus_exec
 .text.attach_filesystem
                0x80016300      0x200 /n64_toolchain/mips64-elf/lib/libdragonsys.a(system.o)
                0x80016300                attach_filesystem
 .text.close    0x80016500      0x120 /n64_toolchain/mips64-elf/lib/libdragonsys.a(system.o)
                0x80016500                close
 .text._exit    0x80016620       0x20 /n64_toolchain/mips64-elf/lib/libdragonsys.a(system.o)
                0x80016620                _exit
 .text.fstat    0x80016640      0x100 /n64_toolchain/mips64-elf/lib/libdragonsys.a(system.o)
                0x80016640                fstat
 .text.getpid   0x80016740       0x20 /n64_toolchain/mips64-elf/lib/libdragonsys.a(system.o)
                0x80016740                getpid
 .text.isatty   0x80016760       0x40 /n64_toolchain/mips64-elf/lib/libdragonsys.a(system.o)
                0x80016760                isatty
 .text.kill     0x800167a0       0x20 /n64_toolchain/mips64-elf/lib/libdragonsys.a(system.o)
                0x800167a0                kill
 .text.lseek    0x800167c0      0x100 /n64_toolchain/mips64-elf/lib/libdragonsys.a(system.o)
                0x800167c0                lseek
 .text.read     0x800168c0      0x140 /n64_toolchain/mips64-elf/lib/libdragonsys.a(system.o)
                0x800168c0                read
 .text.sbrk     0x80016a00       0xc0 /n64_toolchain/mips64-elf/lib/libdragonsys.a(system.o)
                0x80016a00                sbrk
 .text.write    0x80016ac0      0x140 /n64_toolchain/mips64-elf/lib/libdragonsys.a(system.o)
                0x80016ac0                write
 .text.hook_stdio_calls
                0x80016c00       0x60 /n64_toolchain/mips64-elf/lib/libdragonsys.a(system.o)
                0x80016c00                hook_stdio_calls
 .text._flush_cache
                0x80016c60       0x40 /n64_toolchain/mips64-elf/lib/libdragonsys.a(system.o)
                0x80016c60                _flush_cache
 .text.__assert_func
                0x80016ca0       0x20 /n64_toolchain/mips64-elf/lib/libdragonsys.a(system.o)
                0x80016ca0                __assert_func
 .text.text_init
                0x80016cc0       0xc0 build/text.o
                0x80016cc0                text_init
 .text.text_set_font
                0x80016d80       0x40 build/text.o
                0x80016d80                text_set_font
 .text.text_get_line_width
                0x80016dc0       0x60 build/text.o
                0x80016dc0                text_get_line_width
 .text.text_draw_partial
                0x80016e20      0x280 build/text.o
                0x80016e20                text_draw_partial
 .text.text_draw
                0x800170a0       0x40 build/text.o
                0x800170a0                text_draw
 .text.text_draw_wordwrap
                0x800170e0      0x260 build/text.o
                0x800170e0                text_draw_wordwrap
 .text.fps_tick
                0x80017340       0xa0 build/fps.o
                0x80017340                fps_tick
 .text.reset_handler
                0x800173e0       0x40 build/main.o
                0x800173e0                reset_handler
 .text.practice_tool_tick.part.0
                0x80017420      0x160 build/main.o
 .text.main_menu_tick
                0x80017580      0x160 build/main.o
                0x80017580                main_menu_tick
 .text.main_menu_draw
                0x800176e0       0xc0 build/main.o
                0x800176e0                main_menu_draw
 .text.get_first_bad_input_frame
                0x800177a0       0x80 build/main.o
                0x800177a0                get_first_bad_input_frame
 .text.practice_tool_draw
                0x80017820      0x400 build/main.o
                0x80017820                practice_tool_draw
 .text.startup.main
                0x80017c20      0x2e0 build/main.o
                0x80017c20                main
 .text.gfx_init
                0x80017f00       0xa0 build/gfx.o
                0x80017f00                gfx_init
 .text.gfx_set_color
                0x80017fa0       0x40 build/gfx.o
                0x80017fa0                gfx_set_color
 .text.gfx_get_color
                0x80017fe0       0x40 build/gfx.o
                0x80017fe0                gfx_get_color
 .text.gfx_make_color
                0x80018020       0x20 build/gfx.o
                0x80018020                gfx_make_color
 .text.gfx_blend_colors
                0x80018040      0x120 build/gfx.o
                0x80018040                gfx_blend_colors
 .text.gfx_display_lock
                0x80018160       0x40 build/gfx.o
                0x80018160                gfx_display_lock
 .text.gfx_display_flip
                0x800181a0       0x40 build/gfx.o
                0x800181a0                gfx_display_flip
 .text.read_dfs_sprite
                0x800181e0       0x80 build/gfx.o
                0x800181e0                read_dfs_sprite
 .text.input_tick
                0x80018260      0x160 build/input.o
                0x80018260                input_tick
 .text.a_press  0x800183c0       0x40 build/input.o
                0x800183c0                a_press
 .text.b_press  0x80018400       0x40 build/input.o
                0x80018400                b_press
 .text.l_press  0x80018440       0x40 build/input.o
                0x80018440                l_press
 .text.r_press  0x80018480       0x40 build/input.o
                0x80018480                r_press
 .text.start_press
                0x800184c0       0x40 build/input.o
                0x800184c0                start_press
 .text.dpad_up  0x80018500       0x40 build/input.o
                0x80018500                dpad_up
 .text.dpad_down
                0x80018540       0x40 build/input.o
                0x80018540                dpad_down
 .text.stick_up
                0x80018580       0x60 build/input.o
                0x80018580                stick_up
 .text.stick_down
                0x800185e0       0x60 build/input.o
                0x800185e0                stick_down
 .text.sfx_init
                0x80018640       0x60 build/sfx.o
                0x80018640                sfx_init
 .text.sfx_play
                0x800186a0       0x40 build/sfx.o
                0x800186a0                sfx_play
 .text.sfx_buffer_sound_effects
                0x800186e0       0x60 build/sfx.o
                0x800186e0                sfx_buffer_sound_effects
 .text.sfx_toggle_audio
                0x80018740       0x20 build/sfx.o
                0x80018740                sfx_toggle_audio
 .text.get_next_token
                0x80018760       0xc0 /n64_toolchain/lib/gcc/mips64-elf/13.1.0/../../../../mips64-elf/lib/libdragon.a(dragonfs.o)
 .text.recurse_path
                0x80018820      0x3c0 /n64_toolchain/lib/gcc/mips64-elf/13.1.0/../../../../mips64-elf/lib/libdragon.a(dragonfs.o)
 .text.__close  0x80018be0       0x80 /n64_toolchain/lib/gcc/mips64-elf/13.1.0/../../../../mips64-elf/lib/libdragon.a(dragonfs.o)
 .text.__fstat  0x80018c60       0xa0 /n64_toolchain/lib/gcc/mips64-elf/13.1.0/../../../../mips64-elf/lib/libdragon.a(dragonfs.o)
 .text.dfs_dir_findfirst
                0x80018d00       0xc0 /n64_toolchain/lib/gcc/mips64-elf/13.1.0/../../../../mips64-elf/lib/libdragon.a(dragonfs.o)
                0x80018d00                dfs_dir_findfirst
 .text.__findfirst
                0x80018dc0       0x80 /n64_toolchain/lib/gcc/mips64-elf/13.1.0/../../../../mips64-elf/lib/libdragon.a(dragonfs.o)
 .text.dfs_dir_findnext
                0x80018e40       0xc0 /n64_toolchain/lib/gcc/mips64-elf/13.1.0/../../../../mips64-elf/lib/libdragon.a(dragonfs.o)
                0x80018e40                dfs_dir_findnext
 .text.__findnext
                0x80018f00       0x80 /n64_toolchain/lib/gcc/mips64-elf/13.1.0/../../../../mips64-elf/lib/libdragon.a(dragonfs.o)
 .text.dfs_open
                0x80018f80      0x120 /n64_toolchain/lib/gcc/mips64-elf/13.1.0/../../../../mips64-elf/lib/libdragon.a(dragonfs.o)
                0x80018f80                dfs_open
 .text.__open   0x800190a0       0x60 /n64_toolchain/lib/gcc/mips64-elf/13.1.0/../../../../mips64-elf/lib/libdragon.a(dragonfs.o)
 .text.dfs_close
                0x80019100       0x80 /n64_toolchain/lib/gcc/mips64-elf/13.1.0/../../../../mips64-elf/lib/libdragon.a(dragonfs.o)
                0x80019100                dfs_close
 .text.dfs_seek
                0x80019180      0x100 /n64_toolchain/lib/gcc/mips64-elf/13.1.0/../../../../mips64-elf/lib/libdragon.a(dragonfs.o)
                0x80019180                dfs_seek
 .text.__lseek  0x80019280       0x80 /n64_toolchain/lib/gcc/mips64-elf/13.1.0/../../../../mips64-elf/lib/libdragon.a(dragonfs.o)
 .text.dfs_read
                0x80019300      0x280 /n64_toolchain/lib/gcc/mips64-elf/13.1.0/../../../../mips64-elf/lib/libdragon.a(dragonfs.o)
                0x80019300                dfs_read
 .text.__read   0x80019580       0x20 /n64_toolchain/lib/gcc/mips64-elf/13.1.0/../../../../mips64-elf/lib/libdragon.a(dragonfs.o)
 .text.dfs_size
                0x800195a0       0x60 /n64_toolchain/lib/gcc/mips64-elf/13.1.0/../../../../mips64-elf/lib/libdragon.a(dragonfs.o)
                0x800195a0                dfs_size
 .text.dfs_rom_addr
                0x80019600       0xa0 /n64_toolchain/lib/gcc/mips64-elf/13.1.0/../../../../mips64-elf/lib/libdragon.a(dragonfs.o)
                0x80019600                dfs_rom_addr
 .text.dfs_init
                0x800196a0      0x1e0 /n64_toolchain/lib/gcc/mips64-elf/13.1.0/../../../../mips64-elf/lib/libdragon.a(dragonfs.o)
                0x800196a0                dfs_init
 .text.audio_callback.part.0
                0x80019880      0x1e0 /n64_toolchain/lib/gcc/mips64-elf/13.1.0/../../../../mips64-elf/lib/libdragon.a(audio.o)
 .text.audio_callback
                0x80019a60       0x60 /n64_toolchain/lib/gcc/mips64-elf/13.1.0/../../../../mips64-elf/lib/libdragon.a(audio.o)
 .text.audio_init
                0x80019ac0      0x200 /n64_toolchain/lib/gcc/mips64-elf/13.1.0/../../../../mips64-elf/lib/libdragon.a(audio.o)
                0x80019ac0                audio_init
 .text.audio_write_begin
                0x80019cc0      0x100 /n64_toolchain/lib/gcc/mips64-elf/13.1.0/../../../../mips64-elf/lib/libdragon.a(audio.o)
                0x80019cc0                audio_write_begin
 .text.audio_write_end
                0x80019dc0       0x80 /n64_toolchain/lib/gcc/mips64-elf/13.1.0/../../../../mips64-elf/lib/libdragon.a(audio.o)
                0x80019dc0                audio_write_end
 .text.audio_write_silence
                0x80019e40      0x180 /n64_toolchain/lib/gcc/mips64-elf/13.1.0/../../../../mips64-elf/lib/libdragon.a(audio.o)
                0x80019e40                audio_write_silence
 .text.audio_can_write
                0x80019fc0       0x40 /n64_toolchain/lib/gcc/mips64-elf/13.1.0/../../../../mips64-elf/lib/libdragon.a(audio.o)
                0x80019fc0                audio_can_write
 .text.audio_get_frequency
                0x8001a000       0x20 /n64_toolchain/lib/gcc/mips64-elf/13.1.0/../../../../mips64-elf/lib/libdragon.a(audio.o)
                0x8001a000                audio_get_frequency
 .text.audio_get_buffer_length
                0x8001a020       0x20 /n64_toolchain/lib/gcc/mips64-elf/13.1.0/../../../../mips64-elf/lib/libdragon.a(audio.o)
                0x8001a020                audio_get_buffer_length
 .text.__console_render.part.0
                0x8001a040      0x100 /n64_toolchain/lib/gcc/mips64-elf/13.1.0/../../../../mips64-elf/lib/libdragon.a(console.o)
 .text.__console_write
                0x8001a140      0x2c0 /n64_toolchain/lib/gcc/mips64-elf/13.1.0/../../../../mips64-elf/lib/libdragon.a(console.o)
 .text.console_set_render_mode
                0x8001a400       0x20 /n64_toolchain/lib/gcc/mips64-elf/13.1.0/../../../../mips64-elf/lib/libdragon.a(console.o)
                0x8001a400                console_set_render_mode
 .text.console_init
                0x8001a420       0xe0 /n64_toolchain/lib/gcc/mips64-elf/13.1.0/../../../../mips64-elf/lib/libdragon.a(console.o)
                0x8001a420                console_init
 .text.console_render
                0x8001a500       0x40 /n64_toolchain/lib/gcc/mips64-elf/13.1.0/../../../../mips64-elf/lib/libdragon.a(console.o)
                0x8001a500                console_render
 .text.console_set_debug
                0x8001a540       0x20 /n64_toolchain/lib/gcc/mips64-elf/13.1.0/../../../../mips64-elf/lib/libdragon.a(console.o)
                0x8001a540                console_set_debug
 .text.timer_update_compare
                0x8001a560       0x40 /n64_toolchain/lib/gcc/mips64-elf/13.1.0/../../../../mips64-elf/lib/libdragon.a(timer.o)
 .text.timer_overflow_callback
                0x8001a5a0       0x20 /n64_toolchain/lib/gcc/mips64-elf/13.1.0/../../../../mips64-elf/lib/libdragon.a(timer.o)
 .text.timer_poll
                0x8001a5c0      0x1c0 /n64_toolchain/lib/gcc/mips64-elf/13.1.0/../../../../mips64-elf/lib/libdragon.a(timer.o)
 .text.timer_init
                0x8001a780       0xc0 /n64_toolchain/lib/gcc/mips64-elf/13.1.0/../../../../mips64-elf/lib/libdragon.a(timer.o)
                0x8001a780                timer_init
 .text.timer_ticks
                0x8001a840       0xc0 /n64_toolchain/lib/gcc/mips64-elf/13.1.0/../../../../mips64-elf/lib/libdragon.a(timer.o)
                0x8001a840                timer_ticks
 .text.mixer_init_samplebuffers
                0x8001a900      0x220 /n64_toolchain/lib/gcc/mips64-elf/13.1.0/../../../../mips64-elf/lib/libdragon.a(mixer.o)
 .text.waveform_read
                0x8001ab20      0x1c0 /n64_toolchain/lib/gcc/mips64-elf/13.1.0/../../../../mips64-elf/lib/libdragon.a(mixer.o)
 .text.mixer_ch_set_freq
                0x8001ace0      0x100 /n64_toolchain/lib/gcc/mips64-elf/13.1.0/../../../../mips64-elf/lib/libdragon.a(mixer.o)
                0x8001ace0                mixer_ch_set_freq
 .text.mixer_ch_play
                0x8001ade0      0x300 /n64_toolchain/lib/gcc/mips64-elf/13.1.0/../../../../mips64-elf/lib/libdragon.a(mixer.o)
                0x8001ade0                mixer_ch_play
 .text.mixer_ch_set_limits
                0x8001b0e0      0x1a0 /n64_toolchain/lib/gcc/mips64-elf/13.1.0/../../../../mips64-elf/lib/libdragon.a(mixer.o)
                0x8001b0e0                mixer_ch_set_limits
 .text.mixer_init
                0x8001b280      0x180 /n64_toolchain/lib/gcc/mips64-elf/13.1.0/../../../../mips64-elf/lib/libdragon.a(mixer.o)
                0x8001b280                mixer_init
 .text.mixer_remove_event
                0x8001b400       0xa0 /n64_toolchain/lib/gcc/mips64-elf/13.1.0/../../../../mips64-elf/lib/libdragon.a(mixer.o)
                0x8001b400                mixer_remove_event
 .text.mixer_poll
                0x8001b4a0      0x920 /n64_toolchain/lib/gcc/mips64-elf/13.1.0/../../../../mips64-elf/lib/libdragon.a(mixer.o)
                0x8001b4a0                mixer_poll
 .text.samplebuffer_init
                0x8001bdc0       0xc0 /n64_toolchain/lib/gcc/mips64-elf/13.1.0/../../../../mips64-elf/lib/libdragon.a(samplebuffer.o)
                0x8001bdc0                samplebuffer_init
 .text.samplebuffer_set_bps
                0x8001be80      0x140 /n64_toolchain/lib/gcc/mips64-elf/13.1.0/../../../../mips64-elf/lib/libdragon.a(samplebuffer.o)
                0x8001be80                samplebuffer_set_bps
 .text.samplebuffer_set_waveform
                0x8001bfc0       0x20 /n64_toolchain/lib/gcc/mips64-elf/13.1.0/../../../../mips64-elf/lib/libdragon.a(samplebuffer.o)
                0x8001bfc0                samplebuffer_set_waveform
 .text.samplebuffer_close
                0x8001bfe0       0x20 /n64_toolchain/lib/gcc/mips64-elf/13.1.0/../../../../mips64-elf/lib/libdragon.a(samplebuffer.o)
                0x8001bfe0                samplebuffer_close
 .text.samplebuffer_get
                0x8001c000      0x1c0 /n64_toolchain/lib/gcc/mips64-elf/13.1.0/../../../../mips64-elf/lib/libdragon.a(samplebuffer.o)
                0x8001c000                samplebuffer_get
 .text.samplebuffer_discard
                0x8001c1c0      0x120 /n64_toolchain/lib/gcc/mips64-elf/13.1.0/../../../../mips64-elf/lib/libdragon.a(samplebuffer.o)
                0x8001c1c0                samplebuffer_discard
 .text.samplebuffer_append
                0x8001c2e0      0x1a0 /n64_toolchain/lib/gcc/mips64-elf/13.1.0/../../../../mips64-elf/lib/libdragon.a(samplebuffer.o)
                0x8001c2e0                samplebuffer_append
 .text.samplebuffer_flush
                0x8001c480       0x20 /n64_toolchain/lib/gcc/mips64-elf/13.1.0/../../../../mips64-elf/lib/libdragon.a(samplebuffer.o)
                0x8001c480                samplebuffer_flush
 .text.waveform_read
                0x8001c4a0       0xa0 /n64_toolchain/lib/gcc/mips64-elf/13.1.0/../../../../mips64-elf/lib/libdragon.a(wav64.o)
 .text.wav64_open
                0x8001c540      0x280 /n64_toolchain/lib/gcc/mips64-elf/13.1.0/../../../../mips64-elf/lib/libdragon.a(wav64.o)
                0x8001c540                wav64_open
 .text.rspq_switch_context
                0x8001c7c0       0x60 /n64_toolchain/lib/gcc/mips64-elf/13.1.0/../../../../mips64-elf/lib/libdragon.a(rspq.o)
 .text.rspq_flush_internal
                0x8001c820       0x40 /n64_toolchain/lib/gcc/mips64-elf/13.1.0/../../../../mips64-elf/lib/libdragon.a(rspq.o)
 .text.rspq_init_context
                0x8001c860       0xa0 /n64_toolchain/lib/gcc/mips64-elf/13.1.0/../../../../mips64-elf/lib/libdragon.a(rspq.o)
 .text.rspq_sp_interrupt
                0x8001c900       0x40 /n64_toolchain/lib/gcc/mips64-elf/13.1.0/../../../../mips64-elf/lib/libdragon.a(rspq.o)
 .text.rspq_switch_buffer.part.0
                0x8001c940       0x40 /n64_toolchain/lib/gcc/mips64-elf/13.1.0/../../../../mips64-elf/lib/libdragon.a(rspq.o)
 .text.rspq_crash_handler
                0x8001c980      0x280 /n64_toolchain/lib/gcc/mips64-elf/13.1.0/../../../../mips64-elf/lib/libdragon.a(rspq.o)
 .text.rspq_assert_handler
                0x8001cc00      0x100 /n64_toolchain/lib/gcc/mips64-elf/13.1.0/../../../../mips64-elf/lib/libdragon.a(rspq.o)
 .text.rspq_init
                0x8001cd00      0x200 /n64_toolchain/lib/gcc/mips64-elf/13.1.0/../../../../mips64-elf/lib/libdragon.a(rspq.o)
                0x8001cd00                rspq_init
 .text.rspq_overlay_get_state
                0x8001cf00       0xc0 /n64_toolchain/lib/gcc/mips64-elf/13.1.0/../../../../mips64-elf/lib/libdragon.a(rspq.o)
                0x8001cf00                rspq_overlay_get_state
 .text.rspq_next_buffer
                0x8001cfc0      0x2c0 /n64_toolchain/lib/gcc/mips64-elf/13.1.0/../../../../mips64-elf/lib/libdragon.a(rspq.o)
                0x8001cfc0                rspq_next_buffer
 .text.rspq_highpri_begin
                0x8001d280       0xe0 /n64_toolchain/lib/gcc/mips64-elf/13.1.0/../../../../mips64-elf/lib/libdragon.a(rspq.o)
                0x8001d280                rspq_highpri_begin
 .text.rspq_highpri_end
                0x8001d360       0xa0 /n64_toolchain/lib/gcc/mips64-elf/13.1.0/../../../../mips64-elf/lib/libdragon.a(rspq.o)
                0x8001d360                rspq_highpri_end
 .text.rspq_overlay_register_internal
                0x8001d400      0x600 /n64_toolchain/lib/gcc/mips64-elf/13.1.0/../../../../mips64-elf/lib/libdragon.a(rspq.o)
 .text.rspq_overlay_register
                0x8001da00       0x20 /n64_toolchain/lib/gcc/mips64-elf/13.1.0/../../../../mips64-elf/lib/libdragon.a(rspq.o)
                0x8001da00                rspq_overlay_register
 .text.rspq_highpri_sync
                0x8001da20      0x140 /n64_toolchain/lib/gcc/mips64-elf/13.1.0/../../../../mips64-elf/lib/libdragon.a(rspq.o)
                0x8001da20                rspq_highpri_sync
 .text.rsp_load_code
                0x8001db60      0x100 /n64_toolchain/lib/gcc/mips64-elf/13.1.0/../../../../mips64-elf/lib/libdragon.a(rsp.o)
                0x8001db60                rsp_load_code
 .text.rsp_load_data
                0x8001dc60       0xe0 /n64_toolchain/lib/gcc/mips64-elf/13.1.0/../../../../mips64-elf/lib/libdragon.a(rsp.o)
                0x8001dc60                rsp_load_data
 .text.rsp_load
                0x8001dd40       0x60 /n64_toolchain/lib/gcc/mips64-elf/13.1.0/../../../../mips64-elf/lib/libdragon.a(rsp.o)
                0x8001dd40                rsp_load
 .text.rsp_read_code
                0x8001dda0       0xe0 /n64_toolchain/lib/gcc/mips64-elf/13.1.0/../../../../mips64-elf/lib/libdragon.a(rsp.o)
                0x8001dda0                rsp_read_code
 .text.rsp_read_data
                0x8001de80       0xe0 /n64_toolchain/lib/gcc/mips64-elf/13.1.0/../../../../mips64-elf/lib/libdragon.a(rsp.o)
                0x8001de80                rsp_read_data
 .text.__rsp_run_async
                0x8001df60       0x40 /n64_toolchain/lib/gcc/mips64-elf/13.1.0/../../../../mips64-elf/lib/libdragon.a(rsp.o)
                0x8001df60                __rsp_run_async
 .text.__rsp_crash
                0x8001dfa0      0xac0 /n64_toolchain/lib/gcc/mips64-elf/13.1.0/../../../../mips64-elf/lib/libdragon.a(rsp.o)
                0x8001dfa0                __rsp_crash
 .text.__rsp_check_assert
                0x8001ea60       0x80 /n64_toolchain/lib/gcc/mips64-elf/13.1.0/../../../../mips64-elf/lib/libdragon.a(rsp.o)
                0x8001ea60                __rsp_check_assert
 .text.rsp_wait
                0x8001eae0      0x100 /n64_toolchain/lib/gcc/mips64-elf/13.1.0/../../../../mips64-elf/lib/libdragon.a(rsp.o)
                0x8001eae0                rsp_wait
 .text.rsp_run  0x8001ebe0       0x60 /n64_toolchain/lib/gcc/mips64-elf/13.1.0/../../../../mips64-elf/lib/libdragon.a(rsp.o)
                0x8001ebe0                rsp_run
 *(.init)
 .init          0x8001ec40        0x8 /n64_toolchain/lib/gcc/mips64-elf/13.1.0/crti.o
                0x8001ec40                _init
 *(.fini)
 .fini          0x8001ec48        0x8 /n64_toolchain/lib/gcc/mips64-elf/13.1.0/crti.o
                0x8001ec48                _fini
 *(.gnu.linkonce.t.*)
                0x8001ec50                        . = ALIGN (0x10)
                0x8001ec50                        __text_end = .

.eh_frame_hdr
 *(.eh_frame_hdr)

.eh_frame       0x8001ec50        0x4
                0x8001ec50                        __EH_FRAME_BEGIN__ = .
 *(.eh_frame)
 .eh_frame      0x8001ec50        0x0 /n64_toolchain/lib/gcc/mips64-elf/13.1.0/crtbegin.o
 .eh_frame      0x8001ec50        0x4 /n64_toolchain/lib/gcc/mips64-elf/13.1.0/crtend.o

.gcc_except_table
 *(.gcc_except_table*)

.jcr
 *(.jcr)

.rodata         0x8001ec58    0x11290
 *(.rdata)
 *(.rodata)
 .rodata        0x8001ec58      0x188 /n64_toolchain/lib/gcc/mips64-elf/13.1.0/../../../../mips64-elf/lib/libc.a(libc_a-svfprintf.o)
 .rodata        0x8001ede0      0x188 /n64_toolchain/lib/gcc/mips64-elf/13.1.0/../../../../mips64-elf/lib/libc.a(libc_a-vfprintf.o)
 .rodata        0x8001ef68      0x188 /n64_toolchain/lib/gcc/mips64-elf/13.1.0/../../../../mips64-elf/lib/libc.a(libc_a-vfiprintf.o)
 .rodata        0x8001f0f0      0x128 /n64_toolchain/lib/gcc/mips64-elf/13.1.0/../../../../mips64-elf/lib/libc.a(libc_a-mprec.o)
                0x8001f100                __mprec_tinytens
                0x8001f128                __mprec_bigtens
                0x8001f150                __mprec_tens
 .rodata        0x8001f218      0x288 /n64_toolchain/lib/gcc/mips64-elf/13.1.0/../../../../mips64-elf/lib/libc.a(libc_a-ctype_.o)
                0x8001f218                _ctype_
                0x8001f320                _ctype_b
 .rodata        0x8001f4a0      0x188 /n64_toolchain/lib/gcc/mips64-elf/13.1.0/../../../../mips64-elf/lib/libc.a(libc_a-svfiprintf.o)
 *(.rodata.*)
 .rodata.cb.0.str1.8
                0x8001f628       0x1d /n64_toolchain/mips64-elf/lib/libdragon.a(debug.o)
 *fill*         0x8001f645        0x3 
 .rodata.debug_assert_func_f.str1.8
                0x8001f648       0x3d /n64_toolchain/mips64-elf/lib/libdragon.a(debug.o)
                                 0x45 (size before relaxing)
 *fill*         0x8001f685        0x3 
 .rodata.debug_hexdump.str1.8
                0x8001f688       0x2b /n64_toolchain/mips64-elf/lib/libdragon.a(debug.o)
 *fill*         0x8001f6b3        0x5 
 .rodata.__debug_backtrace.str1.8
                0x8001f6b8        0xc /n64_toolchain/mips64-elf/lib/libdragon.a(debug.o)
 *fill*         0x8001f6c4        0x4 
 .rodata.cb.2.str1.8
                0x8001f6c8       0x1a /n64_toolchain/mips64-elf/lib/libdragon.a(inspector.o)
                                 0x22 (size before relaxing)
 *fill*         0x8001f6e2        0x6 
 .rodata.cb.1.str1.8
                0x8001f6e8        0xc /n64_toolchain/mips64-elf/lib/libdragon.a(inspector.o)
 *fill*         0x8001f6f4        0x4 
 .rodata.cb.0.str1.8
                0x8001f6f8        0x7 /n64_toolchain/mips64-elf/lib/libdragon.a(inspector.o)
                                 0x27 (size before relaxing)
 *fill*         0x8001f6ff        0x1 
 .rodata.cb.3.str1.8
                0x8001f700       0x2a /n64_toolchain/mips64-elf/lib/libdragon.a(inspector.o)
 *fill*         0x8001f72a        0x2 
 .rodata.inspector_stdout
                0x8001f72c       0x54 /n64_toolchain/mips64-elf/lib/libdragon.a(inspector.o)
 .rodata.mips_disasm.str1.8
                0x8001f780      0x1a6 /n64_toolchain/mips64-elf/lib/libdragon.a(inspector.o)
                                0x1b6 (size before relaxing)
 *fill*         0x8001f926        0x2 
 .rodata.mips_disasm
                0x8001f928       0xb0 /n64_toolchain/mips64-elf/lib/libdragon.a(inspector.o)
 .rodata.inspector.str1.8
                0x8001f9d8      0x1fc /n64_toolchain/mips64-elf/lib/libdragon.a(inspector.o)
                                0x20c (size before relaxing)
 *fill*         0x8001fbd4        0x4 
 .rodata.str1.8
                0x8001fbd8      0x5db /n64_toolchain/mips64-elf/lib/libdragon.a(inspector.o)
                                0x5e3 (size before relaxing)
 *fill*         0x800201b3        0x5 
 .rodata.fpu_ops.7
                0x800201b8      0x100 /n64_toolchain/mips64-elf/lib/libdragon.a(inspector.o)
 .rodata.special.8
                0x800202b8      0x100 /n64_toolchain/mips64-elf/lib/libdragon.a(inspector.o)
 .rodata.ops.9  0x800203b8      0x100 /n64_toolchain/mips64-elf/lib/libdragon.a(inspector.o)
 .rodata.RESOLUTION_640x240
                0x800204b8        0xc /n64_toolchain/mips64-elf/lib/libdragon.a(inspector.o)
 *fill*         0x800204c4        0x4 
 .rodata.dma_write_raw_async.part.0.str1.8
                0x800204c8       0x12 /n64_toolchain/mips64-elf/lib/libdragon.a(dma.o)
 *fill*         0x800204da        0x6 
 .rodata.dma_read_async.str1.8
                0x800204e0       0x8d /n64_toolchain/mips64-elf/lib/libdragon.a(dma.o)
 *fill*         0x8002056d        0x3 
 .rodata.__func__.0
                0x80020570        0xf /n64_toolchain/mips64-elf/lib/libdragon.a(dma.o)
 *fill*         0x8002057f        0x1 
 .rodata.__func__.2
                0x80020580       0x13 /n64_toolchain/mips64-elf/lib/libdragon.a(dma.o)
 *fill*         0x80020593        0x5 
 .rodata.cb.0.str1.8
                0x80020598       0x17 /n64_toolchain/mips64-elf/lib/libdragon.a(exception.o)
 *fill*         0x800205af        0x1 
 .rodata.cb.1.str1.8
                0x800205b0        0x9 /n64_toolchain/mips64-elf/lib/libdragon.a(exception.o)
                                 0x19 (size before relaxing)
 *fill*         0x800205b9        0x7 
 .rodata.__get_exception_name.isra.0.str1.8
                0x800205c0      0x20a /n64_toolchain/mips64-elf/lib/libdragon.a(exception.o)
 *fill*         0x800207ca        0x2 
 .rodata.__get_exception_name.isra.0
                0x800207cc       0x40 /n64_toolchain/mips64-elf/lib/libdragon.a(exception.o)
 *fill*         0x8002080c        0x4 
 .rodata.__exception_dump_header.str1.8
                0x80020810       0xd0 /n64_toolchain/mips64-elf/lib/libdragon.a(exception.o)
                                 0xe0 (size before relaxing)
 .rodata.__exception_dump_gpr.str1.8
                0x800208e0       0x34 /n64_toolchain/mips64-elf/lib/libdragon.a(exception.o)
 *fill*         0x80020914        0x4 
 .rodata.__exception_dump_fpr.str1.8
                0x80020918       0x3e /n64_toolchain/mips64-elf/lib/libdragon.a(exception.o)
 *fill*         0x80020956        0x2 
 .rodata.exception_default_handler.str1.8
                0x80020958       0x3e /n64_toolchain/mips64-elf/lib/libdragon.a(exception.o)
 *fill*         0x80020996        0x2 
 .rodata.register_syscall_handler.str1.8
                0x80020998      0x13b /n64_toolchain/mips64-elf/lib/libdragon.a(exception.o)
                                0x143 (size before relaxing)
 *fill*         0x80020ad3        0x5 
 .rodata.__func__.2
                0x80020ad8       0x19 /n64_toolchain/mips64-elf/lib/libdragon.a(exception.o)
 *fill*         0x80020af1        0x7 
 .rodata.str1.8
                0x80020af8      0x17e /n64_toolchain/mips64-elf/lib/libdragon.a(exception.o)
 *fill*         0x80020c76        0x2 
 .rodata.exceptionMap.3
                0x80020c78       0x80 /n64_toolchain/mips64-elf/lib/libdragon.a(exception.o)
 .rodata.__do_global_ctors.str1.8
                0x80020cf8       0xa1 /n64_toolchain/mips64-elf/lib/libdragon.a(do_ctors.o)
 *fill*         0x80020d99        0x7 
 .rodata.__wrap___do_global_ctors.str1.8
                0x80020da0       0xbb /n64_toolchain/mips64-elf/lib/libdragon.a(do_ctors.o)
 *fill*         0x80020e5b        0x5 
 .rodata.__func__.0
                0x80020e60       0x19 /n64_toolchain/mips64-elf/lib/libdragon.a(do_ctors.o)
 *fill*         0x80020e79        0x7 
 .rodata.malloc_uncached_aligned.str1.8
                0x80020e80       0x3d /n64_toolchain/mips64-elf/lib/libdragon.a(n64sys.o)
 *fill*         0x80020ebd        0x3 
 .rodata.__func__.0
                0x80020ec0       0x18 /n64_toolchain/mips64-elf/lib/libdragon.a(n64sys.o)
 .rodata.__CART_handler.str1.8
                0x80020ed8       0x8a /n64_toolchain/mips64-elf/lib/libdragon.a(interrupt.o)
 *fill*         0x80020f62        0x6 
 .rodata.enable_interrupts.str1.8
                0x80020f68       0x3c /n64_toolchain/mips64-elf/lib/libdragon.a(interrupt.o)
 *fill*         0x80020fa4        0x4 
 .rodata.__func__.0
                0x80020fa8       0x12 /n64_toolchain/mips64-elf/lib/libdragon.a(interrupt.o)
 *fill*         0x80020fba        0x6 
 .rodata.__func__.3
                0x80020fc0        0xf /n64_toolchain/mips64-elf/lib/libdragon.a(interrupt.o)
 *fill*         0x80020fcf        0x1 
 .rodata.symt_open.str1.8
                0x80020fd0       0xc3 /n64_toolchain/mips64-elf/lib/libdragon.a(backtrace.o)
 .rodata.format_entry.str1.8
                0x80021093       0x14 /n64_toolchain/mips64-elf/lib/libdragon.a(backtrace.o)
 *fill*         0x80021093        0x5 
 .rodata.symt_addrtab_search.str1.8
                0x80021098       0x38 /n64_toolchain/mips64-elf/lib/libdragon.a(backtrace.o)
 .rodata.__symbolize.str1.8
                0x800210d0        0xc /n64_toolchain/mips64-elf/lib/libdragon.a(backtrace.o)
                                 0x13 (size before relaxing)
 *fill*         0x800210dc        0x4 
 .rodata.__bt_analyze_func.str1.8
                0x800210e0       0x42 /n64_toolchain/mips64-elf/lib/libdragon.a(backtrace.o)
 *fill*         0x80021122        0x6 
 .rodata.backtrace_foreach.str1.8
                0x80021128       0x81 /n64_toolchain/mips64-elf/lib/libdragon.a(backtrace.o)
 *fill*         0x800211a9        0x7 
 .rodata.backtrace_symbols_cb.str1.8
                0x800211b0       0x22 /n64_toolchain/mips64-elf/lib/libdragon.a(backtrace.o)
 *fill*         0x800211d2        0x6 
 .rodata.backtrace_frame_print.str1.8
                0x800211d8       0x2d /n64_toolchain/mips64-elf/lib/libdragon.a(backtrace.o)
                                 0x35 (size before relaxing)
 *fill*         0x80021205        0x3 
 .rodata.backtrace_frame_print_compact.str1.8
                0x80021208       0x2a /n64_toolchain/mips64-elf/lib/libdragon.a(backtrace.o)
 *fill*         0x80021232        0x6 
 .rodata.__func__.2
                0x80021238       0x13 /n64_toolchain/mips64-elf/lib/libdragon.a(backtrace.o)
 *fill*         0x8002124b        0x5 
 .rodata.rompak_search_ext.str1.8
                0x80021250       0xb7 /n64_toolchain/mips64-elf/lib/libdragon.a(rompak.o)
 *fill*         0x80021307        0x1 
 .rodata.__func__.0
                0x80021308       0x12 /n64_toolchain/mips64-elf/lib/libdragon.a(rompak.o)
 *fill*         0x8002131a        0x6 
 .rodata.display_show.part.0.str1.8
                0x80021320       0xf9 /n64_toolchain/mips64-elf/lib/libdragon.a(display.o)
 *fill*         0x80021419        0x7 
 .rodata.display_init.str1.8
                0x80021420      0x199 /n64_toolchain/mips64-elf/lib/libdragon.a(display.o)
 *fill*         0x800215b9        0x7 
 .rodata.__func__.0
                0x800215c0        0xd /n64_toolchain/mips64-elf/lib/libdragon.a(display.o)
 *fill*         0x800215cd        0x3 
 .rodata.__func__.1
                0x800215d0        0xd /n64_toolchain/mips64-elf/lib/libdragon.a(display.o)
 *fill*         0x800215dd        0x3 
 .rodata.reg_values
                0x800215e0       0x18 /n64_toolchain/mips64-elf/lib/libdragon.a(display.o)
 .rodata.mpal_i
                0x800215f8       0x38 /n64_toolchain/mips64-elf/lib/libdragon.a(display.o)
 .rodata.pal_i  0x80021630       0x38 /n64_toolchain/mips64-elf/lib/libdragon.a(display.o)
 .rodata.ntsc_i
                0x80021668       0x38 /n64_toolchain/mips64-elf/lib/libdragon.a(display.o)
 .rodata.mpal_p
                0x800216a0       0x38 /n64_toolchain/mips64-elf/lib/libdragon.a(display.o)
 .rodata.pal_p  0x800216d8       0x38 /n64_toolchain/mips64-elf/lib/libdragon.a(display.o)
 .rodata.ntsc_p
                0x80021710       0x38 /n64_toolchain/mips64-elf/lib/libdragon.a(display.o)
 .rodata.surface_alloc.str1.8
                0x80021748       0x62 /n64_toolchain/mips64-elf/lib/libdragon.a(surface.o)
 *fill*         0x800217aa        0x6 
 .rodata.__func__.1
                0x800217b0        0xe /n64_toolchain/mips64-elf/lib/libdragon.a(surface.o)
 *fill*         0x800217be        0x2 
 .rodata.controller_scan.str1.8
                0x800217c0       0x51 /n64_toolchain/mips64-elf/lib/libdragon.a(controller.o)
 *fill*         0x80021811        0x7 
 .rodata.__func__.2
                0x80021818       0x10 /n64_toolchain/mips64-elf/lib/libdragon.a(controller.o)
 .rodata.SI_read_con_block.8
                0x80021828       0x40 /n64_toolchain/mips64-elf/lib/libdragon.a(controller.o)
 .rodata.SI_read_con_block.9
                0x80021868       0x40 /n64_toolchain/mips64-elf/lib/libdragon.a(controller.o)
 .rodata.__font_data_32
                0x800218a8     0x8008 /n64_toolchain/mips64-elf/lib/libdragon.a(graphics.o)
 .rodata.__font_data_16
                0x800298b0     0x4008 /n64_toolchain/mips64-elf/lib/libdragon.a(graphics.o)
 .rodata.joybus_msg_send.str1.8
                0x8002d8b8       0x55 /n64_toolchain/mips64-elf/lib/libdragon.a(joybus.o)
 *fill*         0x8002d90d        0x3 
 .rodata.si_interrupt.str1.8
                0x8002d910       0x40 /n64_toolchain/mips64-elf/lib/libdragon.a(joybus.o)
 .rodata.joybus_exec_async.str1.8
                0x8002d950       0x4a /n64_toolchain/mips64-elf/lib/libdragon.a(joybus.o)
 *fill*         0x8002d99a        0x6 
 .rodata.__func__.1
                0x8002d9a0       0x12 /n64_toolchain/mips64-elf/lib/libdragon.a(joybus.o)
 *fill*         0x8002d9b2        0x6 
 .rodata.__func__.2
                0x8002d9b8       0x10 /n64_toolchain/mips64-elf/lib/libdragon.a(joybus.o)
 .rodata.__func__.3
                0x8002d9c8       0x10 /n64_toolchain/mips64-elf/lib/libdragon.a(joybus.o)
 .rodata.__func__.4
                0x8002d9d8        0xd /n64_toolchain/mips64-elf/lib/libdragon.a(joybus.o)
 *fill*         0x8002d9e5        0x3 
 .rodata.text_init.str1.8
                0x8002d9e8       0x69 build/text.o
 *fill*         0x8002da51        0x7 
 .rodata.about_screen_draw.str1.8
                0x8002da58      0x10a build/main.o
 *fill*         0x8002db62        0x6 
 .rodata.help_menu_draw.str1.8
                0x8002db68      0x154 build/main.o
 *fill*         0x8002dcbc        0x4 
 .rodata.main_menu_draw.str1.8
                0x8002dcc0       0x18 build/main.o
                                 0x1a (size before relaxing)
 .rodata.practice_tool_draw.str1.8
                0x8002dcd8       0x94 build/main.o
 *fill*         0x8002dd6c        0x4 
 .rodata.str1.8
                0x8002dd70        0xd build/main.o
 *fill*         0x8002dd7d        0x3 
 .rodata.options
                0x8002dd80        0xc build/main.o
 *fill*         0x8002dd8c        0x4 
 .rodata.RESOLUTION_320x240
                0x8002dd90        0xc build/main.o
 *fill*         0x8002dd9c        0x4 
 .rodata.sfx_init.str1.8
                0x8002dda0       0x21 build/sfx.o
 *fill*         0x8002ddc1        0x7 
 .rodata.__open.str1.8
                0x8002ddc8        0x2 /n64_toolchain/lib/gcc/mips64-elf/13.1.0/../../../../mips64-elf/lib/libdragon.a(dragonfs.o)
 *fill*         0x8002ddca        0x6 
 .rodata.dfs_read.str1.8
                0x8002ddd0        0xf /n64_toolchain/lib/gcc/mips64-elf/13.1.0/../../../../mips64-elf/lib/libdragon.a(dragonfs.o)
                                 0x3f (size before relaxing)
 *fill*         0x8002dddf        0x1 
 .rodata.dfs_init.str1.8
                0x8002dde0       0x86 /n64_toolchain/lib/gcc/mips64-elf/13.1.0/../../../../mips64-elf/lib/libdragon.a(dragonfs.o)
                                 0x8e (size before relaxing)
 *fill*         0x8002de66        0x2 
 .rodata.__func__.0
                0x8002de68       0x16 /n64_toolchain/lib/gcc/mips64-elf/13.1.0/../../../../mips64-elf/lib/libdragon.a(dragonfs.o)
 *fill*         0x8002de7e        0x2 
 .rodata.__func__.1
                0x8002de80        0x9 /n64_toolchain/lib/gcc/mips64-elf/13.1.0/../../../../mips64-elf/lib/libdragon.a(dragonfs.o)
 *fill*         0x8002de89        0x7 
 .rodata.RESOLUTION_640x240
                0x8002de90        0xc /n64_toolchain/lib/gcc/mips64-elf/13.1.0/../../../../mips64-elf/lib/libdragon.a(console.o)
 *fill*         0x8002de9c        0x4 
 .rodata.timer_poll.str1.8
                0x8002dea0       0x89 /n64_toolchain/lib/gcc/mips64-elf/13.1.0/../../../../mips64-elf/lib/libdragon.a(timer.o)
 *fill*         0x8002df29        0x7 
 .rodata.timer_init.str1.8
                0x8002df30       0x31 /n64_toolchain/lib/gcc/mips64-elf/13.1.0/../../../../mips64-elf/lib/libdragon.a(timer.o)
 *fill*         0x8002df61        0x7 
 .rodata.new_timer.str1.8
                0x8002df68       0x2d /n64_toolchain/lib/gcc/mips64-elf/13.1.0/../../../../mips64-elf/lib/libdragon.a(timer.o)
 *fill*         0x8002df95        0x3 
 .rodata.__func__.0
                0x8002df98        0xc /n64_toolchain/lib/gcc/mips64-elf/13.1.0/../../../../mips64-elf/lib/libdragon.a(timer.o)
 *fill*         0x8002dfa4        0x4 
 .rodata.__func__.8
                0x8002dfa8        0xb /n64_toolchain/lib/gcc/mips64-elf/13.1.0/../../../../mips64-elf/lib/libdragon.a(timer.o)
 *fill*         0x8002dfb3        0x5 
 .rodata.__func__.9
                0x8002dfb8        0xb /n64_toolchain/lib/gcc/mips64-elf/13.1.0/../../../../mips64-elf/lib/libdragon.a(timer.o)
 *fill*         0x8002dfc3        0x5 
 .rodata.mixer_init_samplebuffers.str1.8
                0x8002dfc8       0x90 /n64_toolchain/lib/gcc/mips64-elf/13.1.0/../../../../mips64-elf/lib/libdragon.a(mixer.o)
 .rodata.waveform_read.str1.8
                0x8002e058       0xaa /n64_toolchain/lib/gcc/mips64-elf/13.1.0/../../../../mips64-elf/lib/libdragon.a(mixer.o)
 *fill*         0x8002e102        0x6 
 .rodata.mixer_ch_set_freq.str1.8
                0x8002e108       0xbb /n64_toolchain/lib/gcc/mips64-elf/13.1.0/../../../../mips64-elf/lib/libdragon.a(mixer.o)
 *fill*         0x8002e1c3        0x5 
 .rodata.mixer_ch_set_vol.str1.8
                0x8002e1c8       0x3d /n64_toolchain/lib/gcc/mips64-elf/13.1.0/../../../../mips64-elf/lib/libdragon.a(mixer.o)
 *fill*         0x8002e205        0x3 
 .rodata.mixer_ch_play.str1.8
                0x8002e208      0x165 /n64_toolchain/lib/gcc/mips64-elf/13.1.0/../../../../mips64-elf/lib/libdragon.a(mixer.o)
 *fill*         0x8002e36d        0x3 
 .rodata.mixer_ch_set_limits.str1.8
                0x8002e370       0x77 /n64_toolchain/lib/gcc/mips64-elf/13.1.0/../../../../mips64-elf/lib/libdragon.a(mixer.o)
 *fill*         0x8002e3e7        0x1 
 .rodata.mixer_init.str1.8
                0x8002e3e8       0x48 /n64_toolchain/lib/gcc/mips64-elf/13.1.0/../../../../mips64-elf/lib/libdragon.a(mixer.o)
 .rodata.mixer_poll.str1.8
                0x8002e430       0x9a /n64_toolchain/lib/gcc/mips64-elf/13.1.0/../../../../mips64-elf/lib/libdragon.a(mixer.o)
 *fill*         0x8002e4ca        0x6 
 .rodata.__func__.0
                0x8002e4d0        0xb /n64_toolchain/lib/gcc/mips64-elf/13.1.0/../../../../mips64-elf/lib/libdragon.a(mixer.o)
 *fill*         0x8002e4db        0x5 
 .rodata.__func__.1
                0x8002e4e0        0xb /n64_toolchain/lib/gcc/mips64-elf/13.1.0/../../../../mips64-elf/lib/libdragon.a(mixer.o)
 *fill*         0x8002e4eb        0x5 
 .rodata.__func__.2
                0x8002e4f0       0x14 /n64_toolchain/lib/gcc/mips64-elf/13.1.0/../../../../mips64-elf/lib/libdragon.a(mixer.o)
 *fill*         0x8002e504        0x4 
 .rodata.__func__.6
                0x8002e508       0x19 /n64_toolchain/lib/gcc/mips64-elf/13.1.0/../../../../mips64-elf/lib/libdragon.a(mixer.o)
 *fill*         0x8002e521        0x7 
 .rodata.__func__.7
                0x8002e528       0x13 /n64_toolchain/lib/gcc/mips64-elf/13.1.0/../../../../mips64-elf/lib/libdragon.a(mixer.o)
 *fill*         0x8002e53b        0x5 
 .rodata.__func__.8
                0x8002e540        0xe /n64_toolchain/lib/gcc/mips64-elf/13.1.0/../../../../mips64-elf/lib/libdragon.a(mixer.o)
 *fill*         0x8002e54e        0x2 
 .rodata.__func__.9
                0x8002e550        0xe /n64_toolchain/lib/gcc/mips64-elf/13.1.0/../../../../mips64-elf/lib/libdragon.a(mixer.o)
 *fill*         0x8002e55e        0x2 
 .rodata.__func__.10
                0x8002e560       0x11 /n64_toolchain/lib/gcc/mips64-elf/13.1.0/../../../../mips64-elf/lib/libdragon.a(mixer.o)
 *fill*         0x8002e571        0x7 
 .rodata.__func__.11
                0x8002e578       0x12 /n64_toolchain/lib/gcc/mips64-elf/13.1.0/../../../../mips64-elf/lib/libdragon.a(mixer.o)
 *fill*         0x8002e58a        0x6 
 .rodata.__func__.13
                0x8002e590        0xb /n64_toolchain/lib/gcc/mips64-elf/13.1.0/../../../../mips64-elf/lib/libdragon.a(mixer.o)
 *fill*         0x8002e59b        0x5 
 .rodata.str1.8
                0x8002e5a0        0xa /n64_toolchain/lib/gcc/mips64-elf/13.1.0/../../../../mips64-elf/lib/libdragon.a(mixer.o)
 *fill*         0x8002e5aa        0x6 
 .rodata.samplebuffer_init.str1.8
                0x8002e5b0       0xce /n64_toolchain/lib/gcc/mips64-elf/13.1.0/../../../../mips64-elf/lib/libdragon.a(samplebuffer.o)
 *fill*         0x8002e67e        0x2 
 .rodata.samplebuffer_set_bps.str1.8
                0x8002e680       0xc1 /n64_toolchain/lib/gcc/mips64-elf/13.1.0/../../../../mips64-elf/lib/libdragon.a(samplebuffer.o)
 *fill*         0x8002e741        0x7 
 .rodata.samplebuffer_get.str1.8
                0x8002e748       0x70 /n64_toolchain/lib/gcc/mips64-elf/13.1.0/../../../../mips64-elf/lib/libdragon.a(samplebuffer.o)
 .rodata.samplebuffer_discard.str1.8
                0x8002e7b8       0x19 /n64_toolchain/lib/gcc/mips64-elf/13.1.0/../../../../mips64-elf/lib/libdragon.a(samplebuffer.o)
 *fill*         0x8002e7d1        0x7 
 .rodata.samplebuffer_append.str1.8
                0x8002e7d8       0xfe /n64_toolchain/lib/gcc/mips64-elf/13.1.0/../../../../mips64-elf/lib/libdragon.a(samplebuffer.o)
 *fill*         0x8002e8d6        0x2 
 .rodata.__func__.0
                0x8002e8d8       0x15 /n64_toolchain/lib/gcc/mips64-elf/13.1.0/../../../../mips64-elf/lib/libdragon.a(samplebuffer.o)
 *fill*         0x8002e8ed        0x3 
 .rodata.__func__.1
                0x8002e8f0       0x14 /n64_toolchain/lib/gcc/mips64-elf/13.1.0/../../../../mips64-elf/lib/libdragon.a(samplebuffer.o)
 *fill*         0x8002e904        0x4 
 .rodata.__func__.2
                0x8002e908       0x11 /n64_toolchain/lib/gcc/mips64-elf/13.1.0/../../../../mips64-elf/lib/libdragon.a(samplebuffer.o)
 *fill*         0x8002e919        0x7 
 .rodata.__func__.3
                0x8002e920       0x15 /n64_toolchain/lib/gcc/mips64-elf/13.1.0/../../../../mips64-elf/lib/libdragon.a(samplebuffer.o)
 *fill*         0x8002e935        0x3 
 .rodata.__func__.4
                0x8002e938       0x12 /n64_toolchain/lib/gcc/mips64-elf/13.1.0/../../../../mips64-elf/lib/libdragon.a(samplebuffer.o)
 *fill*         0x8002e94a        0x6 
 .rodata.wav64_open.str1.8
                0x8002e950      0x1e0 /n64_toolchain/lib/gcc/mips64-elf/13.1.0/../../../../mips64-elf/lib/libdragon.a(wav64.o)
                                0x1f0 (size before relaxing)
 .rodata.__func__.0
                0x8002eb30        0xb /n64_toolchain/lib/gcc/mips64-elf/13.1.0/../../../../mips64-elf/lib/libdragon.a(wav64.o)
 *fill*         0x8002eb3b        0x5 
 .rodata.rspq_switch_buffer.part.0.str1.8
                0x8002eb40       0x30 /n64_toolchain/lib/gcc/mips64-elf/13.1.0/../../../../mips64-elf/lib/libdragon.a(rspq.o)
 .rodata.rspq_crash_handler.str1.8
                0x8002eb70      0x184 /n64_toolchain/lib/gcc/mips64-elf/13.1.0/../../../../mips64-elf/lib/libdragon.a(rspq.o)
 *fill*         0x8002ecf4        0x4 
 .rodata.rspq_assert_handler.str1.8
                0x8002ecf8       0x6f /n64_toolchain/lib/gcc/mips64-elf/13.1.0/../../../../mips64-elf/lib/libdragon.a(rspq.o)
 *fill*         0x8002ed67        0x1 
 .rodata.rspq_init.str1.8
                0x8002ed68       0x9e /n64_toolchain/lib/gcc/mips64-elf/13.1.0/../../../../mips64-elf/lib/libdragon.a(rspq.o)
 *fill*         0x8002ee06        0x2 
 .rodata.rspq_overlay_get_state.str1.8
                0x8002ee08      0x108 /n64_toolchain/lib/gcc/mips64-elf/13.1.0/../../../../mips64-elf/lib/libdragon.a(rspq.o)
 .rodata.rspq_next_buffer.str1.8
                0x8002ef10       0x72 /n64_toolchain/lib/gcc/mips64-elf/13.1.0/../../../../mips64-elf/lib/libdragon.a(rspq.o)
 *fill*         0x8002ef82        0x6 
 .rodata.rspq_overlay_unregister.str1.8
                0x8002ef88       0xbc /n64_toolchain/lib/gcc/mips64-elf/13.1.0/../../../../mips64-elf/lib/libdragon.a(rspq.o)
                                 0xc4 (size before relaxing)
 *fill*         0x8002f044        0x4 
 .rodata.rspq_highpri_begin.str1.8
                0x8002f048       0x75 /n64_toolchain/lib/gcc/mips64-elf/13.1.0/../../../../mips64-elf/lib/libdragon.a(rspq.o)
 *fill*         0x8002f0bd        0x3 
 .rodata.rspq_highpri_end.str1.8
                0x8002f0c0       0x2c /n64_toolchain/lib/gcc/mips64-elf/13.1.0/../../../../mips64-elf/lib/libdragon.a(rspq.o)
 *fill*         0x8002f0ec        0x4 
 .rodata.rspq_overlay_register_internal.str1.8
                0x8002f0f0      0x365 /n64_toolchain/lib/gcc/mips64-elf/13.1.0/../../../../mips64-elf/lib/libdragon.a(rspq.o)
                                0x36d (size before relaxing)
 *fill*         0x8002f455        0x3 
 .rodata.rspq_highpri_sync.str1.8
                0x8002f458       0x39 /n64_toolchain/lib/gcc/mips64-elf/13.1.0/../../../../mips64-elf/lib/libdragon.a(rspq.o)
 *fill*         0x8002f491        0x7 
 .rodata.__func__.7
                0x8002f498       0x12 /n64_toolchain/lib/gcc/mips64-elf/13.1.0/../../../../mips64-elf/lib/libdragon.a(rspq.o)
 *fill*         0x8002f4aa        0x6 
 .rodata.__func__.8
                0x8002f4b0       0x11 /n64_toolchain/lib/gcc/mips64-elf/13.1.0/../../../../mips64-elf/lib/libdragon.a(rspq.o)
 *fill*         0x8002f4c1        0x7 
 .rodata.__func__.9
                0x8002f4c8       0x13 /n64_toolchain/lib/gcc/mips64-elf/13.1.0/../../../../mips64-elf/lib/libdragon.a(rspq.o)
 *fill*         0x8002f4db        0x5 
 .rodata.__func__.10
                0x8002f4e0       0x13 /n64_toolchain/lib/gcc/mips64-elf/13.1.0/../../../../mips64-elf/lib/libdragon.a(rspq.o)
 *fill*         0x8002f4f3        0x5 
 .rodata.__func__.11
                0x8002f4f8       0x11 /n64_toolchain/lib/gcc/mips64-elf/13.1.0/../../../../mips64-elf/lib/libdragon.a(rspq.o)
 *fill*         0x8002f509        0x7 
 .rodata.__func__.14
                0x8002f510       0x1f /n64_toolchain/lib/gcc/mips64-elf/13.1.0/../../../../mips64-elf/lib/libdragon.a(rspq.o)
 *fill*         0x8002f52f        0x1 
 .rodata.__func__.15
                0x8002f530       0x1f /n64_toolchain/lib/gcc/mips64-elf/13.1.0/../../../../mips64-elf/lib/libdragon.a(rspq.o)
 *fill*         0x8002f54f        0x1 
 .rodata.__func__.16
                0x8002f550       0x17 /n64_toolchain/lib/gcc/mips64-elf/13.1.0/../../../../mips64-elf/lib/libdragon.a(rspq.o)
 *fill*         0x8002f567        0x1 
 .rodata.__func__.18
                0x8002f568        0xa /n64_toolchain/lib/gcc/mips64-elf/13.1.0/../../../../mips64-elf/lib/libdragon.a(rspq.o)
 *fill*         0x8002f572        0x6 
 .rodata.__func__.19
                0x8002f578       0x13 /n64_toolchain/lib/gcc/mips64-elf/13.1.0/../../../../mips64-elf/lib/libdragon.a(rspq.o)
 *fill*         0x8002f58b        0x5 
 .rodata.str1.8
                0x8002f590        0xa /n64_toolchain/lib/gcc/mips64-elf/13.1.0/../../../../mips64-elf/lib/libdragon.a(rspq.o)
 *fill*         0x8002f59a        0x6 
 .rodata.rsp_load_code.str1.8
                0x8002f5a0       0x47 /n64_toolchain/lib/gcc/mips64-elf/13.1.0/../../../../mips64-elf/lib/libdragon.a(rsp.o)
 *fill*         0x8002f5e7        0x1 
 .rodata.rsp_load_data.str1.8
                0x8002f5e8       0x17 /n64_toolchain/lib/gcc/mips64-elf/13.1.0/../../../../mips64-elf/lib/libdragon.a(rsp.o)
 *fill*         0x8002f5ff        0x1 
 .rodata.__rsp_crash.str1.8
                0x8002f600      0x76f /n64_toolchain/lib/gcc/mips64-elf/13.1.0/../../../../mips64-elf/lib/libdragon.a(rsp.o)
                                0x77f (size before relaxing)
 .rodata.rsp_wait.str1.8
                0x8002fd6f       0x1c /n64_toolchain/lib/gcc/mips64-elf/13.1.0/../../../../mips64-elf/lib/libdragon.a(rsp.o)
 *fill*         0x8002fd6f        0x1 
 .rodata.__func__.0
                0x8002fd70        0x9 /n64_toolchain/lib/gcc/mips64-elf/13.1.0/../../../../mips64-elf/lib/libdragon.a(rsp.o)
 *fill*         0x8002fd79        0x7 
 .rodata.__func__.1
                0x8002fd80        0xe /n64_toolchain/lib/gcc/mips64-elf/13.1.0/../../../../mips64-elf/lib/libdragon.a(rsp.o)
 *fill*         0x8002fd8e        0x2 
 .rodata.__func__.2
                0x8002fd90        0xe /n64_toolchain/lib/gcc/mips64-elf/13.1.0/../../../../mips64-elf/lib/libdragon.a(rsp.o)
 *fill*         0x8002fd9e        0x2 
 .rodata.__func__.3
                0x8002fda0        0xe /n64_toolchain/lib/gcc/mips64-elf/13.1.0/../../../../mips64-elf/lib/libdragon.a(rsp.o)
 *fill*         0x8002fdae        0x2 
 .rodata.__func__.4
                0x8002fdb0        0xe /n64_toolchain/lib/gcc/mips64-elf/13.1.0/../../../../mips64-elf/lib/libdragon.a(rsp.o)
 *fill*         0x8002fdbe        0x2 
 .rodata.str1.8
                0x8002fdc0        0xa /n64_toolchain/lib/gcc/mips64-elf/13.1.0/../../../../mips64-elf/lib/libdragon.a(rsp.o)
 .rodata.str1.8
                0x8002fdca        0x2 /n64_toolchain/lib/gcc/mips64-elf/13.1.0/../../../../mips64-elf/lib/libc.a(libc_a-puts.o)
 *fill*         0x8002fdca        0x6 
 .rodata.str1.8
                0x8002fdd0       0x57 /n64_toolchain/lib/gcc/mips64-elf/13.1.0/../../../../mips64-elf/lib/libc.a(libc_a-svfprintf.o)
                                 0x5a (size before relaxing)
 *fill*         0x8002fe27        0x1 
 .rodata.str1.8
                0x8002fe28       0x69 /n64_toolchain/lib/gcc/mips64-elf/13.1.0/../../../../mips64-elf/lib/libc.a(libc_a-dtoa.o)
                                 0x71 (size before relaxing)
 .rodata.str1.8
                0x8002fe91       0x5a /n64_toolchain/lib/gcc/mips64-elf/13.1.0/../../../../mips64-elf/lib/libc.a(libc_a-vfprintf.o)
 .rodata.str1.8
                0x8002fe91       0x37 /n64_toolchain/lib/gcc/mips64-elf/13.1.0/../../../../mips64-elf/lib/libc.a(libc_a-vfiprintf.o)
 *fill*         0x8002fe91        0x7 
 .rodata.str1.8
                0x8002fe98       0x3a /n64_toolchain/lib/gcc/mips64-elf/13.1.0/../../../../mips64-elf/lib/libc.a(libc_a-mprec.o)
                                 0x52 (size before relaxing)
 *fill*         0x8002fed2        0x6 
 .rodata.str1.8
                0x8002fed8        0xe /n64_toolchain/lib/gcc/mips64-elf/13.1.0/../../../../mips64-elf/lib/libc.a(libc_a-locale.o)
                                 0x1a (size before relaxing)
 .rodata.str1.8
                0x8002fee6       0x37 /n64_toolchain/lib/gcc/mips64-elf/13.1.0/../../../../mips64-elf/lib/libc.a(libc_a-svfiprintf.o)
 *(.gnu.linkonce.r.*)
                0x8002ff20                        . = ALIGN (0x8)
 *fill*         0x8002fee6        0x2 

.MIPS.abiflags  0x8002fee8       0x18
 .MIPS.abiflags
                0x8002fee8       0x18 /n64_toolchain/lib/gcc/mips64-elf/13.1.0/crti.o

.rel.dyn        0x8002ff00        0x0
 .rel.dyn       0x8002ff00        0x0 /n64_toolchain/mips64-elf/lib/libdragon.a(inspector.o)
                0x8002ff00                        . = ALIGN (0x4)

.ctors          0x8002ff00       0x18
                0x8002ff00                        __CTOR_LIST__ = .
 *(.ctors)
 .ctors         0x8002ff00        0x4 /n64_toolchain/lib/gcc/mips64-elf/13.1.0/crtbegin.o
 .ctors         0x8002ff04        0x4 /n64_toolchain/mips64-elf/lib/libdragon.a(inspector.o)
 .ctors         0x8002ff08        0x4 /n64_toolchain/mips64-elf/lib/libdragon.a(n64sys.o)
 .ctors         0x8002ff0c        0x4 /n64_toolchain/mips64-elf/lib/libdragon.a(interrupt.o)
 .ctors         0x8002ff10        0x4 /n64_toolchain/mips64-elf/lib/libdragon.a(joybus.o)
 .ctors         0x8002ff14        0x4 /n64_toolchain/lib/gcc/mips64-elf/13.1.0/crtend.o
                0x8002ff18                        __CTOR_END__ = .
                0x8002ff18                        . = ALIGN (0x8)

.data           0x8002ff18     0x1b50
                0x8002ff18                        __data_start = .
 *(.data)
 .data          0x8002ff18      0xcf0 /n64_toolchain/lib/gcc/mips64-elf/13.1.0/../../../../mips64-elf/lib/libdragon.a(rsp_mixer.o)
                0x8002ff18                rsp_mixer_text_start
                0x800308e8                rsp_mixer_data_start
                0x800308e8                rsp_mixer_text_end
                0x80030c08                rsp_mixer_data_end
 .data          0x80030c08      0x460 /n64_toolchain/lib/gcc/mips64-elf/13.1.0/../../../../mips64-elf/lib/libdragon.a(rsp_queue.o)
                0x80030c08                rsp_queue_text_start
                0x80030e08                rsp_queue_text_end
                0x80030e08                rsp_queue_data_start
                0x80031068                rsp_queue_data_end
 .data          0x80031068      0x1c4 /n64_toolchain/lib/gcc/mips64-elf/13.1.0/../../../../mips64-elf/lib/libdragon.a(rsp_crash.o)
                0x80031068                rsp_crash_text_start
                0x80031228                rsp_crash_data_start
                0x80031228                rsp_crash_text_end
                0x8003122c                rsp_crash_data_end
 *fill*         0x8003122c        0x4 
 .data          0x80031230      0x408 /n64_toolchain/lib/gcc/mips64-elf/13.1.0/../../../../mips64-elf/lib/libc.a(libc_a-mallocr.o)
                0x80031230                __malloc_av_
 .data          0x80031638        0xc /n64_toolchain/lib/gcc/mips64-elf/13.1.0/../../../../mips64-elf/lib/libc.a(libc_a-findfp.o)
                0x80031638                __sglue
 *fill*         0x80031644        0x4 
 .data          0x80031648      0x16c /n64_toolchain/lib/gcc/mips64-elf/13.1.0/../../../../mips64-elf/lib/libc.a(libc_a-locale.o)
                0x80031648                __global_locale
 *fill*         0x800317b4        0x4 
 .data          0x800317b8      0x120 /n64_toolchain/lib/gcc/mips64-elf/13.1.0/../../../../mips64-elf/lib/libc.a(libc_a-impure.o)
                0x800317b8                _impure_data
 *(.data.*)
 .data.__mips_fpreg
                0x800318d8       0x80 /n64_toolchain/mips64-elf/lib/libdragon.a(inspector.o)
                0x800318d8                __mips_fpreg
 .data.__mips_gpr
                0x80031958       0x88 /n64_toolchain/mips64-elf/lib/libdragon.a(inspector.o)
                0x80031958                __mips_gpr
 .data.dragon_fs
                0x800319e0       0x24 /n64_toolchain/lib/gcc/mips64-elf/13.1.0/../../../../mips64-elf/lib/libdragon.a(dragonfs.o)
 *fill*         0x80031a04        0x4 
 .data.rsp_mixer
                0x80031a08       0x20 /n64_toolchain/lib/gcc/mips64-elf/13.1.0/../../../../mips64-elf/lib/libdragon.a(mixer.o)
                0x80031a08                rsp_mixer
 .data.rsp_queue
                0x80031a28       0x20 /n64_toolchain/lib/gcc/mips64-elf/13.1.0/../../../../mips64-elf/lib/libdragon.a(rspq.o)
                0x80031a28                rsp_queue
 .data.rsp_crash
                0x80031a48       0x20 /n64_toolchain/lib/gcc/mips64-elf/13.1.0/../../../../mips64-elf/lib/libdragon.a(rsp.o)
                0x80031a48                rsp_crash
 *(.gnu.linkonce.d.*)
                0x80031a68                        . = ALIGN (0x8)

.sdata          0x80031a68      0x110
                0x80039a68                        _gp = (. + 0x8000)
 *(.sdata)
 .sdata         0x80031a68       0x10 /n64_toolchain/mips64-elf/lib/libdragon.a(exception.o)
 .sdata         0x80031a78        0x8 build/fps.o
 .sdata         0x80031a80       0x30 /n64_toolchain/lib/gcc/mips64-elf/13.1.0/../../../../mips64-elf/lib/libdragon.a(mixer.o)
 .sdata         0x80031ab0        0xc /n64_toolchain/lib/gcc/mips64-elf/13.1.0/../../../../mips64-elf/lib/libm.a(libm_a-sf_ceil.o)
 *fill*         0x80031abc        0x4 
 .sdata         0x80031ac0        0x8 /n64_toolchain/lib/gcc/mips64-elf/13.1.0/../../../../mips64-elf/lib/libc.a(libc_a-svfprintf.o)
 .sdata         0x80031ac8       0x48 /n64_toolchain/lib/gcc/mips64-elf/13.1.0/../../../../mips64-elf/lib/libc.a(libc_a-dtoa.o)
 .sdata         0x80031b10        0x8 /n64_toolchain/lib/gcc/mips64-elf/13.1.0/../../../../mips64-elf/lib/libc.a(libc_a-mallocr.o)
                0x80031b10                __malloc_sbrk_base
                0x80031b14                __malloc_trim_threshold
 .sdata         0x80031b18        0x8 /n64_toolchain/lib/gcc/mips64-elf/13.1.0/../../../../mips64-elf/lib/libc.a(libc_a-vfprintf.o)
 .sdata         0x80031b20       0x10 /n64_toolchain/lib/gcc/mips64-elf/13.1.0/../../../../mips64-elf/lib/libc.a(libc_a-mprec.o)
 .sdata         0x80031b30        0x4 /n64_toolchain/lib/gcc/mips64-elf/13.1.0/../../../../mips64-elf/lib/libc.a(libc_a-impure.o)
                0x80031b30                _impure_ptr
 *(.sdata.*)
 .sdata.first_backtrace
                0x80031b34        0x1 /n64_toolchain/mips64-elf/lib/libdragon.a(inspector.o)
 *fill*         0x80031b35        0x3 
 .sdata.fpr_show_mode
                0x80031b38        0x4 /n64_toolchain/mips64-elf/lib/libdragon.a(inspector.o)
 .sdata.__exception_handler
                0x80031b3c        0x4 /n64_toolchain/mips64-elf/lib/libdragon.a(exception.o)
 .sdata.__bootcic
                0x80031b40        0x4 /n64_toolchain/mips64-elf/lib/libdragon.a(n64sys.o)
                0x80031b40                __bootcic
 .sdata.__interrupt_depth
                0x80031b44        0x4 /n64_toolchain/mips64-elf/lib/libdragon.a(interrupt.o)
 .sdata.SYMT_ROM
                0x80031b48        0x4 /n64_toolchain/mips64-elf/lib/libdragon.a(backtrace.o)
 .sdata.now_showing
                0x80031b4c        0x4 /n64_toolchain/mips64-elf/lib/libdragon.a(display.o)
 .sdata.__buffers
                0x80031b50        0x4 /n64_toolchain/mips64-elf/lib/libdragon.a(display.o)
 .sdata.f_color
                0x80031b54        0x4 /n64_toolchain/mips64-elf/lib/libdragon.a(graphics.o)
 .sdata.line_height
                0x80031b58        0x4 build/text.o
                0x80031b58                line_height