Archive member included to satisfy reference by file (symbol)

/n64_toolchain/mips64-elf/lib/libdragon.a(entrypoint.o)
                              (_start)
/n64_toolchain/mips64-elf/lib/libdragon.a(debug.o)
                              /n64_toolchain/mips64-elf/lib/libdragon.a(entrypoint.o) (debug_assert_func)
/n64_toolchain/mips64-elf/lib/libdragon.a(usb.o)
                              /n64_toolchain/mips64-elf/lib/libdragon.a(debug.o) (usb_write)
/n64_toolchain/mips64-elf/lib/libdragon.a(cart.o)
                              /n64_toolchain/mips64-elf/lib/libdragon.a(debug.o) (cart_init)
/n64_toolchain/mips64-elf/lib/libdragon.a(ff.o)
                              /n64_toolchain/mips64-elf/lib/libdragon.a(debug.o) (f_mount)
/n64_toolchain/mips64-elf/lib/libdragon.a(ffunicode.o)
                              /n64_toolchain/mips64-elf/lib/libdragon.a(ff.o) (ff_uni2oem)
/n64_toolchain/mips64-elf/lib/libdragon.a(inspector.o)
                              /n64_toolchain/mips64-elf/lib/libdragon.a(debug.o) (__inspector_assertion)
/n64_toolchain/mips64-elf/lib/libdragon.a(dma.o)
                              /n64_toolchain/mips64-elf/lib/libdragon.a(debug.o) (io_accessible)
/n64_toolchain/mips64-elf/lib/libdragon.a(exception.o)
                              /n64_toolchain/mips64-elf/lib/libdragon.a(inspector.o) (__exception_dump_header)
/n64_toolchain/mips64-elf/lib/libdragon.a(do_ctors.o)
                              /n64_toolchain/mips64-elf/lib/libdragon.a(entrypoint.o) (__wrap___do_global_ctors)
/n64_toolchain/mips64-elf/lib/libdragon.a(n64sys.o)
                              /n64_toolchain/mips64-elf/lib/libdragon.a(entrypoint.o) (__bbplayer)
/n64_toolchain/mips64-elf/lib/libdragon.a(interrupt.o)
                              /n64_toolchain/mips64-elf/lib/libdragon.a(debug.o) (disable_interrupts)
/n64_toolchain/mips64-elf/lib/libdragon.a(backtrace.o)
                              /n64_toolchain/mips64-elf/lib/libdragon.a(inspector.o) (__symbolize)
/n64_toolchain/mips64-elf/lib/libdragon.a(inthandler.o)
                              /n64_toolchain/mips64-elf/lib/libdragon.a(entrypoint.o) (inthandler)
/n64_toolchain/mips64-elf/lib/libdragon.a(rompak.o)
                              /n64_toolchain/mips64-elf/lib/libdragon.a(backtrace.o) (rompak_search_ext)
/n64_toolchain/mips64-elf/lib/libdragon.a(display.o)
                              /n64_toolchain/mips64-elf/lib/libdragon.a(inspector.o) (display_init)
/n64_toolchain/mips64-elf/lib/libdragon.a(surface.o)
                              /n64_toolchain/mips64-elf/lib/libdragon.a(display.o) (surface_alloc)
/n64_toolchain/mips64-elf/lib/libdragon.a(controller.o)
                              /n64_toolchain/mips64-elf/lib/libdragon.a(inspector.o) (controller_read)
/n64_toolchain/mips64-elf/lib/libdragon.a(graphics.o)
                              /n64_toolchain/mips64-elf/lib/libdragon.a(inspector.o) (graphics_set_color)
/n64_toolchain/mips64-elf/lib/libdragon.a(joybus.o)
                              /n64_toolchain/mips64-elf/lib/libdragon.a(controller.o) (joybus_exec_async)
/n64_toolchain/mips64-elf/lib/libdragonsys.a(system.o)
                              /n64_toolchain/mips64-elf/lib/libdragon.a(debug.o) (attach_filesystem)
/n64_toolchain/lib/gcc/mips64-elf/13.1.0/../../../../mips64-elf/lib/libdragon.a(dragonfs.o)
                              build/text.o (dfs_open)
/n64_toolchain/lib/gcc/mips64-elf/13.1.0/../../../../mips64-elf/lib/libdragon.a(audio.o)
                              build/sfx.o (audio_init)
/n64_toolchain/lib/gcc/mips64-elf/13.1.0/../../../../mips64-elf/lib/libdragon.a(console.o)
                              build/main.o (console_set_debug)
/n64_toolchain/lib/gcc/mips64-elf/13.1.0/../../../../mips64-elf/lib/libdragon.a(timer.o)
                              build/main.o (timer_init)
/n64_toolchain/lib/gcc/mips64-elf/13.1.0/../../../../mips64-elf/lib/libdragon.a(mixer.o)
                              build/sfx.o (mixer_ch_play)
/n64_toolchain/lib/gcc/mips64-elf/13.1.0/../../../../mips64-elf/lib/libdragon.a(samplebuffer.o)
                              /n64_toolchain/lib/gcc/mips64-elf/13.1.0/../../../../mips64-elf/lib/libdragon.a(mixer.o) (samplebuffer_init)
/n64_toolchain/lib/gcc/mips64-elf/13.1.0/../../../../mips64-elf/lib/libdragon.a(rsp_mixer.o)
                              /n64_toolchain/lib/gcc/mips64-elf/13.1.0/../../../../mips64-elf/lib/libdragon.a(mixer.o) (rsp_mixer_data_start)
/n64_toolchain/lib/gcc/mips64-elf/13.1.0/../../../../mips64-elf/lib/libdragon.a(wav64.o)
                              build/sfx.o (wav64_open)
/n64_toolchain/lib/gcc/mips64-elf/13.1.0/../../../../mips64-elf/lib/libdragon.a(rspq.o)
                              /n64_toolchain/lib/gcc/mips64-elf/13.1.0/../../../../mips64-elf/lib/libdragon.a(mixer.o) (rspq_cur_pointer)
/n64_toolchain/lib/gcc/mips64-elf/13.1.0/../../../../mips64-elf/lib/libdragon.a(rsp_queue.o)
[...]
Memory Configuration

Name             Origin             Length             Attributes
mem              0x80000000         0x00400000
*default*        0x00000000         0xffffffff

Linker script and memory map

LOAD /n64_toolchain/lib/gcc/mips64-elf/13.1.0/crti.o
LOAD /n64_toolchain/lib/gcc/mips64-elf/13.1.0/crtbegin.o
LOAD /n64_toolchain/mips64-elf/lib/libdragon.a
LOAD /n64_toolchain/mips64-elf/lib/libdragonsys.a
LOAD build/text.o
LOAD build/fps.o
LOAD build/main.o
LOAD build/gfx.o
LOAD build/input.o
LOAD build/sfx.o
LOAD /n64_toolchain/lib/gcc/mips64-elf/13.1.0/../../../../mips64-elf/lib/libdragon.a
LOAD /n64_toolchain/lib/gcc/mips64-elf/13.1.0/../../../../mips64-elf/lib/libm.a
LOAD /n64_toolchain/lib/gcc/mips64-elf/13.1.0/../../../../mips64-elf/lib/libdragonsys.a
                0x80000000                        __kseg0_start = 0x80000000
                0x80000400                        __libdragon_text_start = (__kseg0_start + 0x400)

.text           0x80000400    0x1eb70
 *(.boot)
 .boot          0x80000400      0x18c /n64_toolchain/mips64-elf/lib/libdragon.a(entrypoint.o)
                0x80000400                _start
                0x80000590                        . = ALIGN (0x10)
 *fill*         0x8000058c        0x4 
                0x80000590                        __text_start = .
 *(.text)
 *fill*         0x80000590       0x10 
 .text          0x800005a0      0x360 /n64_toolchain/mips64-elf/lib/libdragon.a(inthandler.o)
                0x800005a0                inthandler
                0x80000900                inthandler_end
 .text          0x80000900      0x110 /n64_toolchain/lib/gcc/mips64-elf/13.1.0/../../../../mips64-elf/lib/libm.a(libm_a-sf_ceil.o)
                0x80000900                ceilf
 .text          0x80000a10      0x1a8 /n64_toolchain/lib/gcc/mips64-elf/13.1.0/../../../../mips64-elf/lib/libm.a(libm_a-s_ceil.o)
                0x80000a10                ceil
 .text          0x80000bb8      0x11c /n64_toolchain/lib/gcc/mips64-elf/13.1.0/../../../../mips64-elf/lib/libc.a(libc_a-memset.o)
                0x80000bb8                memset
 .text          0x80000cd4      0x370 /n64_toolchain/lib/gcc/mips64-elf/13.1.0/../../../../mips64-elf/lib/libc.a(libc_a-memcpy.o)
                0x80000cd4                memcpy
 *fill*         0x80001044        0x4 
 .text          0x80001048       0x70 /n64_toolchain/lib/gcc/mips64-elf/13.1.0/../../../../mips64-elf/lib/libc.a(libc_a-printf.o)
                0x80001048                _printf_r
                0x80001078                printf
 .text          0x800010b8       0x18 /n64_toolchain/lib/gcc/mips64-elf/13.1.0/../../../../mips64-elf/lib/libc.a(libc_a-malign.o)
                0x800010b8                memalign
 .text          0x800010d0      0x1f8 /n64_toolchain/lib/gcc/mips64-elf/13.1.0/../../../../mips64-elf/lib/libc.a(libc_a-malignr.o)
                0x800010d0                _memalign_r
 .text          0x800012c8       0x20 /n64_toolchain/lib/gcc/mips64-elf/13.1.0/../../../../mips64-elf/lib/libc.a(libc_a-putchar.o)
                0x800012c8                _putchar_r
                0x800012d0                putchar
 .text          0x800012e8       0xd8 /n64_toolchain/lib/gcc/mips64-elf/13.1.0/../../../../mips64-elf/lib/libc.a(libc_a-sprintf.o)
                0x800012e8                _sprintf_r
                0x80001350                sprintf
 .text          0x800013c0       0xe0 /n64_toolchain/lib/gcc/mips64-elf/13.1.0/../../../../mips64-elf/lib/libc.a(libc_a-puts.o)
                0x800013c0                _puts_r
                0x80001490                puts
 .text          0x800014a0       0x18 /n64_toolchain/lib/gcc/mips64-elf/13.1.0/../../../../mips64-elf/lib/libc.a(libc_a-abort.o)
                0x800014a0                abort
 .text          0x800014b8      0x1c8 /n64_toolchain/lib/gcc/mips64-elf/13.1.0/../../../../mips64-elf/lib/libc.a(libc_a-snprintf.o)
                0x800014b8                _snprintf_r
                0x80001598                snprintf
 .text          0x80001680     0x1fb0 /n64_toolchain/lib/gcc/mips64-elf/13.1.0/../../../../mips64-elf/lib/libc.a(libc_a-svfprintf.o)
                0x80001680                _svfprintf_r
 .text          0x80003630      0x480 /n64_toolchain/lib/gcc/mips64-elf/13.1.0/../../../../mips64-elf/lib/libc.a(libc_a-freer.o)
                0x80003630                _malloc_trim_r
                0x80003770                _free_r
 .text          0x80003ab0       0x88 /n64_toolchain/lib/gcc/mips64-elf/13.1.0/../../../../mips64-elf/lib/libc.a(libc_a-memcmp.o)
                0x80003ab0                memcmp
 .text          0x80003b38       0x30 /n64_toolchain/lib/gcc/mips64-elf/13.1.0/../../../../mips64-elf/lib/libc.a(libc_a-vprintf.o)
                0x80003b38                vprintf
                0x80003b50                _vprintf_r
 .text          0x80003b68     0x1658 /n64_toolchain/lib/gcc/mips64-elf/13.1.0/../../../../mips64-elf/lib/libc.a(libc_a-dtoa.o)
                0x80003db8                _dtoa_r
 .text          0x800051c0       0x20 /n64_toolchain/lib/gcc/mips64-elf/13.1.0/../../../../mips64-elf/lib/libc.a(libc_a-malloc.o)
                0x800051c0                malloc
                0x800051d0                free
 .text          0x800051e0      0x140 /n64_toolchain/lib/gcc/mips64-elf/13.1.0/../../../../mips64-elf/lib/libc.a(libc_a-memmove.o)
                0x800051e0                memmove
 .text          0x80005320      0x888 /n64_toolchain/lib/gcc/mips64-elf/13.1.0/../../../../mips64-elf/lib/libc.a(libc_a-mallocr.o)
                0x80005320                _malloc_r
 .text          0x80005ba8       0xa8 /n64_toolchain/lib/gcc/mips64-elf/13.1.0/../../../../mips64-elf/lib/libc.a(libc_a-strcpy.o)
                0x80005ba8                strcpy
 .text          0x80005c50     0x21e8 /n64_toolchain/lib/gcc/mips64-elf/13.1.0/../../../../mips64-elf/lib/libc.a(libc_a-vfprintf.o)
                0x80005c50                _vfprintf_r
                0x80007d50                vfprintf
 .text          0x80007e38      0x570 /n64_toolchain/lib/gcc/mips64-elf/13.1.0/../../../../mips64-elf/lib/libc.a(libc_a-signal.o)
                0x80007e38                _init_signal_r
                0x80007ea0                _signal_r
                0x80007f40                _raise_r
                0x80007ff8                __sigtramp_r
                0x800080e8                raise
                0x800081b0                signal
                0x80008250                _init_signal
                0x800082c0                __sigtramp
 .text          0x800083a8      0x338 /n64_toolchain/lib/gcc/mips64-elf/13.1.0/../../../../mips64-elf/lib/libc.a(libc_a-fflush.o)
                0x800083a8                __sflush_r
                0x80008600                _fflush_r
                0x80008660                fflush
 .text          0x800086e0       0x10 /n64_toolchain/lib/gcc/mips64-elf/13.1.0/../../../../mips64-elf/lib/libc.a(libc_a-mlock.o)
                0x800086e0                __malloc_lock
                0x800086e8                __malloc_unlock
 .text          0x800086f0     0x1390 /n64_toolchain/lib/gcc/mips64-elf/13.1.0/../../../../mips64-elf/lib/libc.a(libc_a-vfiprintf.o)
                0x80008828                __sprint_r
                0x80008848                _vfiprintf_r
                0x80009998                vfiprintf
 .text          0x80009a80       0x68 /n64_toolchain/lib/gcc/mips64-elf/13.1.0/../../../../mips64-elf/lib/libc.a(libc_a-fprintf.o)
                0x80009a80                _fprintf_r
                0x80009aa8                fprintf
 .text          0x80009ae8     0x1438 /n64_toolchain/lib/gcc/mips64-elf/13.1.0/../../../../mips64-elf/lib/libc.a(libc_a-mprec.o)
                0x80009ae8                _Balloc
                0x80009b98                _Bfree
                0x80009bc8                __multadd
                0x80009d28                __s2b
                0x80009ea8                __hi0bits
                0x80009f30                __lo0bits
                0x80009ff8                __i2b
                0x8000a0d0                __multiply
                0x8000a360                __pow5mult
                0x8000a4c8                __lshift
                0x8000a680                __mcmp
                0x8000a6e8                __mdiff
                0x8000a970                __ulp
                0x8000aa20                __b2d
                0x8000abb8                __d2b
                0x8000ad18                __ratio
                0x8000add8                _mprec_log10
                0x8000ae18                __copybits
                0x8000aea0                __any_on
 .text          0x8000af20       0x70 /n64_toolchain/lib/gcc/mips64-elf/13.1.0/../../../../mips64-elf/lib/libc.a(libc_a-strrchr.o)
                0x8000af20                strrchr
 .text          0x8000af90       0x98 /n64_toolchain/lib/gcc/mips64-elf/13.1.0/../../../../mips64-elf/lib/libc.a(libc_a-strcat.o)
                0x8000af90                strcat
 .text          0x8000b028       0xd0 /n64_toolchain/lib/gcc/mips64-elf/13.1.0/../../../../mips64-elf/lib/libc.a(libc_a-fputc.o)
                0x8000b028                _fputc_r
                0x8000b088                fputc
 .text          0x8000b0f8      0x570 /n64_toolchain/lib/gcc/mips64-elf/13.1.0/../../../../mips64-elf/lib/libc.a(libc_a-fvwrite.o)
                0x8000b0f8                __sfvwrite_r
 .text          0x8000b668       0xf0 /n64_toolchain/lib/gcc/mips64-elf/13.1.0/../../../../mips64-elf/lib/libc.a(libc_a-strncmp.o)
                0x8000b668                strncmp
 .text          0x8000b758       0xc0 /n64_toolchain/lib/gcc/mips64-elf/13.1.0/../../../../mips64-elf/lib/libc.a(libc_a-fwalk.o)
                0x8000b758                _fwalk_sglue
 .text          0x8000b818      0x1f8 /n64_toolchain/lib/gcc/mips64-elf/13.1.0/../../../../mips64-elf/lib/libc.a(libc_a-fwrite.o)
                0x8000b818                _fwrite_r
                0x8000b920                fwrite
 .text          0x8000ba10      0x3a8 /n64_toolchain/lib/gcc/mips64-elf/13.1.0/../../../../mips64-elf/lib/libc.a(libc_a-findfp.o)
                0x8000bc08                __sfp
                0x8000bd48                __sinit
                0x8000bd78                __sfp_lock_acquire
                0x8000bd80                __sfp_lock_release
                0x8000bd88                __fp_lock_all
                0x8000bda0                __fp_unlock_all
 .text          0x8000bdb8      0x5d0 /n64_toolchain/lib/gcc/mips64-elf/13.1.0/../../../../mips64-elf/lib/libc.a(libc_a-reallocr.o)
                0x8000bdb8                _realloc_r
 .text          0x8000c388      0x1b8 /n64_toolchain/lib/gcc/mips64-elf/13.1.0/../../../../mips64-elf/lib/libc.a(libc_a-fputwc.o)
                0x8000c388                __fputwc
                0x8000c4a0                _fputwc_r
                0x8000c4c8                fputwc
 .text          0x8000c540      0x120 /n64_toolchain/lib/gcc/mips64-elf/13.1.0/../../../../mips64-elf/lib/libc.a(libc_a-locale.o)
                0x8000c540                _setlocale_r
                0x8000c5c8                __locale_mb_cur_max
                0x8000c5d8                setlocale
 .text          0x8000c660      0xb50 /n64_toolchain/lib/gcc/mips64-elf/13.1.0/../../../../mips64-elf/lib/libc.a(libc_a-strstr.o)
                0x8000cec0                strstr
 .text          0x8000d1b0       0x28 /n64_toolchain/lib/gcc/mips64-elf/13.1.0/../../../../mips64-elf/lib/libc.a(libc_a-localeconv.o)
                0x8000d1b0                __localeconv_l
                0x8000d1b8                _localeconv_r
                0x8000d1c8                localeconv
 .text          0x8000d1d8       0x48 /n64_toolchain/lib/gcc/mips64-elf/13.1.0/../../../../mips64-elf/lib/libc.a(libc_a-wctomb_r.o)
                0x8000d1d8                _wctomb_r
                0x8000d1e8                __ascii_wctomb
 .text          0x8000d220       0x60 /n64_toolchain/lib/gcc/mips64-elf/13.1.0/../../../../mips64-elf/lib/libc.a(libc_a-signalr.o)
                0x8000d220                _kill_r
                0x8000d278                _getpid_r
 .text          0x8000d280       0x50 /n64_toolchain/lib/gcc/mips64-elf/13.1.0/../../../../mips64-elf/lib/libc.a(libc_a-sbrkr.o)
                0x8000d280                _sbrk_r
 .text          0x8000d2d0       0x18 /n64_toolchain/lib/gcc/mips64-elf/13.1.0/../../../../mips64-elf/lib/libc.a(libc_a-strlen.o)
                0x8000d2d0                strlen
 .text          0x8000d2e8      0x240 /n64_toolchain/lib/gcc/mips64-elf/13.1.0/../../../../mips64-elf/lib/libc.a(libc_a-strcmp.o)
                0x8000d2e8                strcmp
 .text          0x8000d528      0x258 /n64_toolchain/lib/gcc/mips64-elf/13.1.0/../../../../mips64-elf/lib/libc.a(libc_a-makebuf.o)
                0x8000d528                __smakebuf_r
                0x8000d6d0                __swhatbuf_r
 .text          0x8000d780      0x160 /n64_toolchain/lib/gcc/mips64-elf/13.1.0/../../../../mips64-elf/lib/libc.a(libc_a-putc.o)
                0x8000d780                _putc_r
                0x8000d828                putc
 .text          0x8000d8e0      0x118 /n64_toolchain/lib/gcc/mips64-elf/13.1.0/../../../../mips64-elf/lib/libc.a(libc_a-wcrtomb.o)
                0x8000d8e0                _wcrtomb_r
                0x8000d960                wcrtomb
 .text          0x8000d9f8      0x190 /n64_toolchain/lib/gcc/mips64-elf/13.1.0/../../../../mips64-elf/lib/libc.a(libc_a-stdio.o)
                0x8000d9f8                __sread
                0x8000da50                __seofread
                0x8000da58                __swrite
                0x8000db18                __sseek
                0x8000db80                __sclose
 .text          0x8000db88     0x1118 /n64_toolchain/lib/gcc/mips64-elf/13.1.0/../../../../mips64-elf/lib/libc.a(libc_a-svfiprintf.o)
                0x8000db88                __ssprint_r
                0x8000ddd0                _svfiprintf_r
 .text          0x8000eca0      0x120 /n64_toolchain/lib/gcc/mips64-elf/13.1.0/../../../../mips64-elf/lib/libc.a(libc_a-callocr.o)
                0x8000eca0                _calloc_r
 .text          0x8000edc0       0xf8 /n64_toolchain/lib/gcc/mips64-elf/13.1.0/../../../../mips64-elf/lib/libc.a(libc_a-memchr.o)
                0x8000edc0                memchr
 .text          0x8000eeb8      0x170 /n64_toolchain/lib/gcc/mips64-elf/13.1.0/../../../../mips64-elf/lib/libc.a(libc_a-wsetup.o)
                0x8000eeb8                __swsetup_r
 .text          0x8000f028      0x188 /n64_toolchain/lib/gcc/mips64-elf/13.1.0/../../../../mips64-elf/lib/libc.a(libc_a-strchr.o)
                0x8000f028                strchr
 .text          0x8000f1b0      0x1b8 /n64_toolchain/lib/gcc/mips64-elf/13.1.0/../../../../mips64-elf/lib/libc.a(libc_a-wbuf.o)
                0x8000f1b0                __swbuf_r
                0x8000f350                __swbuf
 .text          0x8000f368      0x140 /n64_toolchain/lib/gcc/mips64-elf/13.1.0/../../../../mips64-elf/lib/libc.a(libc_a-fclose.o)
                0x8000f368                _fclose_r
                0x8000f498                fclose
 .text          0x8000f4a8       0x48 /n64_toolchain/lib/gcc/mips64-elf/13.1.0/../../../../mips64-elf/lib/libc.a(libc_a-strnlen.o)
                0x8000f4a8                strnlen
 .text          0x8000f4f0       0x70 /n64_toolchain/lib/gcc/mips64-elf/13.1.0/../../../../mips64-elf/lib/libc.a(libc_a-mbtowc_r.o)
                0x8000f4f0                _mbtowc_r
                0x8000f500                __ascii_mbtowc
 .text          0x8000f560       0x58 /n64_toolchain/lib/gcc/mips64-elf/13.1.0/../../../../mips64-elf/lib/libc.a(libc_a-fstatr.o)
                0x8000f560                _fstat_r
 .text          0x8000f5b8       0x50 /n64_toolchain/lib/gcc/mips64-elf/13.1.0/../../../../mips64-elf/lib/libc.a(libc_a-isattyr.o)
                0x8000f5b8                _isatty_r
 .text          0x8000f608       0x50 /n64_toolchain/lib/gcc/mips64-elf/13.1.0/../../../../mips64-elf/lib/libc.a(libc_a-closer.o)
                0x8000f608                _close_r
 .text          0x8000f658       0x60 /n64_toolchain/lib/gcc/mips64-elf/13.1.0/../../../../mips64-elf/lib/libc.a(libc_a-lseekr.o)
                0x8000f658                _lseek_r
 .text          0x8000f6b8       0x60 /n64_toolchain/lib/gcc/mips64-elf/13.1.0/../../../../mips64-elf/lib/libc.a(libc_a-readr.o)
                0x8000f6b8                _read_r
 .text          0x8000f718       0x60 /n64_toolchain/lib/gcc/mips64-elf/13.1.0/../../../../mips64-elf/lib/libc.a(libc_a-writer.o)
                0x8000f718                _write_r
 .text          0x8000f778        0x8 /n64_toolchain/lib/gcc/mips64-elf/13.1.0/../../../../mips64-elf/lib/libc.a(libc_a-errno.o)
                0x8000f778                __errno
 *(.text.*)
 .text.cb.0     0x8000f780       0xa0 /n64_toolchain/mips64-elf/lib/libdragon.a(debug.o)
 .text.debug_assert_func_f
                0x8000f820       0xe0 /n64_toolchain/mips64-elf/lib/libdragon.a(debug.o)
                0x8000f820                debug_assert_func_f
 .text.debug_assert_func
                0x8000f900       0x20 /n64_toolchain/mips64-elf/lib/libdragon.a(debug.o)
                0x8000f900                debug_assert_func
 .text.debug_hexdump
                0x8000f920      0x280 /n64_toolchain/mips64-elf/lib/libdragon.a(debug.o)
                0x8000f920                debug_hexdump
 .text.__debug_backtrace
                0x8000fba0      0x100 /n64_toolchain/mips64-elf/lib/libdragon.a(debug.o)
                0x8000fba0                __debug_backtrace
 .text.debug_backtrace
                0x8000fca0       0x20 /n64_toolchain/mips64-elf/lib/libdragon.a(debug.o)
                0x8000fca0                debug_backtrace
 .text.cb.2     0x8000fcc0       0x60 /n64_toolchain/mips64-elf/lib/libdragon.a(inspector.o)
 .text.cb.1     0x8000fd20       0x60 /n64_toolchain/mips64-elf/lib/libdragon.a(inspector.o)
 .text.cb.0     0x8000fd80      0x120 /n64_toolchain/mips64-elf/lib/libdragon.a(inspector.o)
 .text.cb.3     0x8000fea0      0x120 /n64_toolchain/mips64-elf/lib/libdragon.a(inspector.o)
 .text.inspector_stdout
                0x8000ffc0      0x240 /n64_toolchain/mips64-elf/lib/libdragon.a(inspector.o)
 .text.title    0x80010200       0xa0 /n64_toolchain/mips64-elf/lib/libdragon.a(inspector.o)
 .text.mips_disasm
                0x800102a0      0x640 /n64_toolchain/mips64-elf/lib/libdragon.a(inspector.o)
 .text.inspector
                0x800108e0      0xb20 /n64_toolchain/mips64-elf/lib/libdragon.a(inspector.o)
 .text.handler.4
                0x80011400       0x40 /n64_toolchain/mips64-elf/lib/libdragon.a(inspector.o)
 .text.__inspector_exception
                0x80011440       0x20 /n64_toolchain/mips64-elf/lib/libdragon.a(inspector.o)
                0x80011440                __inspector_exception
 .text.__inspector_assertion
                0x80011460       0x20 /n64_toolchain/mips64-elf/lib/libdragon.a(inspector.o)
                0x80011460                __inspector_assertion
 .text.startup.__inspector_init
                0x80011480       0x20 /n64_toolchain/mips64-elf/lib/libdragon.a(inspector.o)
                0x80011480                __inspector_init
 .text.dma_read_raw_async
                0x800114a0       0xa0 /n64_toolchain/mips64-elf/lib/libdragon.a(dma.o)
                0x800114a0                dma_read_raw_async
 .text.dma_read_async
                0x80011540      0x3a0 /n64_toolchain/mips64-elf/lib/libdragon.a(dma.o)
                0x80011540                dma_read_async
 .text.dma_read
                0x800118e0       0x40 /n64_toolchain/mips64-elf/lib/libdragon.a(dma.o)
                0x800118e0                dma_read
 .text.io_read  0x80011920       0x60 /n64_toolchain/mips64-elf/lib/libdragon.a(dma.o)
                0x80011920                io_read
 .text.cb.0     0x80011980       0x40 /n64_toolchain/mips64-elf/lib/libdragon.a(exception.o)
 .text.cb.1     0x800119c0       0x80 /n64_toolchain/mips64-elf/lib/libdragon.a(exception.o)
 .text.__get_exception_name.isra.0
                0x80011a40      0x1a0 /n64_toolchain/mips64-elf/lib/libdragon.a(exception.o)
 .text.register_exception_handler
                0x80011be0       0x20 /n64_toolchain/mips64-elf/lib/libdragon.a(exception.o)
                0x80011be0                register_exception_handler
 .text.__exception_dump_header
                0x80011c00      0x260 /n64_toolchain/mips64-elf/lib/libdragon.a(exception.o)
                0x80011c00                __exception_dump_header
 .text.__exception_dump_gpr
                0x80011e60      0x160 /n64_toolchain/mips64-elf/lib/libdragon.a(exception.o)
                0x80011e60                __exception_dump_gpr
 .text.__exception_dump_fpr
                0x80011fc0      0x280 /n64_toolchain/mips64-elf/lib/libdragon.a(exception.o)
                0x80011fc0                __exception_dump_fpr
 .text.exception_default_handler
                0x80012240      0x1a0 /n64_toolchain/mips64-elf/lib/libdragon.a(exception.o)
                0x80012240                exception_default_handler
 .text.__onCriticalException
                0x800123e0       0x60 /n64_toolchain/mips64-elf/lib/libdragon.a(exception.o)
                0x800123e0                __onCriticalException
 .text.register_syscall_handler
                0x80012440      0x1a0 /n64_toolchain/mips64-elf/lib/libdragon.a(exception.o)
                0x80012440                register_syscall_handler
 .text.__onSyscallException
                0x800125e0      0x140 /n64_toolchain/mips64-elf/lib/libdragon.a(exception.o)
                0x800125e0                __onSyscallException
 .text.__register_frame_info
                0x80012720       0x20 /n64_toolchain/mips64-elf/lib/libdragon.a(do_ctors.o)
                0x80012720                __register_frame_info
 .text.__wrap___do_global_ctors
                0x80012740       0xe0 /n64_toolchain/mips64-elf/lib/libdragon.a(do_ctors.o)
                0x80012740                __wrap___do_global_ctors
 .text.sys_bbplayer
                0x80012820       0x20 /n64_toolchain/mips64-elf/lib/libdragon.a(n64sys.o)
                0x80012820                sys_bbplayer
 .text.data_cache_hit_writeback
                0x80012840       0x60 /n64_toolchain/mips64-elf/lib/libdragon.a(n64sys.o)
                0x80012840                data_cache_hit_writeback
 .text.__data_cache_hit_invalidate
                0x800128a0       0x60 /n64_toolchain/mips64-elf/lib/libdragon.a(n64sys.o)
                0x800128a0                __data_cache_hit_invalidate
 .text.data_cache_hit_writeback_invalidate
                0x80012900       0x60 /n64_toolchain/mips64-elf/lib/libdragon.a(n64sys.o)
                0x80012900                data_cache_hit_writeback_invalidate
 .text.inst_cache_hit_invalidate
                0x80012960       0x60 /n64_toolchain/mips64-elf/lib/libdragon.a(n64sys.o)
                0x80012960                inst_cache_hit_invalidate
 .text.malloc_uncached_aligned
                0x800129c0       0xc0 /n64_toolchain/mips64-elf/lib/libdragon.a(n64sys.o)
                0x800129c0                malloc_uncached_aligned
 .text.malloc_uncached
                0x80012a80       0x20 /n64_toolchain/mips64-elf/lib/libdragon.a(n64sys.o)
                0x80012a80                malloc_uncached
 .text.free_uncached
                0x80012aa0       0x20 /n64_toolchain/mips64-elf/lib/libdragon.a(n64sys.o)
                0x80012aa0                free_uncached
 .text.get_memory_size
                0x80012ac0       0x60 /n64_toolchain/mips64-elf/lib/libdragon.a(n64sys.o)
                0x80012ac0                get_memory_size
 .text.get_tv_type
                0x80012b20       0x20 /n64_toolchain/mips64-elf/lib/libdragon.a(n64sys.o)
                0x80012b20                get_tv_type
 .text.startup.__init_cop1
                0x80012b40       0x40 /n64_toolchain/mips64-elf/lib/libdragon.a(n64sys.o)
                0x80012b40                __init_cop1
 .text.__MI_handler
                0x80012b80      0x220 /n64_toolchain/mips64-elf/lib/libdragon.a(interrupt.o)
                0x80012b80                __MI_handler
 .text.__TI_handler
                0x80012da0       0x60 /n64_toolchain/mips64-elf/lib/libdragon.a(interrupt.o)
                0x80012da0                __TI_handler
 .text.__CART_handler
                0x80012e00       0xa0 /n64_toolchain/mips64-elf/lib/libdragon.a(interrupt.o)
                0x80012e00                __CART_handler
 .text.__RESET_handler
                0x80012ea0       0x60 /n64_toolchain/mips64-elf/lib/libdragon.a(interrupt.o)
                0x80012ea0                __RESET_handler
 .text.register_AI_handler
                0x80012f00       0x60 /n64_toolchain/mips64-elf/lib/libdragon.a(interrupt.o)
                0x80012f00                register_AI_handler
 .text.register_VI_handler
                0x80012f60       0x60 /n64_toolchain/mips64-elf/lib/libdragon.a(interrupt.o)
                0x80012f60                register_VI_handler
 .text.unregister_VI_handler
                0x80012fc0       0x60 /n64_toolchain/mips64-elf/lib/libdragon.a(interrupt.o)
                0x80012fc0                unregister_VI_handler
 .text.register_SI_handler
                0x80013020       0x60 /n64_toolchain/mips64-elf/lib/libdragon.a(interrupt.o)
                0x80013020                register_SI_handler
 .text.register_SP_handler
                0x80013080       0x60 /n64_toolchain/mips64-elf/lib/libdragon.a(interrupt.o)
                0x80013080                register_SP_handler
 .text.register_TI_handler
                0x800130e0       0x60 /n64_toolchain/mips64-elf/lib/libdragon.a(interrupt.o)
                0x800130e0                register_TI_handler
 .text.set_AI_interrupt
                0x80013140       0x40 /n64_toolchain/mips64-elf/lib/libdragon.a(interrupt.o)
                0x80013140                set_AI_interrupt
 .text.set_VI_interrupt
                0x80013180       0x40 /n64_toolchain/mips64-elf/lib/libdragon.a(interrupt.o)
                0x80013180                set_VI_interrupt
 .text.set_SI_interrupt
                0x800131c0       0x40 /n64_toolchain/mips64-elf/lib/libdragon.a(interrupt.o)
                0x800131c0                set_SI_interrupt
 .text.set_SP_interrupt
                0x80013200       0x40 /n64_toolchain/mips64-elf/lib/libdragon.a(interrupt.o)
                0x80013200                set_SP_interrupt
 .text.set_TI_interrupt
                0x80013240       0x40 /n64_toolchain/mips64-elf/lib/libdragon.a(interrupt.o)
                0x80013240                set_TI_interrupt
 .text.startup.__init_interrupts
                0x80013280       0x40 /n64_toolchain/mips64-elf/lib/libdragon.a(interrupt.o)
                0x80013280                __init_interrupts
 .text.disable_interrupts
                0x800132c0       0x60 /n64_toolchain/mips64-elf/lib/libdragon.a(interrupt.o)
                0x800132c0                disable_interrupts
 .text.enable_interrupts
                0x80013320       0x80 /n64_toolchain/mips64-elf/lib/libdragon.a(interrupt.o)
                0x80013320                enable_interrupts
 .text.exception_reset_time
                0x800133a0       0x20 /n64_toolchain/mips64-elf/lib/libdragon.a(interrupt.o)
                0x800133a0                exception_reset_time
 .text.cb.0     0x800133c0       0x40 /n64_toolchain/mips64-elf/lib/libdragon.a(backtrace.o)
 .text.symt_open
                0x80013400      0x160 /n64_toolchain/mips64-elf/lib/libdragon.a(backtrace.o)
 .text.format_entry
                0x80013560      0x240 /n64_toolchain/mips64-elf/lib/libdragon.a(backtrace.o)
 .text.symt_addrtab_search
                0x800137a0      0x200 /n64_toolchain/mips64-elf/lib/libdragon.a(backtrace.o)
 .text.__symbolize
                0x800139a0      0x240 /n64_toolchain/mips64-elf/lib/libdragon.a(backtrace.o)
                0x800139a0                __symbolize
 .text.__bt_analyze_func
                0x80013be0      0x1a0 /n64_toolchain/mips64-elf/lib/libdragon.a(backtrace.o)
                0x80013be0                __bt_analyze_func
 .text.backtrace_foreach
                0x80013d80      0x300 /n64_toolchain/mips64-elf/lib/libdragon.a(backtrace.o)
 .text.backtrace
                0x80014080       0xc0 /n64_toolchain/mips64-elf/lib/libdragon.a(backtrace.o)
                0x80014080                backtrace
 .text.backtrace_symbols_cb
                0x80014140      0x300 /n64_toolchain/mips64-elf/lib/libdragon.a(backtrace.o)
                0x80014140                backtrace_symbols_cb
 .text.backtrace_frame_print
                0x80014440       0xa0 /n64_toolchain/mips64-elf/lib/libdragon.a(backtrace.o)
                0x80014440                backtrace_frame_print
 .text.backtrace_frame_print_compact
                0x800144e0      0x140 /n64_toolchain/mips64-elf/lib/libdragon.a(backtrace.o)
                0x800144e0                backtrace_frame_print_compact
 .text.rompak_search_ext
                0x80014620      0x1e0 /n64_toolchain/mips64-elf/lib/libdragon.a(rompak.o)
                0x80014620                rompak_search_ext
 .text.__display_callback
                0x80014800       0xc0 /n64_toolchain/mips64-elf/lib/libdragon.a(display.o)
 .text.display_show.part.0
                0x800148c0      0x140 /n64_toolchain/mips64-elf/lib/libdragon.a(display.o)
 .text.display_init
                0x80014a00      0x600 /n64_toolchain/mips64-elf/lib/libdragon.a(display.o)
                0x80014a00                display_init
 .text.display_close
                0x80015000      0x100 /n64_toolchain/mips64-elf/lib/libdragon.a(display.o)
                0x80015000                display_close
 .text.display_lock
                0x80015100       0xe0 /n64_toolchain/mips64-elf/lib/libdragon.a(display.o)
                0x80015100                display_lock
 .text.display_show
                0x800151e0       0x20 /n64_toolchain/mips64-elf/lib/libdragon.a(display.o)
                0x800151e0                display_show
 .text.display_show_force
                0x80015200       0x40 /n64_toolchain/mips64-elf/lib/libdragon.a(display.o)
                0x80015200                display_show_force
 .text.display_get_bitdepth
                0x80015240       0x20 /n64_toolchain/mips64-elf/lib/libdragon.a(display.o)
                0x80015240                display_get_bitdepth
 .text.surface_alloc
                0x80015260       0xe0 /n64_toolchain/mips64-elf/lib/libdragon.a(surface.o)
                0x80015260                surface_alloc
 .text.surface_free
                0x80015340       0x80 /n64_toolchain/mips64-elf/lib/libdragon.a(surface.o)
                0x80015340                surface_free
 .text.controller_interrupt_update
                0x800153c0       0x80 /n64_toolchain/mips64-elf/lib/libdragon.a(controller.o)
 .text.controller_interrupt
                0x80015440       0x40 /n64_toolchain/mips64-elf/lib/libdragon.a(controller.o)
 .text.controller_init
                0x80015480       0xa0 /n64_toolchain/mips64-elf/lib/libdragon.a(controller.o)
                0x80015480                controller_init
 .text.controller_read
                0x80015520       0x20 /n64_toolchain/mips64-elf/lib/libdragon.a(controller.o)
                0x80015520                controller_read
 .text.controller_scan
                0x80015540      0x100 /n64_toolchain/mips64-elf/lib/libdragon.a(controller.o)
                0x80015540                controller_scan
 .text.get_keys_down
                0x80015640       0xa0 /n64_toolchain/mips64-elf/lib/libdragon.a(controller.o)
                0x80015640                get_keys_down
 .text.get_keys_held
                0x800156e0       0xa0 /n64_toolchain/mips64-elf/lib/libdragon.a(controller.o)
                0x800156e0                get_keys_held
 .text.graphics_draw_character.part.0
                0x80015780      0x2c0 /n64_toolchain/mips64-elf/lib/libdragon.a(graphics.o)
 .text.graphics_convert_color
                0x80015a40       0x80 /n64_toolchain/mips64-elf/lib/libdragon.a(graphics.o)
                0x80015a40                graphics_convert_color
 .text.graphics_set_color
                0x80015ac0       0x20 /n64_toolchain/mips64-elf/lib/libdragon.a(graphics.o)
                0x80015ac0                graphics_set_color
 .text.graphics_draw_box
                0x80015ae0      0x120 /n64_toolchain/mips64-elf/lib/libdragon.a(graphics.o)
                0x80015ae0                graphics_draw_box
 .text.graphics_fill_screen
                0x80015c00       0x80 /n64_toolchain/mips64-elf/lib/libdragon.a(graphics.o)
                0x80015c00                graphics_fill_screen
 .text.graphics_set_default_font
                0x80015c80       0x80 /n64_toolchain/mips64-elf/lib/libdragon.a(graphics.o)
                0x80015c80                graphics_set_default_font
 .text.graphics_set_font_sprite
                0x80015d00       0x60 /n64_toolchain/mips64-elf/lib/libdragon.a(graphics.o)
                0x80015d00                graphics_set_font_sprite
 .text.graphics_draw_character
                0x80015d60       0x20 /n64_toolchain/mips64-elf/lib/libdragon.a(graphics.o)
                0x80015d60                graphics_draw_character
 .text.graphics_draw_text
                0x80015d80      0x120 /n64_toolchain/mips64-elf/lib/libdragon.a(graphics.o)
                0x80015d80                graphics_draw_text
 .text.joybus_msg_send
                0x80015ea0       0x80 /n64_toolchain/mips64-elf/lib/libdragon.a(joybus.o)
 .text.callback.0
                0x80015f20       0xa0 /n64_toolchain/mips64-elf/lib/libdragon.a(joybus.o)
 .text.si_interrupt
                0x80015fc0      0x1a0 /n64_toolchain/mips64-elf/lib/libdragon.a(joybus.o)
 .text.startup.__joybus_init
                0x80016160       0x60 /n64_toolchain/mips64-elf/lib/libdragon.a(joybus.o)
                0x80016160                __joybus_init
 .text.joybus_exec_async
                0x800161c0      0x1a0 /n64_toolchain/mips64-elf/lib/libdragon.a(joybus.o)
                0x800161c0                joybus_exec_async
 .text.joybus_exec
                0x80016360      0x140 /n64_toolchain/mips64-elf/lib/libdragon.a(joybus.o)
                0x80016360                joybus_exec
 .text.attach_filesystem
                0x800164a0      0x200 /n64_toolchain/mips64-elf/lib/libdragonsys.a(system.o)
                0x800164a0                attach_filesystem
 .text.close    0x800166a0      0x120 /n64_toolchain/mips64-elf/lib/libdragonsys.a(system.o)
                0x800166a0                close
 .text._exit    0x800167c0       0x20 /n64_toolchain/mips64-elf/lib/libdragonsys.a(system.o)
                0x800167c0                _exit
 .text.fstat    0x800167e0      0x100 /n64_toolchain/mips64-elf/lib/libdragonsys.a(system.o)
                0x800167e0                fstat
 .text.getpid   0x800168e0       0x20 /n64_toolchain/mips64-elf/lib/libdragonsys.a(system.o)
                0x800168e0                getpid
 .text.isatty   0x80016900       0x40 /n64_toolchain/mips64-elf/lib/libdragonsys.a(system.o)
                0x80016900                isatty
 .text.kill     0x80016940       0x20 /n64_toolchain/mips64-elf/lib/libdragonsys.a(system.o)
                0x80016940                kill
 .text.lseek    0x80016960      0x100 /n64_toolchain/mips64-elf/lib/libdragonsys.a(system.o)
                0x80016960                lseek
 .text.read     0x80016a60      0x140 /n64_toolchain/mips64-elf/lib/libdragonsys.a(system.o)
                0x80016a60                read
 .text.sbrk     0x80016ba0       0xc0 /n64_toolchain/mips64-elf/lib/libdragonsys.a(system.o)
                0x80016ba0                sbrk
 .text.write    0x80016c60      0x140 /n64_toolchain/mips64-elf/lib/libdragonsys.a(system.o)
                0x80016c60                write
 .text.hook_stdio_calls
                0x80016da0       0x60 /n64_toolchain/mips64-elf/lib/libdragonsys.a(system.o)
                0x80016da0                hook_stdio_calls
 .text._flush_cache
                0x80016e00       0x40 /n64_toolchain/mips64-elf/lib/libdragonsys.a(system.o)
                0x80016e00                _flush_cache
 .text.__assert_func
                0x80016e40       0x20 /n64_toolchain/mips64-elf/lib/libdragonsys.a(system.o)
                0x80016e40                __assert_func
 .text.text_init
                0x80016e60       0xc0 build/text.o
                0x80016e60                text_init
 .text.text_set_font
                0x80016f20       0x40 build/text.o
                0x80016f20                text_set_font
 .text.text_get_line_width
                0x80016f60       0x60 build/text.o
                0x80016f60                text_get_line_width
 .text.text_draw_partial
                0x80016fc0      0x280 build/text.o
                0x80016fc0                text_draw_partial
 .text.text_draw
                0x80017240       0x40 build/text.o
                0x80017240                text_draw
 .text.text_draw_wordwrap
                0x80017280      0x260 build/text.o
                0x80017280                text_draw_wordwrap
 .text.fps_tick
                0x800174e0       0xa0 build/fps.o
                0x800174e0                fps_tick
 .text.reset_handler
                0x80017580       0x40 build/main.o
                0x80017580                reset_handler
 .text.practice_tool_tick.part.0
                0x800175c0      0x160 build/main.o
 .text.main_menu_tick
                0x80017720      0x160 build/main.o
                0x80017720                main_menu_tick
 .text.main_menu_draw
                0x80017880       0xc0 build/main.o
                0x80017880                main_menu_draw
 .text.get_first_bad_input_frame
                0x80017940       0x80 build/main.o
                0x80017940                get_first_bad_input_frame
 .text.practice_tool_draw
                0x800179c0      0x400 build/main.o
                0x800179c0                practice_tool_draw
 .text.startup.main
                0x80017dc0      0x2e0 build/main.o
                0x80017dc0                main
 .text.gfx_init
                0x800180a0       0xa0 build/gfx.o
                0x800180a0                gfx_init
 .text.gfx_set_color
                0x80018140       0x40 build/gfx.o
                0x80018140                gfx_set_color
 .text.gfx_get_color
                0x80018180       0x40 build/gfx.o
                0x80018180                gfx_get_color
 .text.gfx_make_color
                0x800181c0       0x20 build/gfx.o
                0x800181c0                gfx_make_color
 .text.gfx_blend_colors
                0x800181e0      0x120 build/gfx.o
                0x800181e0                gfx_blend_colors
 .text.gfx_display_lock
                0x80018300       0x40 build/gfx.o
                0x80018300                gfx_display_lock
 .text.gfx_display_flip
                0x80018340       0x40 build/gfx.o
                0x80018340                gfx_display_flip
 .text.read_dfs_sprite
                0x80018380       0x80 build/gfx.o
                0x80018380                read_dfs_sprite
 .text.input_tick
                0x80018400      0x160 build/input.o
                0x80018400                input_tick
 .text.a_press  0x80018560       0x40 build/input.o
                0x80018560                a_press
 .text.b_press  0x800185a0       0x40 build/input.o
                0x800185a0                b_press
 .text.l_press  0x800185e0       0x40 build/input.o
                0x800185e0                l_press
 .text.r_press  0x80018620       0x40 build/input.o
                0x80018620                r_press
 .text.start_press
                0x80018660       0x40 build/input.o
                0x80018660                start_press
 .text.dpad_up  0x800186a0       0x40 build/input.o
                0x800186a0                dpad_up
 .text.dpad_down
                0x800186e0       0x40 build/input.o
                0x800186e0                dpad_down
 .text.stick_up
                0x80018720       0x60 build/input.o
                0x80018720                stick_up
 .text.stick_down
                0x80018780       0x60 build/input.o
                0x80018780                stick_down
 .text.sfx_init
                0x800187e0      0x140 build/sfx.o
                0x800187e0                sfx_init
 .text.sfx_play
                0x80018920       0x60 build/sfx.o
                0x80018920                sfx_play
 .text.sfx_buffer_sound_effects
                0x80018980       0xa0 build/sfx.o
                0x80018980                sfx_buffer_sound_effects
 .text.sfx_toggle_audio
                0x80018a20       0x20 build/sfx.o
                0x80018a20                sfx_toggle_audio
 .text.get_next_token
                0x80018a40       0xc0 /n64_toolchain/lib/gcc/mips64-elf/13.1.0/../../../../mips64-elf/lib/libdragon.a(dragonfs.o)
 .text.recurse_path
                0x80018b00      0x3c0 /n64_toolchain/lib/gcc/mips64-elf/13.1.0/../../../../mips64-elf/lib/libdragon.a(dragonfs.o)
 .text.__close  0x80018ec0       0x80 /n64_toolchain/lib/gcc/mips64-elf/13.1.0/../../../../mips64-elf/lib/libdragon.a(dragonfs.o)
 .text.__fstat  0x80018f40       0xa0 /n64_toolchain/lib/gcc/mips64-elf/13.1.0/../../../../mips64-elf/lib/libdragon.a(dragonfs.o)
 .text.dfs_dir_findfirst
                0x80018fe0       0xc0 /n64_toolchain/lib/gcc/mips64-elf/13.1.0/../../../../mips64-elf/lib/libdragon.a(dragonfs.o)
                0x80018fe0                dfs_dir_findfirst
 .text.__findfirst
                0x800190a0       0x80 /n64_toolchain/lib/gcc/mips64-elf/13.1.0/../../../../mips64-elf/lib/libdragon.a(dragonfs.o)
 .text.dfs_dir_findnext
                0x80019120       0xc0 /n64_toolchain/lib/gcc/mips64-elf/13.1.0/../../../../mips64-elf/lib/libdragon.a(dragonfs.o)
                0x80019120                dfs_dir_findnext
 .text.__findnext
                0x800191e0       0x80 /n64_toolchain/lib/gcc/mips64-elf/13.1.0/../../../../mips64-elf/lib/libdragon.a(dragonfs.o)
 .text.dfs_open
                0x80019260      0x120 /n64_toolchain/lib/gcc/mips64-elf/13.1.0/../../../../mips64-elf/lib/libdragon.a(dragonfs.o)
                0x80019260                dfs_open
 .text.__open   0x80019380       0x60 /n64_toolchain/lib/gcc/mips64-elf/13.1.0/../../../../mips64-elf/lib/libdragon.a(dragonfs.o)
 .text.dfs_close
                0x800193e0       0x80 /n64_toolchain/lib/gcc/mips64-elf/13.1.0/../../../../mips64-elf/lib/libdragon.a(dragonfs.o)
                0x800193e0                dfs_close
 .text.dfs_seek
                0x80019460      0x100 /n64_toolchain/lib/gcc/mips64-elf/13.1.0/../../../../mips64-elf/lib/libdragon.a(dragonfs.o)
                0x80019460                dfs_seek
 .text.__lseek  0x80019560       0x80 /n64_toolchain/lib/gcc/mips64-elf/13.1.0/../../../../mips64-elf/lib/libdragon.a(dragonfs.o)
 .text.dfs_read
                0x800195e0      0x280 /n64_toolchain/lib/gcc/mips64-elf/13.1.0/../../../../mips64-elf/lib/libdragon.a(dragonfs.o)
                0x800195e0                dfs_read
 .text.__read   0x80019860       0x20 /n64_toolchain/lib/gcc/mips64-elf/13.1.0/../../../../mips64-elf/lib/libdragon.a(dragonfs.o)
 .text.dfs_size
                0x80019880       0x60 /n64_toolchain/lib/gcc/mips64-elf/13.1.0/../../../../mips64-elf/lib/libdragon.a(dragonfs.o)
                0x80019880                dfs_size
 .text.dfs_rom_addr
                0x800198e0       0xa0 /n64_toolchain/lib/gcc/mips64-elf/13.1.0/../../../../mips64-elf/lib/libdragon.a(dragonfs.o)
                0x800198e0                dfs_rom_addr
 .text.dfs_init
                0x80019980      0x1e0 /n64_toolchain/lib/gcc/mips64-elf/13.1.0/../../../../mips64-elf/lib/libdragon.a(dragonfs.o)
                0x80019980                dfs_init
 .text.audio_callback.part.0
                0x80019b60      0x1e0 /n64_toolchain/lib/gcc/mips64-elf/13.1.0/../../../../mips64-elf/lib/libdragon.a(audio.o)
 .text.audio_callback
                0x80019d40       0x60 /n64_toolchain/lib/gcc/mips64-elf/13.1.0/../../../../mips64-elf/lib/libdragon.a(audio.o)
 .text.audio_init
                0x80019da0      0x240 /n64_toolchain/lib/gcc/mips64-elf/13.1.0/../../../../mips64-elf/lib/libdragon.a(audio.o)
                0x80019da0                audio_init
 .text.audio_write_begin
                0x80019fe0      0x100 /n64_toolchain/lib/gcc/mips64-elf/13.1.0/../../../../mips64-elf/lib/libdragon.a(audio.o)
                0x80019fe0                audio_write_begin
 .text.audio_write_end
                0x8001a0e0       0x80 /n64_toolchain/lib/gcc/mips64-elf/13.1.0/../../../../mips64-elf/lib/libdragon.a(audio.o)
                0x8001a0e0                audio_write_end
 .text.audio_write_silence
                0x8001a160      0x180 /n64_toolchain/lib/gcc/mips64-elf/13.1.0/../../../../mips64-elf/lib/libdragon.a(audio.o)
                0x8001a160                audio_write_silence
 .text.audio_can_write
                0x8001a2e0       0x40 /n64_toolchain/lib/gcc/mips64-elf/13.1.0/../../../../mips64-elf/lib/libdragon.a(audio.o)
                0x8001a2e0                audio_can_write
 .text.audio_get_frequency
                0x8001a320       0x20 /n64_toolchain/lib/gcc/mips64-elf/13.1.0/../../../../mips64-elf/lib/libdragon.a(audio.o)
                0x8001a320                audio_get_frequency
 .text.audio_get_buffer_length
                0x8001a340       0x20 /n64_toolchain/lib/gcc/mips64-elf/13.1.0/../../../../mips64-elf/lib/libdragon.a(audio.o)
                0x8001a340                audio_get_buffer_length
 .text.__console_render.part.0
                0x8001a360      0x100 /n64_toolchain/lib/gcc/mips64-elf/13.1.0/../../../../mips64-elf/lib/libdragon.a(console.o)
 .text.__console_write
                0x8001a460      0x2c0 /n64_toolchain/lib/gcc/mips64-elf/13.1.0/../../../../mips64-elf/lib/libdragon.a(console.o)
 .text.console_set_render_mode
                0x8001a720       0x20 /n64_toolchain/lib/gcc/mips64-elf/13.1.0/../../../../mips64-elf/lib/libdragon.a(console.o)
                0x8001a720                console_set_render_mode
 .text.console_init
                0x8001a740       0xe0 /n64_toolchain/lib/gcc/mips64-elf/13.1.0/../../../../mips64-elf/lib/libdragon.a(console.o)
                0x8001a740                console_init
 .text.console_render
                0x8001a820       0x40 /n64_toolchain/lib/gcc/mips64-elf/13.1.0/../../../../mips64-elf/lib/libdragon.a(console.o)
                0x8001a820                console_render
 .text.console_set_debug
                0x8001a860       0x20 /n64_toolchain/lib/gcc/mips64-elf/13.1.0/../../../../mips64-elf/lib/libdragon.a(console.o)
                0x8001a860                console_set_debug
 .text.timer_update_compare
                0x8001a880       0x40 /n64_toolchain/lib/gcc/mips64-elf/13.1.0/../../../../mips64-elf/lib/libdragon.a(timer.o)
 .text.timer_overflow_callback
                0x8001a8c0       0x20 /n64_toolchain/lib/gcc/mips64-elf/13.1.0/../../../../mips64-elf/lib/libdragon.a(timer.o)
 .text.timer_poll
                0x8001a8e0      0x1c0 /n64_toolchain/lib/gcc/mips64-elf/13.1.0/../../../../mips64-elf/lib/libdragon.a(timer.o)
 .text.timer_init
                0x8001aaa0       0xc0 /n64_toolchain/lib/gcc/mips64-elf/13.1.0/../../../../mips64-elf/lib/libdragon.a(timer.o)
                0x8001aaa0                timer_init
 .text.timer_ticks
                0x8001ab60       0xc0 /n64_toolchain/lib/gcc/mips64-elf/13.1.0/../../../../mips64-elf/lib/libdragon.a(timer.o)
                0x8001ab60                timer_ticks
 .text.mixer_init_samplebuffers
                0x8001ac20      0x220 /n64_toolchain/lib/gcc/mips64-elf/13.1.0/../../../../mips64-elf/lib/libdragon.a(mixer.o)
 .text.waveform_read
                0x8001ae40      0x1c0 /n64_toolchain/lib/gcc/mips64-elf/13.1.0/../../../../mips64-elf/lib/libdragon.a(mixer.o)
 .text.mixer_ch_set_freq
                0x8001b000      0x100 /n64_toolchain/lib/gcc/mips64-elf/13.1.0/../../../../mips64-elf/lib/libdragon.a(mixer.o)
                0x8001b000                mixer_ch_set_freq
 .text.mixer_ch_play
                0x8001b100      0x300 /n64_toolchain/lib/gcc/mips64-elf/13.1.0/../../../../mips64-elf/lib/libdragon.a(mixer.o)
                0x8001b100                mixer_ch_play
 .text.mixer_ch_set_limits
                0x8001b400      0x1a0 /n64_toolchain/lib/gcc/mips64-elf/13.1.0/../../../../mips64-elf/lib/libdragon.a(mixer.o)
                0x8001b400                mixer_ch_set_limits
 .text.mixer_init
                0x8001b5a0      0x180 /n64_toolchain/lib/gcc/mips64-elf/13.1.0/../../../../mips64-elf/lib/libdragon.a(mixer.o)
                0x8001b5a0                mixer_init
 .text.mixer_remove_event
                0x8001b720       0xa0 /n64_toolchain/lib/gcc/mips64-elf/13.1.0/../../../../mips64-elf/lib/libdragon.a(mixer.o)
                0x8001b720                mixer_remove_event
 .text.mixer_poll
                0x8001b7c0      0x920 /n64_toolchain/lib/gcc/mips64-elf/13.1.0/../../../../mips64-elf/lib/libdragon.a(mixer.o)
                0x8001b7c0                mixer_poll
 .text.samplebuffer_init
                0x8001c0e0       0xc0 /n64_toolchain/lib/gcc/mips64-elf/13.1.0/../../../../mips64-elf/lib/libdragon.a(samplebuffer.o)
                0x8001c0e0                samplebuffer_init
 .text.samplebuffer_set_bps
                0x8001c1a0      0x140 /n64_toolchain/lib/gcc/mips64-elf/13.1.0/../../../../mips64-elf/lib/libdragon.a(samplebuffer.o)
                0x8001c1a0                samplebuffer_set_bps
 .text.samplebuffer_set_waveform
                0x8001c2e0       0x20 /n64_toolchain/lib/gcc/mips64-elf/13.1.0/../../../../mips64-elf/lib/libdragon.a(samplebuffer.o)
                0x8001c2e0                samplebuffer_set_waveform
 .text.samplebuffer_close
                0x8001c300       0x20 /n64_toolchain/lib/gcc/mips64-elf/13.1.0/../../../../mips64-elf/lib/libdragon.a(samplebuffer.o)
                0x8001c300                samplebuffer_close
 .text.samplebuffer_get
                0x8001c320      0x1c0 /n64_toolchain/lib/gcc/mips64-elf/13.1.0/../../../../mips64-elf/lib/libdragon.a(samplebuffer.o)
                0x8001c320                samplebuffer_get
 .text.samplebuffer_discard
                0x8001c4e0      0x120 /n64_toolchain/lib/gcc/mips64-elf/13.1.0/../../../../mips64-elf/lib/libdragon.a(samplebuffer.o)
                0x8001c4e0                samplebuffer_discard
 .text.samplebuffer_append
                0x8001c600      0x1a0 /n64_toolchain/lib/gcc/mips64-elf/13.1.0/../../../../mips64-elf/lib/libdragon.a(samplebuffer.o)
                0x8001c600                samplebuffer_append
 .text.samplebuffer_flush
                0x8001c7a0       0x20 /n64_toolchain/lib/gcc/mips64-elf/13.1.0/../../../../mips64-elf/lib/libdragon.a(samplebuffer.o)
                0x8001c7a0                samplebuffer_flush
 .text.waveform_read
                0x8001c7c0       0xa0 /n64_toolchain/lib/gcc/mips64-elf/13.1.0/../../../../mips64-elf/lib/libdragon.a(wav64.o)
 .text.wav64_open
                0x8001c860      0x280 /n64_toolchain/lib/gcc/mips64-elf/13.1.0/../../../../mips64-elf/lib/libdragon.a(wav64.o)
                0x8001c860                wav64_open
 .text.rspq_switch_context
                0x8001cae0       0x60 /n64_toolchain/lib/gcc/mips64-elf/13.1.0/../../../../mips64-elf/lib/libdragon.a(rspq.o)
 .text.rspq_flush_internal
                0x8001cb40       0x40 /n64_toolchain/lib/gcc/mips64-elf/13.1.0/../../../../mips64-elf/lib/libdragon.a(rspq.o)
 .text.rspq_init_context
                0x8001cb80       0xa0 /n64_toolchain/lib/gcc/mips64-elf/13.1.0/../../../../mips64-elf/lib/libdragon.a(rspq.o)
 .text.rspq_sp_interrupt
                0x8001cc20       0x40 /n64_toolchain/lib/gcc/mips64-elf/13.1.0/../../../../mips64-elf/lib/libdragon.a(rspq.o)
 .text.rspq_switch_buffer.part.0
                0x8001cc60       0x40 /n64_toolchain/lib/gcc/mips64-elf/13.1.0/../../../../mips64-elf/lib/libdragon.a(rspq.o)
 .text.rspq_crash_handler
                0x8001cca0      0x280 /n64_toolchain/lib/gcc/mips64-elf/13.1.0/../../../../mips64-elf/lib/libdragon.a(rspq.o)
 .text.rspq_assert_handler
                0x8001cf20      0x100 /n64_toolchain/lib/gcc/mips64-elf/13.1.0/../../../../mips64-elf/lib/libdragon.a(rspq.o)
 .text.rspq_init
                0x8001d020      0x200 /n64_toolchain/lib/gcc/mips64-elf/13.1.0/../../../../mips64-elf/lib/libdragon.a(rspq.o)
                0x8001d020                rspq_init
 .text.rspq_overlay_get_state
                0x8001d220       0xc0 /n64_toolchain/lib/gcc/mips64-elf/13.1.0/../../../../mips64-elf/lib/libdragon.a(rspq.o)
                0x8001d220                rspq_overlay_get_state
 .text.rspq_next_buffer
                0x8001d2e0      0x2c0 /n64_toolchain/lib/gcc/mips64-elf/13.1.0/../../../../mips64-elf/lib/libdragon.a(rspq.o)
                0x8001d2e0                rspq_next_buffer
 .text.rspq_highpri_begin
                0x8001d5a0       0xe0 /n64_toolchain/lib/gcc/mips64-elf/13.1.0/../../../../mips64-elf/lib/libdragon.a(rspq.o)
                0x8001d5a0                rspq_highpri_begin
 .text.rspq_highpri_end
                0x8001d680       0xa0 /n64_toolchain/lib/gcc/mips64-elf/13.1.0/../../../../mips64-elf/lib/libdragon.a(rspq.o)
                0x8001d680                rspq_highpri_end
 .text.rspq_overlay_register_internal
                0x8001d720      0x600 /n64_toolchain/lib/gcc/mips64-elf/13.1.0/../../../../mips64-elf/lib/libdragon.a(rspq.o)
 .text.rspq_overlay_register
                0x8001dd20       0x20 /n64_toolchain/lib/gcc/mips64-elf/13.1.0/../../../../mips64-elf/lib/libdragon.a(rspq.o)
                0x8001dd20                rspq_overlay_register
 .text.rspq_highpri_sync
                0x8001dd40      0x140 /n64_toolchain/lib/gcc/mips64-elf/13.1.0/../../../../mips64-elf/lib/libdragon.a(rspq.o)
                0x8001dd40                rspq_highpri_sync
 .text.rsp_load_code
                0x8001de80      0x100 /n64_toolchain/lib/gcc/mips64-elf/13.1.0/../../../../mips64-elf/lib/libdragon.a(rsp.o)
                0x8001de80                rsp_load_code
 .text.rsp_load_data
                0x8001df80       0xe0 /n64_toolchain/lib/gcc/mips64-elf/13.1.0/../../../../mips64-elf/lib/libdragon.a(rsp.o)
                0x8001df80                rsp_load_data
 .text.rsp_load
                0x8001e060       0x60 /n64_toolchain/lib/gcc/mips64-elf/13.1.0/../../../../mips64-elf/lib/libdragon.a(rsp.o)
                0x8001e060                rsp_load
 .text.rsp_read_code
                0x8001e0c0       0xe0 /n64_toolchain/lib/gcc/mips64-elf/13.1.0/../../../../mips64-elf/lib/libdragon.a(rsp.o)
                0x8001e0c0                rsp_read_code
 .text.rsp_read_data
                0x8001e1a0       0xe0 /n64_toolchain/lib/gcc/mips64-elf/13.1.0/../../../../mips64-elf/lib/libdragon.a(rsp.o)
                0x8001e1a0                rsp_read_data
 .text.__rsp_run_async
                0x8001e280       0x40 /n64_toolchain/lib/gcc/mips64-elf/13.1.0/../../../../mips64-elf/lib/libdragon.a(rsp.o)
                0x8001e280                __rsp_run_async
 .text.__rsp_crash
                0x8001e2c0      0xac0 /n64_toolchain/lib/gcc/mips64-elf/13.1.0/../../../../mips64-elf/lib/libdragon.a(rsp.o)
                0x8001e2c0                __rsp_crash
 .text.__rsp_check_assert
                0x8001ed80       0x80 /n64_toolchain/lib/gcc/mips64-elf/13.1.0/../../../../mips64-elf/lib/libdragon.a(rsp.o)
                0x8001ed80                __rsp_check_assert
 .text.rsp_wait
                0x8001ee00      0x100 /n64_toolchain/lib/gcc/mips64-elf/13.1.0/../../../../mips64-elf/lib/libdragon.a(rsp.o)
                0x8001ee00                rsp_wait
 .text.rsp_run  0x8001ef00       0x60 /n64_toolchain/lib/gcc/mips64-elf/13.1.0/../../../../mips64-elf/lib/libdragon.a(rsp.o)
                0x8001ef00                rsp_run
 *(.init)
 .init          0x8001ef60        0x8 /n64_toolchain/lib/gcc/mips64-elf/13.1.0/crti.o
                0x8001ef60                _init
 *(.fini)
 .fini          0x8001ef68        0x8 /n64_toolchain/lib/gcc/mips64-elf/13.1.0/crti.o
                0x8001ef68                _fini
 *(.gnu.linkonce.t.*)
                0x8001ef70                        . = ALIGN (0x10)
                0x8001ef70                        __text_end = .

.eh_frame_hdr
 *(.eh_frame_hdr)

.eh_frame       0x8001ef70        0x4
                0x8001ef70                        __EH_FRAME_BEGIN__ = .
 *(.eh_frame)
 .eh_frame      0x8001ef70        0x0 /n64_toolchain/lib/gcc/mips64-elf/13.1.0/crtbegin.o
 .eh_frame      0x8001ef70        0x4 /n64_toolchain/lib/gcc/mips64-elf/13.1.0/crtend.o

.gcc_except_table
 *(.gcc_except_table*)

.jcr
 *(.jcr)

.rodata         0x8001ef78    0x11298
 *(.rdata)
 *(.rodata)
 .rodata        0x8001ef78      0x188 /n64_toolchain/lib/gcc/mips64-elf/13.1.0/../../../../mips64-elf/lib/libc.a(libc_a-svfprintf.o)
 .rodata        0x8001f100      0x188 /n64_toolchain/lib/gcc/mips64-elf/13.1.0/../../../../mips64-elf/lib/libc.a(libc_a-vfprintf.o)
 .rodata        0x8001f288      0x188 /n64_toolchain/lib/gcc/mips64-elf/13.1.0/../../../../mips64-elf/lib/libc.a(libc_a-vfiprintf.o)
 .rodata        0x8001f410      0x128 /n64_toolchain/lib/gcc/mips64-elf/13.1.0/../../../../mips64-elf/lib/libc.a(libc_a-mprec.o)
                0x8001f420                __mprec_tinytens
                0x8001f448                __mprec_bigtens
                0x8001f470                __mprec_tens
 .rodata        0x8001f538      0x288 /n64_toolchain/lib/gcc/mips64-elf/13.1.0/../../../../mips64-elf/lib/libc.a(libc_a-ctype_.o)
                0x8001f538                _ctype_
                0x8001f640                _ctype_b
 .rodata        0x8001f7c0      0x188 /n64_toolchain/lib/gcc/mips64-elf/13.1.0/../../../../mips64-elf/lib/libc.a(libc_a-svfiprintf.o)
 *(.rodata.*)
 .rodata.cb.0.str1.8
                0x8001f948       0x1d /n64_toolchain/mips64-elf/lib/libdragon.a(debug.o)
 *fill*         0x8001f965        0x3 
 .rodata.debug_assert_func_f.str1.8
                0x8001f968       0x3d /n64_toolchain/mips64-elf/lib/libdragon.a(debug.o)
                                 0x45 (size before relaxing)
 *fill*         0x8001f9a5        0x3 
 .rodata.debug_hexdump.str1.8
                0x8001f9a8       0x2b /n64_toolchain/mips64-elf/lib/libdragon.a(debug.o)
 *fill*         0x8001f9d3        0x5 
 .rodata.__debug_backtrace.str1.8
                0x8001f9d8        0xc /n64_toolchain/mips64-elf/lib/libdragon.a(debug.o)
 *fill*         0x8001f9e4        0x4 
 .rodata.cb.2.str1.8
                0x8001f9e8       0x1a /n64_toolchain/mips64-elf/lib/libdragon.a(inspector.o)
                                 0x22 (size before relaxing)
 *fill*         0x8001fa02        0x6 
 .rodata.cb.1.str1.8
                0x8001fa08        0xc /n64_toolchain/mips64-elf/lib/libdragon.a(inspector.o)
 *fill*         0x8001fa14        0x4 
 .rodata.cb.0.str1.8
                0x8001fa18        0x7 /n64_toolchain/mips64-elf/lib/libdragon.a(inspector.o)
                                 0x27 (size before relaxing)
 *fill*         0x8001fa1f        0x1 
 .rodata.cb.3.str1.8
                0x8001fa20       0x2a /n64_toolchain/mips64-elf/lib/libdragon.a(inspector.o)
 *fill*         0x8001fa4a        0x2 
 .rodata.inspector_stdout
                0x8001fa4c       0x54 /n64_toolchain/mips64-elf/lib/libdragon.a(inspector.o)
 .rodata.mips_disasm.str1.8
                0x8001faa0      0x1a6 /n64_toolchain/mips64-elf/lib/libdragon.a(inspector.o)
                                0x1b6 (size before relaxing)
 *fill*         0x8001fc46        0x2 
 .rodata.mips_disasm
                0x8001fc48       0xb0 /n64_toolchain/mips64-elf/lib/libdragon.a(inspector.o)
 .rodata.inspector.str1.8
                0x8001fcf8      0x1fc /n64_toolchain/mips64-elf/lib/libdragon.a(inspector.o)
                                0x20c (size before relaxing)
 *fill*         0x8001fef4        0x4 
 .rodata.str1.8
                0x8001fef8      0x5db /n64_toolchain/mips64-elf/lib/libdragon.a(inspector.o)
                                0x5e3 (size before relaxing)
 *fill*         0x800204d3        0x5 
 .rodata.fpu_ops.7
                0x800204d8      0x100 /n64_toolchain/mips64-elf/lib/libdragon.a(inspector.o)
 .rodata.special.8
                0x800205d8      0x100 /n64_toolchain/mips64-elf/lib/libdragon.a(inspector.o)
 .rodata.ops.9  0x800206d8      0x100 /n64_toolchain/mips64-elf/lib/libdragon.a(inspector.o)
 .rodata.RESOLUTION_640x240
                0x800207d8        0xc /n64_toolchain/mips64-elf/lib/libdragon.a(inspector.o)
 *fill*         0x800207e4        0x4 
 .rodata.dma_write_raw_async.part.0.str1.8
                0x800207e8       0x12 /n64_toolchain/mips64-elf/lib/libdragon.a(dma.o)
 *fill*         0x800207fa        0x6 
 .rodata.dma_read_async.str1.8
                0x80020800       0x8d /n64_toolchain/mips64-elf/lib/libdragon.a(dma.o)
 *fill*         0x8002088d        0x3 
 .rodata.__func__.0
                0x80020890        0xf /n64_toolchain/mips64-elf/lib/libdragon.a(dma.o)
 *fill*         0x8002089f        0x1 
 .rodata.__func__.2
                0x800208a0       0x13 /n64_toolchain/mips64-elf/lib/libdragon.a(dma.o)
 *fill*         0x800208b3        0x5 
 .rodata.cb.0.str1.8
                0x800208b8       0x17 /n64_toolchain/mips64-elf/lib/libdragon.a(exception.o)
 *fill*         0x800208cf        0x1 
 .rodata.cb.1.str1.8
                0x800208d0        0x9 /n64_toolchain/mips64-elf/lib/libdragon.a(exception.o)
                                 0x19 (size before relaxing)
 *fill*         0x800208d9        0x7 
 .rodata.__get_exception_name.isra.0.str1.8
                0x800208e0      0x20a /n64_toolchain/mips64-elf/lib/libdragon.a(exception.o)
 *fill*         0x80020aea        0x2 
 .rodata.__get_exception_name.isra.0
                0x80020aec       0x40 /n64_toolchain/mips64-elf/lib/libdragon.a(exception.o)
 *fill*         0x80020b2c        0x4 
 .rodata.__exception_dump_header.str1.8
                0x80020b30       0xd0 /n64_toolchain/mips64-elf/lib/libdragon.a(exception.o)
                                 0xe0 (size before relaxing)
 .rodata.__exception_dump_gpr.str1.8
                0x80020c00       0x34 /n64_toolchain/mips64-elf/lib/libdragon.a(exception.o)
 *fill*         0x80020c34        0x4 
 .rodata.__exception_dump_fpr.str1.8
                0x80020c38       0x3e /n64_toolchain/mips64-elf/lib/libdragon.a(exception.o)
 *fill*         0x80020c76        0x2 
 .rodata.exception_default_handler.str1.8
                0x80020c78       0x3e /n64_toolchain/mips64-elf/lib/libdragon.a(exception.o)
 *fill*         0x80020cb6        0x2 
 .rodata.register_syscall_handler.str1.8
                0x80020cb8      0x13b /n64_toolchain/mips64-elf/lib/libdragon.a(exception.o)
                                0x143 (size before relaxing)
 *fill*         0x80020df3        0x5 
 .rodata.__func__.2
                0x80020df8       0x19 /n64_toolchain/mips64-elf/lib/libdragon.a(exception.o)
 *fill*         0x80020e11        0x7 
 .rodata.str1.8
                0x80020e18      0x17e /n64_toolchain/mips64-elf/lib/libdragon.a(exception.o)
 *fill*         0x80020f96        0x2 
 .rodata.exceptionMap.3
                0x80020f98       0x80 /n64_toolchain/mips64-elf/lib/libdragon.a(exception.o)
 .rodata.__do_global_ctors.str1.8
                0x80021018       0xa1 /n64_toolchain/mips64-elf/lib/libdragon.a(do_ctors.o)
 *fill*         0x800210b9        0x7 
 .rodata.__wrap___do_global_ctors.str1.8
                0x800210c0       0xbb /n64_toolchain/mips64-elf/lib/libdragon.a(do_ctors.o)
 *fill*         0x8002117b        0x5 
 .rodata.__func__.0
                0x80021180       0x19 /n64_toolchain/mips64-elf/lib/libdragon.a(do_ctors.o)
 *fill*         0x80021199        0x7 
 .rodata.malloc_uncached_aligned.str1.8
                0x800211a0       0x3d /n64_toolchain/mips64-elf/lib/libdragon.a(n64sys.o)
 *fill*         0x800211dd        0x3 
 .rodata.__func__.0
                0x800211e0       0x18 /n64_toolchain/mips64-elf/lib/libdragon.a(n64sys.o)
 .rodata.__CART_handler.str1.8
                0x800211f8       0x8a /n64_toolchain/mips64-elf/lib/libdragon.a(interrupt.o)
 *fill*         0x80021282        0x6 
 .rodata.enable_interrupts.str1.8
                0x80021288       0x3c /n64_toolchain/mips64-elf/lib/libdragon.a(interrupt.o)
 *fill*         0x800212c4        0x4 
 .rodata.__func__.0
                0x800212c8       0x12 /n64_toolchain/mips64-elf/lib/libdragon.a(interrupt.o)
 *fill*         0x800212da        0x6 
 .rodata.__func__.3
                0x800212e0        0xf /n64_toolchain/mips64-elf/lib/libdragon.a(interrupt.o)
 *fill*         0x800212ef        0x1 
 .rodata.symt_open.str1.8
                0x800212f0       0xc3 /n64_toolchain/mips64-elf/lib/libdragon.a(backtrace.o)
 .rodata.format_entry.str1.8
                0x800213b3       0x14 /n64_toolchain/mips64-elf/lib/libdragon.a(backtrace.o)
 *fill*         0x800213b3        0x5 
 .rodata.symt_addrtab_search.str1.8
                0x800213b8       0x38 /n64_toolchain/mips64-elf/lib/libdragon.a(backtrace.o)
 .rodata.__symbolize.str1.8
                0x800213f0        0xc /n64_toolchain/mips64-elf/lib/libdragon.a(backtrace.o)
                                 0x13 (size before relaxing)
 *fill*         0x800213fc        0x4 
 .rodata.__bt_analyze_func.str1.8
                0x80021400       0x42 /n64_toolchain/mips64-elf/lib/libdragon.a(backtrace.o)
 *fill*         0x80021442        0x6 
 .rodata.backtrace_foreach.str1.8
                0x80021448       0x81 /n64_toolchain/mips64-elf/lib/libdragon.a(backtrace.o)
 *fill*         0x800214c9        0x7 
 .rodata.backtrace_symbols_cb.str1.8
                0x800214d0       0x22 /n64_toolchain/mips64-elf/lib/libdragon.a(backtrace.o)
 *fill*         0x800214f2        0x6 
 .rodata.backtrace_frame_print.str1.8
                0x800214f8       0x2d /n64_toolchain/mips64-elf/lib/libdragon.a(backtrace.o)
                                 0x35 (size before relaxing)
 *fill*         0x80021525        0x3 
 .rodata.backtrace_frame_print_compact.str1.8
                0x80021528       0x2a /n64_toolchain/mips64-elf/lib/libdragon.a(backtrace.o)
 *fill*         0x80021552        0x6 
 .rodata.__func__.2
                0x80021558       0x13 /n64_toolchain/mips64-elf/lib/libdragon.a(backtrace.o)
 *fill*         0x8002156b        0x5 
 .rodata.rompak_search_ext.str1.8
                0x80021570       0xb7 /n64_toolchain/mips64-elf/lib/libdragon.a(rompak.o)
 *fill*         0x80021627        0x1 
 .rodata.__func__.0
                0x80021628       0x12 /n64_toolchain/mips64-elf/lib/libdragon.a(rompak.o)
 *fill*         0x8002163a        0x6 
 .rodata.display_show.part.0.str1.8
                0x80021640       0xf9 /n64_toolchain/mips64-elf/lib/libdragon.a(display.o)
 *fill*         0x80021739        0x7 
 .rodata.display_init.str1.8
                0x80021740      0x199 /n64_toolchain/mips64-elf/lib/libdragon.a(display.o)
 *fill*         0x800218d9        0x7 
 .rodata.__func__.0
                0x800218e0        0xd /n64_toolchain/mips64-elf/lib/libdragon.a(display.o)
 *fill*         0x800218ed        0x3 
 .rodata.__func__.1
                0x800218f0        0xd /n64_toolchain/mips64-elf/lib/libdragon.a(display.o)
 *fill*         0x800218fd        0x3 
 .rodata.reg_values
                0x80021900       0x18 /n64_toolchain/mips64-elf/lib/libdragon.a(display.o)
 .rodata.mpal_i
                0x80021918       0x38 /n64_toolchain/mips64-elf/lib/libdragon.a(display.o)
 .rodata.pal_i  0x80021950       0x38 /n64_toolchain/mips64-elf/lib/libdragon.a(display.o)
 .rodata.ntsc_i
                0x80021988       0x38 /n64_toolchain/mips64-elf/lib/libdragon.a(display.o)
 .rodata.mpal_p
                0x800219c0       0x38 /n64_toolchain/mips64-elf/lib/libdragon.a(display.o)
 .rodata.pal_p  0x800219f8       0x38 /n64_toolchain/mips64-elf/lib/libdragon.a(display.o)
 .rodata.ntsc_p
                0x80021a30       0x38 /n64_toolchain/mips64-elf/lib/libdragon.a(display.o)
 .rodata.surface_alloc.str1.8
                0x80021a68       0x62 /n64_toolchain/mips64-elf/lib/libdragon.a(surface.o)
 *fill*         0x80021aca        0x6 
 .rodata.__func__.1
                0x80021ad0        0xe /n64_toolchain/mips64-elf/lib/libdragon.a(surface.o)
 *fill*         0x80021ade        0x2 
 .rodata.controller_scan.str1.8
                0x80021ae0       0x51 /n64_toolchain/mips64-elf/lib/libdragon.a(controller.o)
 *fill*         0x80021b31        0x7 
 .rodata.__func__.2
                0x80021b38       0x10 /n64_toolchain/mips64-elf/lib/libdragon.a(controller.o)
 .rodata.SI_read_con_block.8
                0x80021b48       0x40 /n64_toolchain/mips64-elf/lib/libdragon.a(controller.o)
 .rodata.SI_read_con_block.9
                0x80021b88       0x40 /n64_toolchain/mips64-elf/lib/libdragon.a(controller.o)
 .rodata.__font_data_32
                0x80021bc8     0x8008 /n64_toolchain/mips64-elf/lib/libdragon.a(graphics.o)
 .rodata.__font_data_16
                0x80029bd0     0x4008 /n64_toolchain/mips64-elf/lib/libdragon.a(graphics.o)
 .rodata.joybus_msg_send.str1.8
                0x8002dbd8       0x55 /n64_toolchain/mips64-elf/lib/libdragon.a(joybus.o)
 *fill*         0x8002dc2d        0x3 
 .rodata.si_interrupt.str1.8
                0x8002dc30       0x40 /n64_toolchain/mips64-elf/lib/libdragon.a(joybus.o)
 .rodata.joybus_exec_async.str1.8
                0x8002dc70       0x4a /n64_toolchain/mips64-elf/lib/libdragon.a(joybus.o)
 *fill*         0x8002dcba        0x6 
 .rodata.__func__.1
                0x8002dcc0       0x12 /n64_toolchain/mips64-elf/lib/libdragon.a(joybus.o)
 *fill*         0x8002dcd2        0x6 
 .rodata.__func__.2
                0x8002dcd8       0x10 /n64_toolchain/mips64-elf/lib/libdragon.a(joybus.o)
 .rodata.__func__.3
                0x8002dce8       0x10 /n64_toolchain/mips64-elf/lib/libdragon.a(joybus.o)
 .rodata.__func__.4
                0x8002dcf8        0xd /n64_toolchain/mips64-elf/lib/libdragon.a(joybus.o)
 *fill*         0x8002dd05        0x3 
 .rodata.text_init.str1.8
                0x8002dd08       0x69 build/text.o
 *fill*         0x8002dd71        0x7 
 .rodata.about_screen_draw.str1.8
                0x8002dd78      0x10a build/main.o
 *fill*         0x8002de82        0x6 
 .rodata.help_menu_draw.str1.8
                0x8002de88      0x154 build/main.o
 *fill*         0x8002dfdc        0x4 
 .rodata.main_menu_draw.str1.8
                0x8002dfe0       0x18 build/main.o
                                 0x1a (size before relaxing)
 .rodata.practice_tool_draw.str1.8
                0x8002dff8       0x94 build/main.o
 *fill*         0x8002e08c        0x4 
 .rodata.str1.8
                0x8002e090        0xd build/main.o
 *fill*         0x8002e09d        0x3 
 .rodata.options
                0x8002e0a0        0xc build/main.o
 *fill*         0x8002e0ac        0x4 
 .rodata.RESOLUTION_320x240
                0x8002e0b0        0xc build/main.o
 *fill*         0x8002e0bc        0x4 
 .rodata.sfx_init.str1.8
                0x8002e0c0       0x29 build/sfx.o
 *fill*         0x8002e0e9        0x7 
 .rodata.__open.str1.8
                0x8002e0f0        0x2 /n64_toolchain/lib/gcc/mips64-elf/13.1.0/../../../../mips64-elf/lib/libdragon.a(dragonfs.o)
 *fill*         0x8002e0f2        0x6 
 .rodata.dfs_read.str1.8
                0x8002e0f8        0xf /n64_toolchain/lib/gcc/mips64-elf/13.1.0/../../../../mips64-elf/lib/libdragon.a(dragonfs.o)
                                 0x3f (size before relaxing)
 *fill*         0x8002e107        0x1 
 .rodata.dfs_init.str1.8
                0x8002e108       0x86 /n64_toolchain/lib/gcc/mips64-elf/13.1.0/../../../../mips64-elf/lib/libdragon.a(dragonfs.o)
                                 0x8e (size before relaxing)
 *fill*         0x8002e18e        0x2 
 .rodata.__func__.0
                0x8002e190       0x16 /n64_toolchain/lib/gcc/mips64-elf/13.1.0/../../../../mips64-elf/lib/libdragon.a(dragonfs.o)
 *fill*         0x8002e1a6        0x2 
 .rodata.__func__.1
                0x8002e1a8        0x9 /n64_toolchain/lib/gcc/mips64-elf/13.1.0/../../../../mips64-elf/lib/libdragon.a(dragonfs.o)
 *fill*         0x8002e1b1        0x7 
 .rodata.RESOLUTION_640x240
                0x8002e1b8        0xc /n64_toolchain/lib/gcc/mips64-elf/13.1.0/../../../../mips64-elf/lib/libdragon.a(console.o)
 *fill*         0x8002e1c4        0x4 
 .rodata.timer_poll.str1.8
                0x8002e1c8       0x89 /n64_toolchain/lib/gcc/mips64-elf/13.1.0/../../../../mips64-elf/lib/libdragon.a(timer.o)
 *fill*         0x8002e251        0x7 
 .rodata.timer_init.str1.8
                0x8002e258       0x31 /n64_toolchain/lib/gcc/mips64-elf/13.1.0/../../../../mips64-elf/lib/libdragon.a(timer.o)
 *fill*         0x8002e289        0x7 
 .rodata.new_timer.str1.8
                0x8002e290       0x2d /n64_toolchain/lib/gcc/mips64-elf/13.1.0/../../../../mips64-elf/lib/libdragon.a(timer.o)
 *fill*         0x8002e2bd        0x3 
 .rodata.__func__.0
                0x8002e2c0        0xc /n64_toolchain/lib/gcc/mips64-elf/13.1.0/../../../../mips64-elf/lib/libdragon.a(timer.o)
 *fill*         0x8002e2cc        0x4 
 .rodata.__func__.8
                0x8002e2d0        0xb /n64_toolchain/lib/gcc/mips64-elf/13.1.0/../../../../mips64-elf/lib/libdragon.a(timer.o)
 *fill*         0x8002e2db        0x5 
 .rodata.__func__.9
                0x8002e2e0        0xb /n64_toolchain/lib/gcc/mips64-elf/13.1.0/../../../../mips64-elf/lib/libdragon.a(timer.o)
 *fill*         0x8002e2eb        0x5 
 .rodata.mixer_init_samplebuffers.str1.8
                0x8002e2f0       0x90 /n64_toolchain/lib/gcc/mips64-elf/13.1.0/../../../../mips64-elf/lib/libdragon.a(mixer.o)
 .rodata.waveform_read.str1.8
                0x8002e380       0xaa /n64_toolchain/lib/gcc/mips64-elf/13.1.0/../../../../mips64-elf/lib/libdragon.a(mixer.o)
 *fill*         0x8002e42a        0x6 
 .rodata.mixer_ch_set_freq.str1.8
                0x8002e430       0xbb /n64_toolchain/lib/gcc/mips64-elf/13.1.0/../../../../mips64-elf/lib/libdragon.a(mixer.o)
 *fill*         0x8002e4eb        0x5 
 .rodata.mixer_ch_set_vol.str1.8
                0x8002e4f0       0x3d /n64_toolchain/lib/gcc/mips64-elf/13.1.0/../../../../mips64-elf/lib/libdragon.a(mixer.o)
 *fill*         0x8002e52d        0x3 
 .rodata.mixer_ch_play.str1.8
                0x8002e530      0x165 /n64_toolchain/lib/gcc/mips64-elf/13.1.0/../../../../mips64-elf/lib/libdragon.a(mixer.o)
 *fill*         0x8002e695        0x3 
 .rodata.mixer_ch_set_limits.str1.8
                0x8002e698       0x77 /n64_toolchain/lib/gcc/mips64-elf/13.1.0/../../../../mips64-elf/lib/libdragon.a(mixer.o)
 *fill*         0x8002e70f        0x1 
 .rodata.mixer_init.str1.8
                0x8002e710       0x48 /n64_toolchain/lib/gcc/mips64-elf/13.1.0/../../../../mips64-elf/lib/libdragon.a(mixer.o)
 .rodata.mixer_poll.str1.8
                0x8002e758       0x9a /n64_toolchain/lib/gcc/mips64-elf/13.1.0/../../../../mips64-elf/lib/libdragon.a(mixer.o)
 *fill*         0x8002e7f2        0x6 
 .rodata.__func__.0
                0x8002e7f8        0xb /n64_toolchain/lib/gcc/mips64-elf/13.1.0/../../../../mips64-elf/lib/libdragon.a(mixer.o)
 *fill*         0x8002e803        0x5 
 .rodata.__func__.1
                0x8002e808        0xb /n64_toolchain/lib/gcc/mips64-elf/13.1.0/../../../../mips64-elf/lib/libdragon.a(mixer.o)
 *fill*         0x8002e813        0x5 
 .rodata.__func__.2
                0x8002e818       0x14 /n64_toolchain/lib/gcc/mips64-elf/13.1.0/../../../../mips64-elf/lib/libdragon.a(mixer.o)
 *fill*         0x8002e82c        0x4 
 .rodata.__func__.6
                0x8002e830       0x19 /n64_toolchain/lib/gcc/mips64-elf/13.1.0/../../../../mips64-elf/lib/libdragon.a(mixer.o)
 *fill*         0x8002e849        0x7 
 .rodata.__func__.7
                0x8002e850       0x13 /n64_toolchain/lib/gcc/mips64-elf/13.1.0/../../../../mips64-elf/lib/libdragon.a(mixer.o)
 *fill*         0x8002e863        0x5 
 .rodata.__func__.8
                0x8002e868        0xe /n64_toolchain/lib/gcc/mips64-elf/13.1.0/../../../../mips64-elf/lib/libdragon.a(mixer.o)
 *fill*         0x8002e876        0x2 
 .rodata.__func__.9
                0x8002e878        0xe /n64_toolchain/lib/gcc/mips64-elf/13.1.0/../../../../mips64-elf/lib/libdragon.a(mixer.o)
 *fill*         0x8002e886        0x2 
 .rodata.__func__.10
                0x8002e888       0x11 /n64_toolchain/lib/gcc/mips64-elf/13.1.0/../../../../mips64-elf/lib/libdragon.a(mixer.o)
 *fill*         0x8002e899        0x7 
 .rodata.__func__.11
                0x8002e8a0       0x12 /n64_toolchain/lib/gcc/mips64-elf/13.1.0/../../../../mips64-elf/lib/libdragon.a(mixer.o)
 *fill*         0x8002e8b2        0x6 
 .rodata.__func__.13
                0x8002e8b8        0xb /n64_toolchain/lib/gcc/mips64-elf/13.1.0/../../../../mips64-elf/lib/libdragon.a(mixer.o)
 *fill*         0x8002e8c3        0x5 
 .rodata.str1.8
                0x8002e8c8        0xa /n64_toolchain/lib/gcc/mips64-elf/13.1.0/../../../../mips64-elf/lib/libdragon.a(mixer.o)
 *fill*         0x8002e8d2        0x6 
 .rodata.samplebuffer_init.str1.8
                0x8002e8d8       0xce /n64_toolchain/lib/gcc/mips64-elf/13.1.0/../../../../mips64-elf/lib/libdragon.a(samplebuffer.o)
 *fill*         0x8002e9a6        0x2 
 .rodata.samplebuffer_set_bps.str1.8
                0x8002e9a8       0xc1 /n64_toolchain/lib/gcc/mips64-elf/13.1.0/../../../../mips64-elf/lib/libdragon.a(samplebuffer.o)
 *fill*         0x8002ea69        0x7 
 .rodata.samplebuffer_get.str1.8
                0x8002ea70       0x70 /n64_toolchain/lib/gcc/mips64-elf/13.1.0/../../../../mips64-elf/lib/libdragon.a(samplebuffer.o)
 .rodata.samplebuffer_discard.str1.8
                0x8002eae0       0x19 /n64_toolchain/lib/gcc/mips64-elf/13.1.0/../../../../mips64-elf/lib/libdragon.a(samplebuffer.o)
 *fill*         0x8002eaf9        0x7 
 .rodata.samplebuffer_append.str1.8
                0x8002eb00       0xfe /n64_toolchain/lib/gcc/mips64-elf/13.1.0/../../../../mips64-elf/lib/libdragon.a(samplebuffer.o)
 *fill*         0x8002ebfe        0x2 
 .rodata.__func__.0
                0x8002ec00       0x15 /n64_toolchain/lib/gcc/mips64-elf/13.1.0/../../../../mips64-elf/lib/libdragon.a(samplebuffer.o)
 *fill*         0x8002ec15        0x3 
 .rodata.__func__.1
                0x8002ec18       0x14 /n64_toolchain/lib/gcc/mips64-elf/13.1.0/../../../../mips64-elf/lib/libdragon.a(samplebuffer.o)
 *fill*         0x8002ec2c        0x4 
 .rodata.__func__.2
                0x8002ec30       0x11 /n64_toolchain/lib/gcc/mips64-elf/13.1.0/../../../../mips64-elf/lib/libdragon.a(samplebuffer.o)
 *fill*         0x8002ec41        0x7 
 .rodata.__func__.3
                0x8002ec48       0x15 /n64_toolchain/lib/gcc/mips64-elf/13.1.0/../../../../mips64-elf/lib/libdragon.a(samplebuffer.o)
 *fill*         0x8002ec5d        0x3 
 .rodata.__func__.4
                0x8002ec60       0x12 /n64_toolchain/lib/gcc/mips64-elf/13.1.0/../../../../mips64-elf/lib/libdragon.a(samplebuffer.o)
 *fill*         0x8002ec72        0x6 
 .rodata.wav64_open.str1.8
                0x8002ec78      0x1e0 /n64_toolchain/lib/gcc/mips64-elf/13.1.0/../../../../mips64-elf/lib/libdragon.a(wav64.o)
                                0x1f0 (size before relaxing)
 .rodata.__func__.0
                0x8002ee58        0xb /n64_toolchain/lib/gcc/mips64-elf/13.1.0/../../../../mips64-elf/lib/libdragon.a(wav64.o)
 *fill*         0x8002ee63        0x5 
 .rodata.rspq_switch_buffer.part.0.str1.8
                0x8002ee68       0x30 /n64_toolchain/lib/gcc/mips64-elf/13.1.0/../../../../mips64-elf/lib/libdragon.a(rspq.o)
 .rodata.rspq_crash_handler.str1.8
                0x8002ee98      0x184 /n64_toolchain/lib/gcc/mips64-elf/13.1.0/../../../../mips64-elf/lib/libdragon.a(rspq.o)
 *fill*         0x8002f01c        0x4 
 .rodata.rspq_assert_handler.str1.8
                0x8002f020       0x6f /n64_toolchain/lib/gcc/mips64-elf/13.1.0/../../../../mips64-elf/lib/libdragon.a(rspq.o)
 *fill*         0x8002f08f        0x1 
 .rodata.rspq_init.str1.8
                0x8002f090       0x9e /n64_toolchain/lib/gcc/mips64-elf/13.1.0/../../../../mips64-elf/lib/libdragon.a(rspq.o)
 *fill*         0x8002f12e        0x2 
 .rodata.rspq_overlay_get_state.str1.8
                0x8002f130      0x108 /n64_toolchain/lib/gcc/mips64-elf/13.1.0/../../../../mips64-elf/lib/libdragon.a(rspq.o)
 .rodata.rspq_next_buffer.str1.8
                0x8002f238       0x72 /n64_toolchain/lib/gcc/mips64-elf/13.1.0/../../../../mips64-elf/lib/libdragon.a(rspq.o)
 *fill*         0x8002f2aa        0x6 
 .rodata.rspq_overlay_unregister.str1.8
                0x8002f2b0       0xbc /n64_toolchain/lib/gcc/mips64-elf/13.1.0/../../../../mips64-elf/lib/libdragon.a(rspq.o)
                                 0xc4 (size before relaxing)
 *fill*         0x8002f36c        0x4 
 .rodata.rspq_highpri_begin.str1.8
                0x8002f370       0x75 /n64_toolchain/lib/gcc/mips64-elf/13.1.0/../../../../mips64-elf/lib/libdragon.a(rspq.o)
 *fill*         0x8002f3e5        0x3 
 .rodata.rspq_highpri_end.str1.8
                0x8002f3e8       0x2c /n64_toolchain/lib/gcc/mips64-elf/13.1.0/../../../../mips64-elf/lib/libdragon.a(rspq.o)
 *fill*         0x8002f414        0x4 
 .rodata.rspq_overlay_register_internal.str1.8
                0x8002f418      0x365 /n64_toolchain/lib/gcc/mips64-elf/13.1.0/../../../../mips64-elf/lib/libdragon.a(rspq.o)
                                0x36d (size before relaxing)
 *fill*         0x8002f77d        0x3 
 .rodata.rspq_highpri_sync.str1.8
                0x8002f780       0x39 /n64_toolchain/lib/gcc/mips64-elf/13.1.0/../../../../mips64-elf/lib/libdragon.a(rspq.o)
 *fill*         0x8002f7b9        0x7 
 .rodata.__func__.7
                0x8002f7c0       0x12 /n64_toolchain/lib/gcc/mips64-elf/13.1.0/../../../../mips64-elf/lib/libdragon.a(rspq.o)
 *fill*         0x8002f7d2        0x6 
 .rodata.__func__.8
                0x8002f7d8       0x11 /n64_toolchain/lib/gcc/mips64-elf/13.1.0/../../../../mips64-elf/lib/libdragon.a(rspq.o)
 *fill*         0x8002f7e9        0x7 
 .rodata.__func__.9
                0x8002f7f0       0x13 /n64_toolchain/lib/gcc/mips64-elf/13.1.0/../../../../mips64-elf/lib/libdragon.a(rspq.o)
 *fill*         0x8002f803        0x5 
 .rodata.__func__.10
                0x8002f808       0x13 /n64_toolchain/lib/gcc/mips64-elf/13.1.0/../../../../mips64-elf/lib/libdragon.a(rspq.o)
 *fill*         0x8002f81b        0x5 
 .rodata.__func__.11
                0x8002f820       0x11 /n64_toolchain/lib/gcc/mips64-elf/13.1.0/../../../../mips64-elf/lib/libdragon.a(rspq.o)
 *fill*         0x8002f831        0x7 
 .rodata.__func__.14
                0x8002f838       0x1f /n64_toolchain/lib/gcc/mips64-elf/13.1.0/../../../../mips64-elf/lib/libdragon.a(rspq.o)
 *fill*         0x8002f857        0x1 
 .rodata.__func__.15
                0x8002f858       0x1f /n64_toolchain/lib/gcc/mips64-elf/13.1.0/../../../../mips64-elf/lib/libdragon.a(rspq.o)
 *fill*         0x8002f877        0x1 
 .rodata.__func__.16
                0x8002f878       0x17 /n64_toolchain/lib/gcc/mips64-elf/13.1.0/../../../../mips64-elf/lib/libdragon.a(rspq.o)
 *fill*         0x8002f88f        0x1 
 .rodata.__func__.18
                0x8002f890        0xa /n64_toolchain/lib/gcc/mips64-elf/13.1.0/../../../../mips64-elf/lib/libdragon.a(rspq.o)
 *fill*         0x8002f89a        0x6 
 .rodata.__func__.19
                0x8002f8a0       0x13 /n64_toolchain/lib/gcc/mips64-elf/13.1.0/../../../../mips64-elf/lib/libdragon.a(rspq.o)
 *fill*         0x8002f8b3        0x5 
 .rodata.str1.8
                0x8002f8b8        0xa /n64_toolchain/lib/gcc/mips64-elf/13.1.0/../../../../mips64-elf/lib/libdragon.a(rspq.o)
 *fill*         0x8002f8c2        0x6 
 .rodata.rsp_load_code.str1.8
                0x8002f8c8       0x47 /n64_toolchain/lib/gcc/mips64-elf/13.1.0/../../../../mips64-elf/lib/libdragon.a(rsp.o)
 *fill*         0x8002f90f        0x1 
 .rodata.rsp_load_data.str1.8
                0x8002f910       0x17 /n64_toolchain/lib/gcc/mips64-elf/13.1.0/../../../../mips64-elf/lib/libdragon.a(rsp.o)
 *fill*         0x8002f927        0x1 
 .rodata.__rsp_crash.str1.8
                0x8002f928      0x76f /n64_toolchain/lib/gcc/mips64-elf/13.1.0/../../../../mips64-elf/lib/libdragon.a(rsp.o)
                                0x77f (size before relaxing)
 .rodata.rsp_wait.str1.8
                0x80030097       0x1c /n64_toolchain/lib/gcc/mips64-elf/13.1.0/../../../../mips64-elf/lib/libdragon.a(rsp.o)
 *fill*         0x80030097        0x1 
 .rodata.__func__.0
                0x80030098        0x9 /n64_toolchain/lib/gcc/mips64-elf/13.1.0/../../../../mips64-elf/lib/libdragon.a(rsp.o)
 *fill*         0x800300a1        0x7 
 .rodata.__func__.1
                0x800300a8        0xe /n64_toolchain/lib/gcc/mips64-elf/13.1.0/../../../../mips64-elf/lib/libdragon.a(rsp.o)
 *fill*         0x800300b6        0x2 
 .rodata.__func__.2
                0x800300b8        0xe /n64_toolchain/lib/gcc/mips64-elf/13.1.0/../../../../mips64-elf/lib/libdragon.a(rsp.o)
 *fill*         0x800300c6        0x2 
 .rodata.__func__.3
                0x800300c8        0xe /n64_toolchain/lib/gcc/mips64-elf/13.1.0/../../../../mips64-elf/lib/libdragon.a(rsp.o)
 *fill*         0x800300d6        0x2 
 .rodata.__func__.4
                0x800300d8        0xe /n64_toolchain/lib/gcc/mips64-elf/13.1.0/../../../../mips64-elf/lib/libdragon.a(rsp.o)
 *fill*         0x800300e6        0x2 
 .rodata.str1.8
                0x800300e8        0xa /n64_toolchain/lib/gcc/mips64-elf/13.1.0/../../../../mips64-elf/lib/libdragon.a(rsp.o)
 .rodata.str1.8
                0x800300f2        0x2 /n64_toolchain/lib/gcc/mips64-elf/13.1.0/../../../../mips64-elf/lib/libc.a(libc_a-puts.o)
 *fill*         0x800300f2        0x6 
 .rodata.str1.8
                0x800300f8       0x57 /n64_toolchain/lib/gcc/mips64-elf/13.1.0/../../../../mips64-elf/lib/libc.a(libc_a-svfprintf.o)
                                 0x5a (size before relaxing)
 *fill*         0x8003014f        0x1 
 .rodata.str1.8
                0x80030150       0x69 /n64_toolchain/lib/gcc/mips64-elf/13.1.0/../../../../mips64-elf/lib/libc.a(libc_a-dtoa.o)
                                 0x71 (size before relaxing)
 .rodata.str1.8
                0x800301b9       0x5a /n64_toolchain/lib/gcc/mips64-elf/13.1.0/../../../../mips64-elf/lib/libc.a(libc_a-vfprintf.o)
 .rodata.str1.8
                0x800301b9       0x37 /n64_toolchain/lib/gcc/mips64-elf/13.1.0/../../../../mips64-elf/lib/libc.a(libc_a-vfiprintf.o)
 *fill*         0x800301b9        0x7 
 .rodata.str1.8
                0x800301c0       0x3a /n64_toolchain/lib/gcc/mips64-elf/13.1.0/../../../../mips64-elf/lib/libc.a(libc_a-mprec.o)
                                 0x52 (size before relaxing)
 *fill*         0x800301fa        0x6 
 .rodata.str1.8
                0x80030200        0xe /n64_toolchain/lib/gcc/mips64-elf/13.1.0/../../../../mips64-elf/lib/libc.a(libc_a-locale.o)
                                 0x1a (size before relaxing)
 .rodata.str1.8
                0x8003020e       0x37 /n64_toolchain/lib/gcc/mips64-elf/13.1.0/../../../../mips64-elf/lib/libc.a(libc_a-svfiprintf.o)
 *(.gnu.linkonce.r.*)
                0x80030248                        . = ALIGN (0x8)
 *fill*         0x8003020e        0x2 

.MIPS.abiflags  0x80030210       0x18
 .MIPS.abiflags
                0x80030210       0x18 /n64_toolchain/lib/gcc/mips64-elf/13.1.0/crti.o

.rel.dyn        0x80030228        0x0
 .rel.dyn       0x80030228        0x0 /n64_toolchain/mips64-elf/lib/libdragon.a(inspector.o)
                0x80030228                        . = ALIGN (0x4)

.ctors          0x80030228       0x18
                0x80030228                        __CTOR_LIST__ = .
 *(.ctors)
 .ctors         0x80030228        0x4 /n64_toolchain/lib/gcc/mips64-elf/13.1.0/crtbegin.o
 .ctors         0x8003022c        0x4 /n64_toolchain/mips64-elf/lib/libdragon.a(inspector.o)
 .ctors         0x80030230        0x4 /n64_toolchain/mips64-elf/lib/libdragon.a(n64sys.o)
 .ctors         0x80030234        0x4 /n64_toolchain/mips64-elf/lib/libdragon.a(interrupt.o)
 .ctors         0x80030238        0x4 /n64_toolchain/mips64-elf/lib/libdragon.a(joybus.o)
 .ctors         0x8003023c        0x4 /n64_toolchain/lib/gcc/mips64-elf/13.1.0/crtend.o
                0x80030240                        __CTOR_END__ = .
                0x80030240                        . = ALIGN (0x8)

.data           0x80030240     0x1b50
                0x80030240                        __data_start = .
 *(.data)
 .data          0x80030240      0xcf0 /n64_toolchain/lib/gcc/mips64-elf/13.1.0/../../../../mips64-elf/lib/libdragon.a(rsp_mixer.o)
                0x80030240                rsp_mixer_text_start
                0x80030c10                rsp_mixer_data_start
                0x80030c10                rsp_mixer_text_end
                0x80030f30                rsp_mixer_data_end
 .data          0x80030f30      0x460 /n64_toolchain/lib/gcc/mips64-elf/13.1.0/../../../../mips64-elf/lib/libdragon.a(rsp_queue.o)
                0x80030f30                rsp_queue_text_start
                0x80031130                rsp_queue_text_end
                0x80031130                rsp_queue_data_start
                0x80031390                rsp_queue_data_end
 .data          0x80031390      0x1c4 /n64_toolchain/lib/gcc/mips64-elf/13.1.0/../../../../mips64-elf/lib/libdragon.a(rsp_crash.o)
                0x80031390                rsp_crash_text_start
                0x80031550                rsp_crash_data_start
                0x80031550                rsp_crash_text_end
                0x80031554                rsp_crash_data_end
 *fill*         0x80031554        0x4 
 .data          0x80031558      0x408 /n64_toolchain/lib/gcc/mips64-elf/13.1.0/../../../../mips64-elf/lib/libc.a(libc_a-mallocr.o)
                0x80031558                __malloc_av_
 .data          0x80031960        0xc /n64_toolchain/lib/gcc/mips64-elf/13.1.0/../../../../mips64-elf/lib/libc.a(libc_a-findfp.o)
                0x80031960                __sglue
 *fill*         0x8003196c        0x4 
 .data          0x80031970      0x16c /n64_toolchain/lib/gcc/mips64-elf/13.1.0/../../../../mips64-elf/lib/libc.a(libc_a-locale.o)
                0x80031970                __global_locale
 *fill*         0x80031adc        0x4 
 .data          0x80031ae0      0x120 /n64_toolchain/lib/gcc/mips64-elf/13.1.0/../../../../mips64-elf/lib/libc.a(libc_a-impure.o)
                0x80031ae0                _impure_data
 *(.data.*)
 .data.__mips_fpreg
                0x80031c00       0x80 /n64_toolchain/mips64-elf/lib/libdragon.a(inspector.o)
                0x80031c00                __mips_fpreg
 .data.__mips_gpr
                0x80031c80       0x88 /n64_toolchain/mips64-elf/lib/libdragon.a(inspector.o)
                0x80031c80                __mips_gpr
 .data.dragon_fs
                0x80031d08       0x24 /n64_toolchain/lib/gcc/mips64-elf/13.1.0/../../../../mips64-elf/lib/libdragon.a(dragonfs.o)
 *fill*         0x80031d2c        0x4 
 .data.rsp_mixer
                0x80031d30       0x20 /n64_toolchain/lib/gcc/mips64-elf/13.1.0/../../../../mips64-elf/lib/libdragon.a(mixer.o)
                0x80031d30                rsp_mixer
 .data.rsp_queue
                0x80031d50       0x20 /n64_toolchain/lib/gcc/mips64-elf/13.1.0/../../../../mips64-elf/lib/libdragon.a(rspq.o)
                0x80031d50                rsp_queue
 .data.rsp_crash
                0x80031d70       0x20 /n64_toolchain/lib/gcc/mips64-elf/13.1.0/../../../../mips64-elf/lib/libdragon.a(rsp.o)
                0x80031d70                rsp_crash
 *(.gnu.linkonce.d.*)
                0x80031d90                        . = ALIGN (0x8)

.sdata          0x80031d90      0x118
                0x80039d90                        _gp = (. + 0x8000)
 *(.sdata)
 .sdata         0x80031d90       0x10 /n64_toolchain/mips64-elf/lib/libdragon.a(exception.o)
 .sdata         0x80031da0        0x8 build/fps.o
 .sdata         0x80031da8       0x30 /n64_toolchain/lib/gcc/mips64-elf/13.1.0/../../../../mips64-elf/lib/libdragon.a(mixer.o)
 .sdata         0x80031dd8        0xc /n64_toolchain/lib/gcc/mips64-elf/13.1.0/../../../../mips64-elf/lib/libm.a(libm_a-sf_ceil.o)
 *fill*         0x80031de4        0x4 
 .sdata         0x80031de8        0x8 /n64_toolchain/lib/gcc/mips64-elf/13.1.0/../../../../mips64-elf/lib/libm.a(libm_a-s_ceil.o)
 .sdata         0x80031df0        0x8 /n64_toolchain/lib/gcc/mips64-elf/13.1.0/../../../../mips64-elf/lib/libc.a(libc_a-svfprintf.o)
 .sdata         0x80031df8       0x48 /n64_toolchain/lib/gcc/mips64-elf/13.1.0/../../../../mips64-elf/lib/libc.a(libc_a-dtoa.o)
 .sdata         0x80031e40        0x8 /n64_toolchain/lib/gcc/mips64-elf/13.1.0/../../../../mips64-elf/lib/libc.a(libc_a-mallocr.o)
                0x80031e40                __malloc_sbrk_base
                0x80031e44                __malloc_trim_threshold
 .sdata         0x80031e48        0x8 /n64_toolchain/lib/gcc/mips64-elf/13.1.0/../../../../mips64-elf/lib/libc.a(libc_a-vfprintf.o)
 .sdata         0x80031e50       0x10 /n64_toolchain/lib/gcc/mips64-elf/13.1.0/../../../../mips64-elf/lib/libc.a(libc_a-mprec.o)
 .sdata         0x80031e60        0x4 /n64_toolchain/lib/gcc/mips64-elf/13.1.0/../../../../mips64-elf/lib/libc.a(libc_a-impure.o)
                0x80031e60                _impure_ptr
 *(.sdata.*)
 .sdata.first_backtrace
                0x80031e64        0x1 /n64_toolchain/mips64-elf/lib/libdragon.a(inspector.o)
 *fill*         0x80031e65        0x3 
 .sdata.fpr_show_mode
                0x80031e68        0x4 /n64_toolchain/mips64-elf/lib/libdragon.a(inspector.o)
 .sdata.__exception_handler
                0x80031e6c        0x4 /n64_toolchain/mips64-elf/lib/libdragon.a(exception.o)
 .sdata.__bootcic
                0x80031e70        0x4 /n64_toolchain/mips64-elf/lib/libdragon.a(n64sys.o)
                0x80031e70                __bootcic
 .sdata.__interrupt_depth
                0x80031e74        0x4 /n64_toolchain/mips64-elf/lib/libdragon.a(interrupt.o)
 .sdata.SYMT_ROM
                0x80031e78        0x4 /n64_toolchain/mips64-elf/lib/libdragon.a(backtrace.o)
 .sdata.now_showing
                0x80031e7c        0x4 /n64_toolchain/mips64-elf/lib/libdragon.a(display.o)
 .sdata.__buffers